<html>
<body>
<pre>
<h1>µVision Build Log</h1>
<h2>Tool Versions:</h2>
IDE-Version: ¦ÌVision V5.39.0.0
Copyright (C) 2023 ARM Ltd and ARM Germany GmbH. All rights reserved.
License Information: XHB Akebi, Komichi, LIC=LSNXV-PJK7Y-JJP6S-L0L54-DHAEJ-7A869
 
Tool Versions:
Toolchain:       MDK-ARM Plus  Version: 5.39.0.0
Toolchain Path:  D:\keil5\ARM\ARMCC\Bin
C Compiler:      Armcc.exe V5.06 update 5 (build 528)
Assembler:       Armasm.exe V5.06 update 5 (build 528)
Linker/Locator:  ArmLink.exe V5.06 update 5 (build 528)
Library Manager: ArmAr.exe V5.06 update 5 (build 528)
Hex Converter:   FromElf.exe V5.06 update 5 (build 528)
CPU DLL:         SARMCM3.DLL V5.39.0.0
Dialog DLL:      DCM.DLL V1.17.5.0
Target DLL:      CMSIS_AGDI.dll V1.33.16.0
Dialog DLL:      TCM.DLL V1.56.4.0
 
<h2>Project:</h2>
C:\Users\Akebi\Desktop\mc32\qianru\15th\province\Akebi01\MDK-ARM\Akebi01.uvprojx
Project File Date:  01/25/2025

<h2>Output:</h2>
*** Using Compiler 'V5.06 update 5 (build 528)', folder: 'D:\keil5\ARM\ARMCC\Bin'
Build target 'Akebi01'
compiling lcd_bsp.c...
compiling main.c...
compiling stm32g4xx_it.c...
compiling adc_bsp.c...
compiling usart_bsp.c...
compiling usart.c...
compiling ringbuffer.c...
compiling komichi.c...
compiling lcd.c...
compiling akebi.c...
compiling tim_app.c...
compiling filter.c...
compiling led_bsp.c...
compiling key_bsp.c...
..\Akebi\key_bsp.c(83): warning:  #513-D: a value of type "int16_t *" cannot be assigned to an entity of type "uint16_t *"
        key_adc_point = &px;
..\Akebi\key_bsp.c: 1 warning, 0 errors
linking...
Program Size: Code=27592 RO-data=100000 RW-data=180 ZI-data=3684  
FromELF: creating hex file...
"Akebi01\Akebi01.axf" - 0 Error(s), 1 Warning(s).

<h2>Software Packages used:</h2>

Package Vendor: Keil
                http://www.keil.com/pack/Keil.STM32G4xx_DFP.1.2.0.pack
                Keil::STM32G4xx_DFP@1.2.0
                STMicroelectronics STM32G4 Series Device Support, Drivers and Examples

<h2>Collection of Component include folders:</h2>
  D:/keil5/ARM/PACK/Keil/STM32G4xx_DFP/1.2.0/Drivers/CMSIS/Device/ST/STM32G4xx/Include

<h2>Collection of Component Files used:</h2>
Build Time Elapsed:  00:00:10
</pre>
</body>
</html>
