Component: ARM Compiler 5.06 update 5 (build 528) Tool: armlink [4d35e2]

==============================================================================

Section Cross References

    startup_stm32g431xx.o(RESET) refers to startup_stm32g431xx.o(STACK) for __initial_sp
    startup_stm32g431xx.o(RESET) refers to startup_stm32g431xx.o(.text) for Reset_Handler
    startup_stm32g431xx.o(RESET) refers to stm32g4xx_it.o(i.NMI_Handler) for NMI_Handler
    startup_stm32g431xx.o(RESET) refers to stm32g4xx_it.o(i.HardFault_Handler) for HardFault_Handler
    startup_stm32g431xx.o(RESET) refers to stm32g4xx_it.o(i.MemManage_Handler) for MemManage_Handler
    startup_stm32g431xx.o(RESET) refers to stm32g4xx_it.o(i.BusFault_Handler) for BusFault_Handler
    startup_stm32g431xx.o(RESET) refers to stm32g4xx_it.o(i.UsageFault_Handler) for UsageFault_Handler
    startup_stm32g431xx.o(RESET) refers to stm32g4xx_it.o(i.SVC_Handler) for SVC_Handler
    startup_stm32g431xx.o(RESET) refers to stm32g4xx_it.o(i.DebugMon_Handler) for DebugMon_Handler
    startup_stm32g431xx.o(RESET) refers to stm32g4xx_it.o(i.PendSV_Handler) for PendSV_Handler
    startup_stm32g431xx.o(RESET) refers to stm32g4xx_it.o(i.SysTick_Handler) for SysTick_Handler
    startup_stm32g431xx.o(RESET) refers to stm32g4xx_it.o(i.DMA1_Channel1_IRQHandler) for DMA1_Channel1_IRQHandler
    startup_stm32g431xx.o(RESET) refers to stm32g4xx_it.o(i.DMA1_Channel2_IRQHandler) for DMA1_Channel2_IRQHandler
    startup_stm32g431xx.o(RESET) refers to stm32g4xx_it.o(i.DMA1_Channel3_IRQHandler) for DMA1_Channel3_IRQHandler
    startup_stm32g431xx.o(RESET) refers to stm32g4xx_it.o(i.DMA1_Channel4_IRQHandler) for DMA1_Channel4_IRQHandler
    startup_stm32g431xx.o(RESET) refers to stm32g4xx_it.o(i.ADC1_2_IRQHandler) for ADC1_2_IRQHandler
    startup_stm32g431xx.o(RESET) refers to stm32g4xx_it.o(i.USART1_IRQHandler) for USART1_IRQHandler
    startup_stm32g431xx.o(RESET) refers to stm32g4xx_it.o(i.DMA2_Channel4_IRQHandler) for DMA2_Channel4_IRQHandler
    startup_stm32g431xx.o(.text) refers to system_stm32g4xx.o(i.SystemInit) for SystemInit
    startup_stm32g431xx.o(.text) refers to entry.o(.ARM.Collect$$$$00000000) for __main
    main.o(i.LCD_ShowVerticalPicture) refers to lcd.o(i.LCD_SetCursor) for LCD_SetCursor
    main.o(i.LCD_ShowVerticalPicture) refers to lcd.o(i.LCD_WriteRAM_Prepare) for LCD_WriteRAM_Prepare
    main.o(i.LCD_ShowVerticalPicture) refers to lcd.o(i.LCD_WriteRAM) for LCD_WriteRAM
    main.o(i.LCD_ShowcrosswisePicture) refers to lcd.o(i.LCD_SetCursor) for LCD_SetCursor
    main.o(i.LCD_ShowcrosswisePicture) refers to lcd.o(i.LCD_WriteRAM_Prepare) for LCD_WriteRAM_Prepare
    main.o(i.LCD_ShowcrosswisePicture) refers to lcd.o(i.LCD_WriteRAM) for LCD_WriteRAM
    main.o(i.SystemClock_Config) refers to memseta.o(.text) for __aeabi_memclr4
    main.o(i.SystemClock_Config) refers to stm32g4xx_hal_pwr_ex.o(i.HAL_PWREx_ControlVoltageScaling) for HAL_PWREx_ControlVoltageScaling
    main.o(i.SystemClock_Config) refers to stm32g4xx_hal_rcc.o(i.HAL_RCC_OscConfig) for HAL_RCC_OscConfig
    main.o(i.SystemClock_Config) refers to main.o(i.Error_Handler) for Error_Handler
    main.o(i.SystemClock_Config) refers to stm32g4xx_hal_rcc.o(i.HAL_RCC_ClockConfig) for HAL_RCC_ClockConfig
    main.o(i.main) refers to stm32g4xx_hal.o(i.HAL_Init) for HAL_Init
    main.o(i.main) refers to main.o(i.SystemClock_Config) for SystemClock_Config
    main.o(i.main) refers to gpio.o(i.MX_GPIO_Init) for MX_GPIO_Init
    main.o(i.main) refers to dma.o(i.MX_DMA_Init) for MX_DMA_Init
    main.o(i.main) refers to usart.o(i.MX_USART1_UART_Init) for MX_USART1_UART_Init
    main.o(i.main) refers to adc.o(i.MX_ADC1_Init) for MX_ADC1_Init
    main.o(i.main) refers to adc.o(i.MX_ADC2_Init) for MX_ADC2_Init
    main.o(i.main) refers to tim.o(i.MX_TIM2_Init) for MX_TIM2_Init
    main.o(i.main) refers to tim.o(i.MX_TIM3_Init) for MX_TIM3_Init
    main.o(i.main) refers to akebi.o(i.akebi_init) for akebi_init
    main.o(i.main) refers to stm32g4xx_hal_tim.o(i.HAL_TIM_IC_Start_DMA) for HAL_TIM_IC_Start_DMA
    main.o(i.main) refers to stm32g4xx_hal_adc_ex.o(i.HAL_ADCEx_Calibration_Start) for HAL_ADCEx_Calibration_Start
    main.o(i.main) refers to key_bsp.o(i.key_init) for key_init
    main.o(i.main) refers to lcd.o(i.LCD_Init) for LCD_Init
    main.o(i.main) refers to lcd.o(i.LCD_SetBackColor) for LCD_SetBackColor
    main.o(i.main) refers to lcd.o(i.LCD_SetTextColor) for LCD_SetTextColor
    main.o(i.main) refers to lcd.o(i.LCD_Clear) for LCD_Clear
    main.o(i.main) refers to main.o(i.LCD_ShowcrosswisePicture) for LCD_ShowcrosswisePicture
    main.o(i.main) refers to stm32g4xx_hal_adc.o(i.HAL_ADC_Start_DMA) for HAL_ADC_Start_DMA
    main.o(i.main) refers to komichi.o(i.scheduler_init) for scheduler_init
    main.o(i.main) refers to ringbuffer.o(i.ringbuffer_init) for ringbuffer_init
    main.o(i.main) refers to tim_app.o(.bss) for tim_ic_buffer1
    main.o(i.main) refers to tim.o(.bss) for htim3
[...]
    i.HAL_NVIC_SetPriority                   0x080021d0   Section        0  stm32g4xx_hal_cortex.o(i.HAL_NVIC_SetPriority)
    i.HAL_NVIC_SetPriorityGrouping           0x0800224c   Section        0  stm32g4xx_hal_cortex.o(i.HAL_NVIC_SetPriorityGrouping)
    i.HAL_PWREx_ControlVoltageScaling        0x08002274   Section        0  stm32g4xx_hal_pwr_ex.o(i.HAL_PWREx_ControlVoltageScaling)
    i.HAL_PWREx_DisableUCPDDeadBattery       0x0800238c   Section        0  stm32g4xx_hal_pwr_ex.o(i.HAL_PWREx_DisableUCPDDeadBattery)
    i.HAL_RCCEx_PeriphCLKConfig              0x080023a0   Section        0  stm32g4xx_hal_rcc_ex.o(i.HAL_RCCEx_PeriphCLKConfig)
    i.HAL_RCC_ClockConfig                    0x08002710   Section        0  stm32g4xx_hal_rcc.o(i.HAL_RCC_ClockConfig)
    i.HAL_RCC_GetHCLKFreq                    0x08002934   Section        0  stm32g4xx_hal_rcc.o(i.HAL_RCC_GetHCLKFreq)
    i.HAL_RCC_GetPCLK1Freq                   0x08002940   Section        0  stm32g4xx_hal_rcc.o(i.HAL_RCC_GetPCLK1Freq)
    i.HAL_RCC_GetPCLK2Freq                   0x08002964   Section        0  stm32g4xx_hal_rcc.o(i.HAL_RCC_GetPCLK2Freq)
    i.HAL_RCC_GetSysClockFreq                0x08002988   Section        0  stm32g4xx_hal_rcc.o(i.HAL_RCC_GetSysClockFreq)
    i.HAL_RCC_OscConfig                      0x08002a20   Section        0  stm32g4xx_hal_rcc.o(i.HAL_RCC_OscConfig)
    i.HAL_SYSTICK_Config                     0x08002f7c   Section        0  stm32g4xx_hal_cortex.o(i.HAL_SYSTICK_Config)
    i.HAL_TIMEx_MasterConfigSynchronization  0x08002fb0   Section        0  stm32g4xx_hal_tim_ex.o(i.HAL_TIMEx_MasterConfigSynchronization)
    i.HAL_TIM_Base_Init                      0x08003068   Section        0  stm32g4xx_hal_tim.o(i.HAL_TIM_Base_Init)
    i.HAL_TIM_Base_MspInit                   0x080030d8   Section        0  tim.o(i.HAL_TIM_Base_MspInit)
    i.HAL_TIM_ConfigClockSource              0x08003234   Section        0  stm32g4xx_hal_tim.o(i.HAL_TIM_ConfigClockSource)
    i.HAL_TIM_ErrorCallback                  0x08003368   Section        0  stm32g4xx_hal_tim.o(i.HAL_TIM_ErrorCallback)
    i.HAL_TIM_IC_CaptureCallback             0x0800336a   Section        0  stm32g4xx_hal_tim.o(i.HAL_TIM_IC_CaptureCallback)
    i.HAL_TIM_IC_CaptureHalfCpltCallback     0x0800336c   Section        0  stm32g4xx_hal_tim.o(i.HAL_TIM_IC_CaptureHalfCpltCallback)
    i.HAL_TIM_IC_ConfigChannel               0x0800336e   Section        0  stm32g4xx_hal_tim.o(i.HAL_TIM_IC_ConfigChannel)
    i.HAL_TIM_IC_Init                        0x0800344c   Section        0  stm32g4xx_hal_tim.o(i.HAL_TIM_IC_Init)
    i.HAL_TIM_IC_MspInit                     0x080034ba   Section        0  stm32g4xx_hal_tim.o(i.HAL_TIM_IC_MspInit)
    i.HAL_TIM_IC_Start_DMA                   0x080034bc   Section        0  stm32g4xx_hal_tim.o(i.HAL_TIM_IC_Start_DMA)
    i.HAL_TIM_SlaveConfigSynchro             0x0800373c   Section        0  stm32g4xx_hal_tim.o(i.HAL_TIM_SlaveConfigSynchro)
    i.HAL_UARTEx_DisableFifoMode             0x080037a8   Section        0  stm32g4xx_hal_uart_ex.o(i.HAL_UARTEx_DisableFifoMode)
    i.HAL_UARTEx_ReceiveToIdle_DMA           0x080037f6   Section        0  stm32g4xx_hal_uart_ex.o(i.HAL_UARTEx_ReceiveToIdle_DMA)
    i.HAL_UARTEx_RxEventCallback             0x08003858   Section        0  usart_bsp.o(i.HAL_UARTEx_RxEventCallback)
    i.HAL_UARTEx_RxFifoFullCallback          0x08003884   Section        0  stm32g4xx_hal_uart_ex.o(i.HAL_UARTEx_RxFifoFullCallback)
    i.HAL_UARTEx_SetRxFifoThreshold          0x08003886   Section        0  stm32g4xx_hal_uart_ex.o(i.HAL_UARTEx_SetRxFifoThreshold)
    i.HAL_UARTEx_SetTxFifoThreshold          0x080038e4   Section        0  stm32g4xx_hal_uart_ex.o(i.HAL_UARTEx_SetTxFifoThreshold)
    i.HAL_UARTEx_TxFifoEmptyCallback         0x08003942   Section        0  stm32g4xx_hal_uart_ex.o(i.HAL_UARTEx_TxFifoEmptyCallback)
    i.HAL_UARTEx_WakeupCallback              0x08003944   Section        0  stm32g4xx_hal_uart_ex.o(i.HAL_UARTEx_WakeupCallback)
    i.HAL_UART_ErrorCallback                 0x08003946   Section        0  stm32g4xx_hal_uart.o(i.HAL_UART_ErrorCallback)
    i.HAL_UART_IRQHandler                    0x08003948   Section        0  stm32g4xx_hal_uart.o(i.HAL_UART_IRQHandler)
    i.HAL_UART_Init                          0x08003cec   Section        0  stm32g4xx_hal_uart.o(i.HAL_UART_Init)
    i.HAL_UART_MspInit                       0x08003d64   Section        0  usart.o(i.HAL_UART_MspInit)
    i.HAL_UART_Receive_IT                    0x08003e48   Section        0  stm32g4xx_hal_uart.o(i.HAL_UART_Receive_IT)
    i.HAL_UART_RxCpltCallback                0x08003ea4   Section        0  stm32g4xx_hal_uart.o(i.HAL_UART_RxCpltCallback)
    i.HAL_UART_RxHalfCpltCallback            0x08003ea6   Section        0  stm32g4xx_hal_uart.o(i.HAL_UART_RxHalfCpltCallback)
    i.HAL_UART_TxCpltCallback                0x08003ea8   Section        0  stm32g4xx_hal_uart.o(i.HAL_UART_TxCpltCallback)
    i.HardFault_Handler                      0x08003eaa   Section        0  stm32g4xx_it.o(i.HardFault_Handler)
    i.LCD_BusIn                              0x08003eb0   Section        0  lcd.o(i.LCD_BusIn)
    i.LCD_BusOut                             0x08003ee0   Section        0  lcd.o(i.LCD_BusOut)
    i.LCD_Clear                              0x08003f10   Section        0  lcd.o(i.LCD_Clear)
    i.LCD_CtrlLinesConfig                    0x08003f38   Section        0  lcd.o(i.LCD_CtrlLinesConfig)
    i.LCD_Init                               0x08003ffc   Section        0  lcd.o(i.LCD_Init)
    i.LCD_ReadReg                            0x08004034   Section        0  lcd.o(i.LCD_ReadReg)
    i.LCD_SetBackColor                       0x080040e0   Section        0  lcd.o(i.LCD_SetBackColor)
    i.LCD_SetCursor                          0x080040f0   Section        0  lcd.o(i.LCD_SetCursor)
    i.LCD_SetTextColor                       0x08004108   Section        0  lcd.o(i.LCD_SetTextColor)
    i.LCD_ShowcrosswisePicture               0x08004118   Section        0  main.o(i.LCD_ShowcrosswisePicture)
    i.LCD_WriteRAM                           0x0800418c   Section        0  lcd.o(i.LCD_WriteRAM)
    i.LCD_WriteRAM_Prepare                   0x08004204   Section        0  lcd.o(i.LCD_WriteRAM_Prepare)
    i.LCD_WriteReg                           0x0800427c   Section        0  lcd.o(i.LCD_WriteReg)
    i.LL_ADC_Enable                          0x0800430c   Section        0  stm32g4xx_hal_adc.o(i.LL_ADC_Enable)
    LL_ADC_Enable                            0x0800430d   Thumb Code    12  stm32g4xx_hal_adc.o(i.LL_ADC_Enable)
    i.LL_ADC_GetMultimode                    0x0800431c   Section        0  stm32g4xx_hal_adc.o(i.LL_ADC_GetMultimode)
    LL_ADC_GetMultimode                      0x0800431d   Thumb Code    10  stm32g4xx_hal_adc.o(i.LL_ADC_GetMultimode)
    i.LL_ADC_GetOffsetChannel                0x08004326   Section        0  stm32g4xx_hal_adc.o(i.LL_ADC_GetOffsetChannel)
    LL_ADC_GetOffsetChannel                  0x08004327   Thumb Code    18  stm32g4xx_hal_adc.o(i.LL_ADC_GetOffsetChannel)
    i.LL_ADC_INJ_IsConversionOngoing         0x08004338   Section        0  stm32g4xx_hal_adc.o(i.LL_ADC_INJ_IsConversionOngoing)
    LL_ADC_INJ_IsConversionOngoing           0x08004339   Thumb Code    10  stm32g4xx_hal_adc.o(i.LL_ADC_INJ_IsConversionOngoing)
    i.LL_ADC_IsDisableOngoing                0x08004342   Section        0  stm32g4xx_hal_adc.o(i.LL_ADC_IsDisableOngoing)
    LL_ADC_IsDisableOngoing                  0x08004343   Thumb Code    10  stm32g4xx_hal_adc.o(i.LL_ADC_IsDisableOngoing)
    i.LL_ADC_IsEnabled                       0x0800434c   Section        0  stm32g4xx_hal_adc.o(i.LL_ADC_IsEnabled)
    LL_ADC_IsEnabled                         0x0800434d   Thumb Code    10  stm32g4xx_hal_adc.o(i.LL_ADC_IsEnabled)
    i.LL_ADC_IsEnabled                       0x08004356   Section        0  stm32g4xx_hal_adc_ex.o(i.LL_ADC_IsEnabled)
    LL_ADC_IsEnabled                         0x08004357   Thumb Code    10  stm32g4xx_hal_adc_ex.o(i.LL_ADC_IsEnabled)
    i.LL_ADC_IsInternalRegulatorEnabled      0x08004360   Section        0  stm32g4xx_hal_adc.o(i.LL_ADC_IsInternalRegulatorEnabled)
    LL_ADC_IsInternalRegulatorEnabled        0x08004361   Thumb Code    10  stm32g4xx_hal_adc.o(i.LL_ADC_IsInternalRegulatorEnabled)
    i.LL_ADC_REG_IsConversionOngoing         0x0800436a   Section        0  stm32g4xx_hal_adc.o(i.LL_ADC_REG_IsConversionOngoing)
    LL_ADC_REG_IsConversionOngoing           0x0800436b   Thumb Code    10  stm32g4xx_hal_adc.o(i.LL_ADC_REG_IsConversionOngoing)
    i.LL_ADC_REG_IsConversionOngoing         0x08004374   Section        0  stm32g4xx_hal_adc_ex.o(i.LL_ADC_REG_IsConversionOngoing)
    LL_ADC_REG_IsConversionOngoing           0x08004375   Thumb Code    10  stm32g4xx_hal_adc_ex.o(i.LL_ADC_REG_IsConversionOngoing)
    i.LL_ADC_REG_IsTriggerSourceSWStart      0x0800437e   Section        0  stm32g4xx_hal_adc.o(i.LL_ADC_REG_IsTriggerSourceSWStart)
    LL_ADC_REG_IsTriggerSourceSWStart        0x0800437f   Thumb Code    18  stm32g4xx_hal_adc.o(i.LL_ADC_REG_IsTriggerSourceSWStart)
    i.LL_ADC_REG_StartConversion             0x08004390   Section        0  stm32g4xx_hal_adc.o(i.LL_ADC_REG_StartConversion)
    LL_ADC_REG_StartConversion               0x08004391   Thumb Code    12  stm32g4xx_hal_adc.o(i.LL_ADC_REG_StartConversion)
    i.LL_ADC_SetChannelSamplingTime          0x080043a0   Section        0  stm32g4xx_hal_adc.o(i.LL_ADC_SetChannelSamplingTime)
    LL_ADC_SetChannelSamplingTime            0x080043a1   Thumb Code    40  stm32g4xx_hal_adc.o(i.LL_ADC_SetChannelSamplingTime)
    i.LL_ADC_SetCommonPathInternalCh         0x080043c8   Section        0  stm32g4xx_hal_adc.o(i.LL_ADC_SetCommonPathInternalCh)
    LL_ADC_SetCommonPathInternalCh           0x080043c9   Thumb Code    12  stm32g4xx_hal_adc.o(i.LL_ADC_SetCommonPathInternalCh)
    i.LL_ADC_SetOffsetState                  0x080043d4   Section        0  stm32g4xx_hal_adc.o(i.LL_ADC_SetOffsetState)
    LL_ADC_SetOffsetState                    0x080043d5   Thumb Code    22  stm32g4xx_hal_adc.o(i.LL_ADC_SetOffsetState)
    i.LL_ADC_SetSamplingTimeCommonConfig     0x080043ea   Section        0  stm32g4xx_hal_adc.o(i.LL_ADC_SetSamplingTimeCommonConfig)
    LL_ADC_SetSamplingTimeCommonConfig       0x080043eb   Thumb Code    12  stm32g4xx_hal_adc.o(i.LL_ADC_SetSamplingTimeCommonConfig)
    i.MX_ADC1_Init                           0x080043f8   Section        0  adc.o(i.MX_ADC1_Init)
    i.MX_ADC2_Init                           0x0800449c   Section        0  adc.o(i.MX_ADC2_Init)
    i.MX_DMA_Init                            0x08004528   Section        0  dma.o(i.MX_DMA_Init)
    i.MX_GPIO_Init                           0x080045d0   Section        0  gpio.o(i.MX_GPIO_Init)
    i.MX_TIM2_Init                           0x08004710   Section        0  tim.o(i.MX_TIM2_Init)
    i.MX_TIM3_Init                           0x080047d4   Section        0  tim.o(i.MX_TIM3_Init)
    i.MX_USART1_UART_Init                    0x0800489c   Section        0  usart.o(i.MX_USART1_UART_Init)
    i.MemManage_Handler                      0x08004938   Section        0  stm32g4xx_it.o(i.MemManage_Handler)
    i.NMI_Handler                            0x0800493c   Section        0  stm32g4xx_it.o(i.NMI_Handler)
    i.PendSV_Handler                         0x08004940   Section        0  stm32g4xx_it.o(i.PendSV_Handler)
    i.RCC_GetSysClockFreqFromPLLSource       0x08004944   Section        0  stm32g4xx_hal_rcc.o(i.RCC_GetSysClockFreqFromPLLSource)
    RCC_GetSysClockFreqFromPLLSource         0x08004945   Thumb Code    90  stm32g4xx_hal_rcc.o(i.RCC_GetSysClockFreqFromPLLSource)
    i.REG_8230_Init                          0x080049ac   Section        0  lcd.o(i.REG_8230_Init)
    i.REG_932X_Init                          0x08004acc   Section        0  lcd.o(i.REG_932X_Init)
    i.SVC_Handler                            0x08004ccc   Section        0  stm32g4xx_it.o(i.SVC_Handler)
    i.SysTick_Handler                        0x08004cce   Section        0  stm32g4xx_it.o(i.SysTick_Handler)
    i.SystemClock_Config                     0x08004cd6   Section        0  main.o(i.SystemClock_Config)
    i.SystemInit                             0x08004d40   Section        0  system_stm32g4xx.o(i.SystemInit)
    i.TIM_Base_SetConfig                     0x08004d54   Section        0  stm32g4xx_hal_tim.o(i.TIM_Base_SetConfig)
    i.TIM_CCxChannelCmd                      0x08004e20   Section        0  stm32g4xx_hal_tim.o(i.TIM_CCxChannelCmd)
    i.TIM_DMACaptureCplt                     0x08004e42   Section        0  stm32g4xx_hal_tim.o(i.TIM_DMACaptureCplt)
    i.TIM_DMACaptureHalfCplt                 0x08004ebc   Section        0  stm32g4xx_hal_tim.o(i.TIM_DMACaptureHalfCplt)
    i.TIM_DMAError                           0x08004efc   Section        0  stm32g4xx_hal_tim.o(i.TIM_DMAError)
    i.TIM_ETR_SetConfig                      0x08004f5a   Section        0  stm32g4xx_hal_tim.o(i.TIM_ETR_SetConfig)
    i.TIM_ITRx_SetConfig                     0x08004f70   Section        0  stm32g4xx_hal_tim.o(i.TIM_ITRx_SetConfig)
    TIM_ITRx_SetConfig                       0x08004f71   Thumb Code    18  stm32g4xx_hal_tim.o(i.TIM_ITRx_SetConfig)
    i.TIM_SlaveTimer_SetConfig               0x08004f88   Section        0  stm32g4xx_hal_tim.o(i.TIM_SlaveTimer_SetConfig)
    TIM_SlaveTimer_SetConfig                 0x08004f89   Thumb Code   248  stm32g4xx_hal_tim.o(i.TIM_SlaveTimer_SetConfig)
    i.TIM_TI1_ConfigInputStage               0x0800508c   Section        0  stm32g4xx_hal_tim.o(i.TIM_TI1_ConfigInputStage)
    TIM_TI1_ConfigInputStage                 0x0800508d   Thumb Code    38  stm32g4xx_hal_tim.o(i.TIM_TI1_ConfigInputStage)
    i.TIM_TI1_SetConfig                      0x080050b4   Section        0  stm32g4xx_hal_tim.o(i.TIM_TI1_SetConfig)
    i.TIM_TI2_ConfigInputStage               0x08005130   Section        0  stm32g4xx_hal_tim.o(i.TIM_TI2_ConfigInputStage)
    TIM_TI2_ConfigInputStage                 0x08005131   Thumb Code    40  stm32g4xx_hal_tim.o(i.TIM_TI2_ConfigInputStage)
    i.TIM_TI2_SetConfig                      0x08005158   Section        0  stm32g4xx_hal_tim.o(i.TIM_TI2_SetConfig)
    TIM_TI2_SetConfig                        0x08005159   Thumb Code    58  stm32g4xx_hal_tim.o(i.TIM_TI2_SetConfig)
    i.TIM_TI3_SetConfig                      0x08005192   Section        0  stm32g4xx_hal_tim.o(i.TIM_TI3_SetConfig)
    TIM_TI3_SetConfig                        0x08005193   Thumb Code    56  stm32g4xx_hal_tim.o(i.TIM_TI3_SetConfig)
    i.TIM_TI4_SetConfig                      0x080051ca   Section        0  stm32g4xx_hal_tim.o(i.TIM_TI4_SetConfig)
    TIM_TI4_SetConfig                        0x080051cb   Thumb Code    60  stm32g4xx_hal_tim.o(i.TIM_TI4_SetConfig)
    i.UARTEx_SetNbDataToProcess              0x08005208   Section        0  stm32g4xx_hal_uart_ex.o(i.UARTEx_SetNbDataToProcess)
    UARTEx_SetNbDataToProcess                0x08005209   Thumb Code    78  stm32g4xx_hal_uart_ex.o(i.UARTEx_SetNbDataToProcess)
    i.UART_AdvFeatureConfig                  0x08005260   Section        0  stm32g4xx_hal_uart.o(i.UART_AdvFeatureConfig)
    i.UART_CheckIdleState                    0x08005358   Section        0  stm32g4xx_hal_uart.o(i.UART_CheckIdleState)
    i.UART_DMAAbortOnError                   0x08005442   Section        0  stm32g4xx_hal_uart.o(i.UART_DMAAbortOnError)
    UART_DMAAbortOnError                     0x08005443   Thumb Code    24  stm32g4xx_hal_uart.o(i.UART_DMAAbortOnError)
    i.UART_DMAError                          0x0800545a   Section        0  stm32g4xx_hal_uart.o(i.UART_DMAError)
    UART_DMAError                            0x0800545b   Thumb Code    94  stm32g4xx_hal_uart.o(i.UART_DMAError)
    i.UART_DMAReceiveCplt                    0x080054b8   Section        0  stm32g4xx_hal_uart.o(i.UART_DMAReceiveCplt)
    UART_DMAReceiveCplt                      0x080054b9   Thumb Code   180  stm32g4xx_hal_uart.o(i.UART_DMAReceiveCplt)
    i.UART_DMARxHalfCplt                     0x0800556c   Section        0  stm32g4xx_hal_uart.o(i.UART_DMARxHalfCplt)
    UART_DMARxHalfCplt                       0x0800556d   Thumb Code    38  stm32g4xx_hal_uart.o(i.UART_DMARxHalfCplt)
    i.UART_EndRxTransfer                     0x08005594   Section        0  stm32g4xx_hal_uart.o(i.UART_EndRxTransfer)
    UART_EndRxTransfer                       0x08005595   Thumb Code   104  stm32g4xx_hal_uart.o(i.UART_EndRxTransfer)
    i.UART_EndTransmit_IT                    0x08005600   Section        0  stm32g4xx_hal_uart.o(i.UART_EndTransmit_IT)
    UART_EndTransmit_IT                      0x08005601   Thumb Code    48  stm32g4xx_hal_uart.o(i.UART_EndTransmit_IT)
    i.UART_EndTxTransfer                     0x08005630   Section        0  stm32g4xx_hal_uart.o(i.UART_EndTxTransfer)
    UART_EndTxTransfer                       0x08005631   Thumb Code    64  stm32g4xx_hal_uart.o(i.UART_EndTxTransfer)
    i.UART_RxISR_16BIT                       0x08005670   Section        0  stm32g4xx_hal_uart.o(i.UART_RxISR_16BIT)
    UART_RxISR_16BIT                         0x08005671   Thumb Code   256  stm32g4xx_hal_uart.o(i.UART_RxISR_16BIT)
    i.UART_RxISR_16BIT_FIFOEN                0x08005774   Section        0  stm32g4xx_hal_uart.o(i.UART_RxISR_16BIT_FIFOEN)
    UART_RxISR_16BIT_FIFOEN                  0x08005775   Thumb Code   494  stm32g4xx_hal_uart.o(i.UART_RxISR_16BIT_FIFOEN)
    i.UART_RxISR_8BIT                        0x08005970   Section        0  stm32g4xx_hal_uart.o(i.UART_RxISR_8BIT)
    UART_RxISR_8BIT                          0x08005971   Thumb Code   254  stm32g4xx_hal_uart.o(i.UART_RxISR_8BIT)
    i.UART_RxISR_8BIT_FIFOEN                 0x08005a74   Section        0  stm32g4xx_hal_uart.o(i.UART_RxISR_8BIT_FIFOEN)
    UART_RxISR_8BIT_FIFOEN                   0x08005a75   Thumb Code   492  stm32g4xx_hal_uart.o(i.UART_RxISR_8BIT_FIFOEN)
    i.UART_SetConfig                         0x08005c6c   Section        0  stm32g4xx_hal_uart.o(i.UART_SetConfig)
    i.UART_Start_Receive_DMA                 0x08005ff0   Section        0  stm32g4xx_hal_uart.o(i.UART_Start_Receive_DMA)
    i.UART_Start_Receive_IT                  0x080060b8   Section        0  stm32g4xx_hal_uart.o(i.UART_Start_Receive_IT)
    i.UART_WaitOnFlagUntilTimeout            0x08006214   Section        0  stm32g4xx_hal_uart.o(i.UART_WaitOnFlagUntilTimeout)
    i.USART1_IRQHandler                      0x080062c0   Section        0  stm32g4xx_it.o(i.USART1_IRQHandler)
    i.UsageFault_Handler                     0x080062f0   Section        0  stm32g4xx_it.o(i.UsageFault_Handler)
    i.__NVIC_GetPriorityGrouping             0x080062f4   Section        0  stm32g4xx_hal_cortex.o(i.__NVIC_GetPriorityGrouping)
    __NVIC_GetPriorityGrouping               0x080062f5   Thumb Code    10  stm32g4xx_hal_cortex.o(i.__NVIC_GetPriorityGrouping)
    i.__NVIC_SetPriority                     0x08006304   Section        0  stm32g4xx_hal_cortex.o(i.__NVIC_SetPriority)
    __NVIC_SetPriority                       0x08006305   Thumb Code    32  stm32g4xx_hal_cortex.o(i.__NVIC_SetPriority)
    i.__scatterload_copy                     0x0800632c   Section       14  handlers.o(i.__scatterload_copy)
    i.__scatterload_null                     0x0800633a   Section        2  handlers.o(i.__scatterload_null)
    i.__scatterload_zeroinit                 0x0800633c   Section       14  handlers.o(i.__scatterload_zeroinit)
    i.adc_proc                               0x0800634c   Section        0  adc_bsp.o(i.adc_proc)
    i.akebi_init                             0x080063c0   Section        0  akebi.o(i.akebi_init)
    i.cheak_fluse_change                     0x080063fc   Section        0  tim_app.o(i.cheak_fluse_change)
    i.ic_proc                                0x08006578   Section        0  tim_app.o(i.ic_proc)
    i.key_init                               0x08006748   Section        0  key_bsp.o(i.key_init)
    i.key_proc                               0x080067a4   Section        0  key_bsp.o(i.key_proc)
    i.key_read                               0x0800691c   Section        0  key_bsp.o(i.key_read)
    i.led_disp                               0x0800695c   Section        0  led_bsp.o(i.led_disp)
    i.led_proc                               0x080069c0   Section        0  led_bsp.o(i.led_proc)
    i.limit_value                            0x08006a3c   Section        0  filter.o(i.limit_value)
    i.main                                   0x08006a68   Section        0  main.o(i.main)
    i.ringbuffer_fluse_init                  0x08006b2c   Section        0  tim_app.o(i.ringbuffer_fluse_init)
    i.ringbuffer_init                        0x08006c34   Section        0  ringbuffer.o(i.ringbuffer_init)
    i.ringbuffer_is_empty                    0x08006c4e   Section        0  ringbuffer.o(i.ringbuffer_is_empty)
    i.ringbuffer_is_full                     0x08006c5c   Section        0  ringbuffer.o(i.ringbuffer_is_full)
    i.ringbuffer_read                        0x08006c6c   Section        0  ringbuffer.o(i.ringbuffer_read)
    i.ringbuffer_write                       0x08006cb0   Section        0  ringbuffer.o(i.ringbuffer_write)
    i.scheduler_init                         0x08006cf4   Section        0  komichi.o(i.scheduler_init)
    i.usart_proc                             0x08006d00   Section        0  usart_bsp.o(i.usart_proc)
    .constdata                               0x08006da0   Section    99368  main.o(.constdata)
    .constdata                               0x0801f1c8   Section       24  stm32g4xx_hal_uart.o(.constdata)
    .constdata                               0x0801f1e0   Section       16  stm32g4xx_hal_uart_ex.o(.constdata)
    numerator                                0x0801f1e0   Data           8  stm32g4xx_hal_uart_ex.o(.constdata)
    denominator                              0x0801f1e8   Data           8  stm32g4xx_hal_uart_ex.o(.constdata)
    .constdata                               0x0801f1f0   Section       24  system_stm32g4xx.o(.constdata)
    .constdata                               0x0801f208   Section       64  ctype_c.o(.constdata)
    .data                                    0x20000000   Section        4  adc.o(.data)
    HAL_RCC_ADC12_CLK_ENABLED                0x20000000   Data           4  adc.o(.data)
    .data                                    0x20000004   Section       12  stm32g4xx_hal.o(.data)
    .data                                    0x20000010   Section        4  system_stm32g4xx.o(.data)
    .data                                    0x20000014   Section       68  komichi.o(.data)
    scheduler_task                           0x2000001c   Data          60  komichi.o(.data)
    .data                                    0x20000058   Section        9  led_bsp.o(.data)
    temp_old                                 0x20000060   Data           1  led_bsp.o(.data)
    .data                                    0x20000064   Section       16  key_bsp.o(.data)
    .data                                    0x20000074   Section        6  lcd.o(.data)
    TextColor                                0x20000074   Data           2  lcd.o(.data)
    BackColor                                0x20000076   Data           2  lcd.o(.data)
    .data                                    0x2000007a   Section       20  lcd_bsp.o(.data)
    .data                                    0x20000090   Section        8  adc_bsp.o(.data)
    .data                                    0x20000098   Section       28  tim_app.o(.data)
    .bss                                     0x200000b4   Section      408  adc.o(.bss)
    .bss                                     0x2000024c   Section      344  tim.o(.bss)
    .bss                                     0x200003a4   Section      500  usart.o(.bss)
    .bss                                     0x20000598   Section       64  key_bsp.o(.bss)
    .bss                                     0x200005d8   Section      108  usart_bsp.o(.bss)
    .bss                                     0x20000644   Section      240  adc_bsp.o(.bss)
    .bss                                     0x20000734   Section      992  tim_app.o(.bss)
    STACK                                    0x20000b18   Section     1024  startup_stm32g431xx.o(STACK)

    Global Symbols

    Symbol Name                              Value     Ov Type        Size  Object(Section)

    BuildAttributes$$THM_ISAv4$E$P$D$K$B$S$7EM$VFPi3$EXTD16$VFPS$VFMA$PE$A:L22UL41UL21$X:L11$S22US41US21$IEEE1$IW$USESV6$~STKCKD$USESV7$~SHL$OSPACE$ROPI$EBA8$MICROLIB$REQ8$PRES8$EABIv2 0x00000000   Number         0  anon$$obj.o ABSOLUTE
    __ARM_use_no_argv                        0x00000000   Number         0  main.o ABSOLUTE
    __cpp_initialize__aeabi_                  - Undefined Weak Reference
    __cxa_finalize                            - Undefined Weak Reference
    __decompress                              - Undefined Weak Reference
    _clock_init                               - Undefined Weak Reference
    _microlib_exit                            - Undefined Weak Reference
    _scanf_longlong                           - Undefined Weak Reference
    _scanf_real                               - Undefined Weak Reference
    _scanf_string                             - Undefined Weak Reference
    __Vectors_Size                           0x000001d8   Number         0  startup_stm32g431xx.o ABSOLUTE
    __Vectors                                0x08000000   Data           4  startup_stm32g431xx.o(RESET)
    __Vectors_End                            0x080001d8   Data           0  startup_stm32g431xx.o(RESET)
    __main                                   0x080001d9   Thumb Code     0  entry.o(.ARM.Collect$$$$00000000)
    _main_stk                                0x080001d9   Thumb Code     0  entry2.o(.ARM.Collect$$$$00000001)
    _main_scatterload                        0x080001dd   Thumb Code     0  entry5.o(.ARM.Collect$$$$00000004)
    __main_after_scatterload                 0x080001e1   Thumb Code     0  entry5.o(.ARM.Collect$$$$00000004)
    _main_clock                              0x080001e1   Thumb Code     0  entry7b.o(.ARM.Collect$$$$00000008)
    _main_cpp_init                           0x080001e1   Thumb Code     0  entry8b.o(.ARM.Collect$$$$0000000A)
    _main_init                               0x080001e1   Thumb Code     0  entry9a.o(.ARM.Collect$$$$0000000B)
    __rt_final_cpp                           0x080001e9   Thumb Code     0  entry10a.o(.ARM.Collect$$$$0000000D)
    __rt_final_exit                          0x080001e9   Thumb Code     0  entry11a.o(.ARM.Collect$$$$0000000F)
    Reset_Handler                            0x080001ed   Thumb Code     8  startup_stm32g431xx.o(.text)
    COMP1_2_3_IRQHandler                     0x08000207   Thumb Code     0  startup_stm32g431xx.o(.text)
    COMP4_IRQHandler                         0x08000207   Thumb Code     0  startup_stm32g431xx.o(.text)
    CORDIC_IRQHandler                        0x08000207   Thumb Code     0  startup_stm32g431xx.o(.text)
    CRS_IRQHandler                           0x08000207   Thumb Code     0  startup_stm32g431xx.o(.text)
    DMA1_Channel5_IRQHandler                 0x08000207   Thumb Code     0  startup_stm32g431xx.o(.text)
    DMA1_Channel6_IRQHandler                 0x08000207   Thumb Code     0  startup_stm32g431xx.o(.text)
    DMA2_Channel1_IRQHandler                 0x08000207   Thumb Code     0  startup_stm32g431xx.o(.text)
    DMA2_Channel2_IRQHandler                 0x08000207   Thumb Code     0  startup_stm32g431xx.o(.text)
    DMA2_Channel3_IRQHandler                 0x08000207   Thumb Code     0  startup_stm32g431xx.o(.text)
    DMA2_Channel5_IRQHandler                 0x08000207   Thumb Code     0  startup_stm32g431xx.o(.text)
    DMA2_Channel6_IRQHandler                 0x08000207   Thumb Code     0  startup_stm32g431xx.o(.text)
    DMAMUX_OVR_IRQHandler                    0x08000207   Thumb Code     0  startup_stm32g431xx.o(.text)
    EXTI0_IRQHandler                         0x08000207   Thumb Code     0  startup_stm32g431xx.o(.text)
    EXTI15_10_IRQHandler                     0x08000207   Thumb Code     0  startup_stm32g431xx.o(.text)
    EXTI1_IRQHandler                         0x08000207   Thumb Code     0  startup_stm32g431xx.o(.text)
    EXTI2_IRQHandler                         0x08000207   Thumb Code     0  startup_stm32g431xx.o(.text)
    EXTI3_IRQHandler                         0x08000207   Thumb Code     0  startup_stm32g431xx.o(.text)
    EXTI4_IRQHandler                         0x08000207   Thumb Code     0  startup_stm32g431xx.o(.text)
    EXTI9_5_IRQHandler                       0x08000207   Thumb Code     0  startup_stm32g431xx.o(.text)
    FDCAN1_IT0_IRQHandler                    0x08000207   Thumb Code     0  startup_stm32g431xx.o(.text)
    FDCAN1_IT1_IRQHandler                    0x08000207   Thumb Code     0  startup_stm32g431xx.o(.text)
    FLASH_IRQHandler                         0x08000207   Thumb Code     0  startup_stm32g431xx.o(.text)
    FMAC_IRQHandler                          0x08000207   Thumb Code     0  startup_stm32g431xx.o(.text)
    FPU_IRQHandler                           0x08000207   Thumb Code     0  startup_stm32g431xx.o(.text)
    I2C1_ER_IRQHandler                       0x08000207   Thumb Code     0  startup_stm32g431xx.o(.text)
    I2C1_EV_IRQHandler                       0x08000207   Thumb Code     0  startup_stm32g431xx.o(.text)
    I2C2_ER_IRQHandler                       0x08000207   Thumb Code     0  startup_stm32g431xx.o(.text)
    I2C2_EV_IRQHandler                       0x08000207   Thumb Code     0  startup_stm32g431xx.o(.text)
    I2C3_ER_IRQHandler                       0x08000207   Thumb Code     0  startup_stm32g431xx.o(.text)
    I2C3_EV_IRQHandler                       0x08000207   Thumb Code     0  startup_stm32g431xx.o(.text)
    LPTIM1_IRQHandler                        0x08000207   Thumb Code     0  startup_stm32g431xx.o(.text)
    LPUART1_IRQHandler                       0x08000207   Thumb Code     0  startup_stm32g431xx.o(.text)
    PVD_PVM_IRQHandler                       0x08000207   Thumb Code     0  startup_stm32g431xx.o(.text)
    RCC_IRQHandler                           0x08000207   Thumb Code     0  startup_stm32g431xx.o(.text)
    RNG_IRQHandler                           0x08000207   Thumb Code     0  startup_stm32g431xx.o(.text)
    RTC_Alarm_IRQHandler                     0x08000207   Thumb Code     0  startup_stm32g431xx.o(.text)
    RTC_TAMP_LSECSS_IRQHandler               0x08000207   Thumb Code     0  startup_stm32g431xx.o(.text)
    RTC_WKUP_IRQHandler                      0x08000207   Thumb Code     0  startup_stm32g431xx.o(.text)
    SAI1_IRQHandler                          0x08000207   Thumb Code     0  startup_stm32g431xx.o(.text)
    SPI1_IRQHandler                          0x08000207   Thumb Code     0  startup_stm32g431xx.o(.text)
    SPI2_IRQHandler                          0x08000207   Thumb Code     0  startup_stm32g431xx.o(.text)
    SPI3_IRQHandler                          0x08000207   Thumb Code     0  startup_stm32g431xx.o(.text)
    TIM1_BRK_TIM15_IRQHandler                0x08000207   Thumb Code     0  startup_stm32g431xx.o(.text)
    TIM1_CC_IRQHandler                       0x08000207   Thumb Code     0  startup_stm32g431xx.o(.text)
    TIM1_TRG_COM_TIM17_IRQHandler            0x08000207   Thumb Code     0  startup_stm32g431xx.o(.text)
    TIM1_UP_TIM16_IRQHandler                 0x08000207   Thumb Code     0  startup_stm32g431xx.o(.text)
    TIM2_IRQHandler                          0x08000207   Thumb Code     0  startup_stm32g431xx.o(.text)
    TIM3_IRQHandler                          0x08000207   Thumb Code     0  startup_stm32g431xx.o(.text)
    TIM4_IRQHandler                          0x08000207   Thumb Code     0  startup_stm32g431xx.o(.text)
    TIM6_DAC_IRQHandler                      0x08000207   Thumb Code     0  startup_stm32g431xx.o(.text)
    TIM7_IRQHandler                          0x08000207   Thumb Code     0  startup_stm32g431xx.o(.text)
    TIM8_BRK_IRQHandler                      0x08000207   Thumb Code     0  startup_stm32g431xx.o(.text)
    TIM8_CC_IRQHandler                       0x08000207   Thumb Code     0  startup_stm32g431xx.o(.text)
    TIM8_TRG_COM_IRQHandler                  0x08000207   Thumb Code     0  startup_stm32g431xx.o(.text)
    TIM8_UP_IRQHandler                       0x08000207   Thumb Code     0  startup_stm32g431xx.o(.text)
    UART4_IRQHandler                         0x08000207   Thumb Code     0  startup_stm32g431xx.o(.text)
    UCPD1_IRQHandler                         0x08000207   Thumb Code     0  startup_stm32g431xx.o(.text)
    USART2_IRQHandler                        0x08000207   Thumb Code     0  startup_stm32g431xx.o(.text)
    USART3_IRQHandler                        0x08000207   Thumb Code     0  startup_stm32g431xx.o(.text)
    USBWakeUp_IRQHandler                     0x08000207   Thumb Code     0  startup_stm32g431xx.o(.text)
    USB_HP_IRQHandler                        0x08000207   Thumb Code     0  startup_stm32g431xx.o(.text)
    USB_LP_IRQHandler                        0x08000207   Thumb Code     0  startup_stm32g431xx.o(.text)
    WWDG_IRQHandler                          0x08000207   Thumb Code     0  startup_stm32g431xx.o(.text)
    __aeabi_uldivmod                         0x08000211   Thumb Code    98  uldiv.o(.text)
    __aeabi_memset                           0x08000273   Thumb Code    14  memseta.o(.text)
    __aeabi_memset4                          0x08000273   Thumb Code     0  memseta.o(.text)
    __aeabi_memset8                          0x08000273   Thumb Code     0  memseta.o(.text)
    __aeabi_memclr                           0x08000281   Thumb Code     4  memseta.o(.text)
    __aeabi_memclr4                          0x08000281   Thumb Code     0  memseta.o(.text)
    __aeabi_memclr8                          0x08000281   Thumb Code     0  memseta.o(.text)
    _memset$wrapper                          0x08000285   Thumb Code    18  memseta.o(.text)
    strcmp                                   0x08000297   Thumb Code    28  strcmp.o(.text)
    __0sscanf                                0x080002b5   Thumb Code    48  __0sscanf.o(.text)
    _scanf_int                               0x080002ed   Thumb Code   332  _scanf_int.o(.text)
    __aeabi_llsl                             0x08000439   Thumb Code    30  llshl.o(.text)
    _ll_shift_l                              0x08000439   Thumb Code     0  llshl.o(.text)
    __aeabi_llsr                             0x08000457   Thumb Code    32  llushr.o(.text)
    _ll_ushift_r                             0x08000457   Thumb Code     0  llushr.o(.text)
    _chval                                   0x08000477   Thumb Code    28  _chval.o(.text)
    __vfscanf_char                           0x080004a1   Thumb Code    20  scanf_char.o(.text)
    _sgetc                                   0x080004bd   Thumb Code    30  _sgetc.o(.text)
    _sbackspace                              0x080004db   Thumb Code    34  _sgetc.o(.text)
    __scatterload                            0x080004fd   Thumb Code    28  init.o(.text)
    __scatterload_rt2                        0x080004fd   Thumb Code     0  init.o(.text)
    isspace                                  0x08000521   Thumb Code    10  isspace_c.o(.text)
    __vfscanf                                0x0800052d   Thumb Code   808  _scanf.o(.text)
    __ctype_lookup                           0x08000859   Thumb Code    34  ctype_c.o(.text)
    ADC1_2_IRQHandler                        0x08000881   Thumb Code    16  stm32g4xx_it.o(i.ADC1_2_IRQHandler)
    ADC_DMAConvCplt                          0x08000899   Thumb Code   146  stm32g4xx_hal_adc.o(i.ADC_DMAConvCplt)
    ADC_DMAError                             0x0800092b   Thumb Code    30  stm32g4xx_hal_adc.o(i.ADC_DMAError)
    ADC_DMAHalfConvCplt                      0x08000949   Thumb Code    14  stm32g4xx_hal_adc.o(i.ADC_DMAHalfConvCplt)
    ADC_Disable                              0x08000959   Thumb Code   142  stm32g4xx_hal_adc.o(i.ADC_Disable)
    ADC_Enable                               0x080009ed   Thumb Code   182  stm32g4xx_hal_adc.o(i.ADC_Enable)
    BusFault_Handler                         0x08000ab5   Thumb Code     4  stm32g4xx_it.o(i.BusFault_Handler)
    DMA1_Channel1_IRQHandler                 0x08000ab9   Thumb Code    10  stm32g4xx_it.o(i.DMA1_Channel1_IRQHandler)
    DMA1_Channel2_IRQHandler                 0x08000ac9   Thumb Code    10  stm32g4xx_it.o(i.DMA1_Channel2_IRQHandler)
    DMA1_Channel3_IRQHandler                 0x08000ad9   Thumb Code    10  stm32g4xx_it.o(i.DMA1_Channel3_IRQHandler)
    DMA1_Channel4_IRQHandler                 0x08000ae9   Thumb Code    10  stm32g4xx_it.o(i.DMA1_Channel4_IRQHandler)
    DMA2_Channel4_IRQHandler                 0x08000af9   Thumb Code    10  stm32g4xx_it.o(i.DMA2_Channel4_IRQHandler)
    DebugMon_Handler                         0x08000bb1   Thumb Code     2  stm32g4xx_it.o(i.DebugMon_Handler)
    Delay_LCD                                0x08000bb3   Thumb Code    30  lcd.o(i.Delay_LCD)
    Error_Handler                            0x08000bd1   Thumb Code     6  main.o(i.Error_Handler)
    HAL_ADCEx_Calibration_Start              0x08000bd9   Thumb Code   166  stm32g4xx_hal_adc_ex.o(i.HAL_ADCEx_Calibration_Start)
    HAL_ADCEx_EndOfSamplingCallback          0x08000c89   Thumb Code     2  stm32g4xx_hal_adc_ex.o(i.HAL_ADCEx_EndOfSamplingCallback)
    HAL_ADCEx_InjectedConvCpltCallback       0x08000c8b   Thumb Code     2  stm32g4xx_hal_adc_ex.o(i.HAL_ADCEx_InjectedConvCpltCallback)
    HAL_ADCEx_InjectedQueueOverflowCallback  0x08000c8d   Thumb Code     2  stm32g4xx_hal_adc_ex.o(i.HAL_ADCEx_InjectedQueueOverflowCallback)
    HAL_ADCEx_LevelOutOfWindow2Callback      0x08000c8f   Thumb Code     2  stm32g4xx_hal_adc_ex.o(i.HAL_ADCEx_LevelOutOfWindow2Callback)
    HAL_ADCEx_LevelOutOfWindow3Callback      0x08000c91   Thumb Code     2  stm32g4xx_hal_adc_ex.o(i.HAL_ADCEx_LevelOutOfWindow3Callback)
    HAL_ADCEx_MultiModeConfigChannel         0x08000c95   Thumb Code   260  stm32g4xx_hal_adc_ex.o(i.HAL_ADCEx_MultiModeConfigChannel)
    HAL_ADC_ConfigChannel                    0x08000da1   Thumb Code  1252  stm32g4xx_hal_adc.o(i.HAL_ADC_ConfigChannel)
    HAL_ADC_ConvCpltCallback                 0x080012a9   Thumb Code     2  stm32g4xx_hal_adc.o(i.HAL_ADC_ConvCpltCallback)
    HAL_ADC_ConvHalfCpltCallback             0x080012ab   Thumb Code     2  stm32g4xx_hal_adc.o(i.HAL_ADC_ConvHalfCpltCallback)
    HAL_ADC_ErrorCallback                    0x080012ad   Thumb Code     2  stm32g4xx_hal_adc.o(i.HAL_ADC_ErrorCallback)
    HAL_ADC_IRQHandler                       0x080012b1   Thumb Code   808  stm32g4xx_hal_adc.o(i.HAL_ADC_IRQHandler)
    HAL_ADC_Init                             0x080015e1   Thumb Code   576  stm32g4xx_hal_adc.o(i.HAL_ADC_Init)
    HAL_ADC_LevelOutOfWindowCallback         0x0800183d   Thumb Code     2  stm32g4xx_hal_adc.o(i.HAL_ADC_LevelOutOfWindowCallback)
    HAL_ADC_MspInit                          0x08001841   Thumb Code   426  adc.o(i.HAL_ADC_MspInit)
    HAL_ADC_Start_DMA                        0x08001a09   Thumb Code   254  stm32g4xx_hal_adc.o(i.HAL_ADC_Start_DMA)
    HAL_DMA_Abort                            0x08001b1d   Thumb Code   118  stm32g4xx_hal_dma.o(i.HAL_DMA_Abort)
    HAL_DMA_Abort_IT                         0x08001b93   Thumb Code   148  stm32g4xx_hal_dma.o(i.HAL_DMA_Abort_IT)
    HAL_DMA_IRQHandler                       0x08001c27   Thumb Code   254  stm32g4xx_hal_dma.o(i.HAL_DMA_IRQHandler)
    HAL_DMA_Init                             0x08001d25   Thumb Code   200  stm32g4xx_hal_dma.o(i.HAL_DMA_Init)
    HAL_DMA_Start_IT                         0x08001df5   Thumb Code   194  stm32g4xx_hal_dma.o(i.HAL_DMA_Start_IT)
    HAL_Delay                                0x08001eb9   Thumb Code    36  stm32g4xx_hal.o(i.HAL_Delay)
    HAL_GPIO_Init                            0x08001ee1   Thumb Code   428  stm32g4xx_hal_gpio.o(i.HAL_GPIO_Init)
    HAL_GPIO_ReadPin                         0x080020ad   Thumb Code    16  stm32g4xx_hal_gpio.o(i.HAL_GPIO_ReadPin)
    HAL_GPIO_WritePin                        0x080020bd   Thumb Code    10  stm32g4xx_hal_gpio.o(i.HAL_GPIO_WritePin)
    HAL_GetTick                              0x080020c9   Thumb Code     6  stm32g4xx_hal.o(i.HAL_GetTick)
    HAL_IncTick                              0x080020d5   Thumb Code    16  stm32g4xx_hal.o(i.HAL_IncTick)
    HAL_Init                                 0x080020ed   Thumb Code    30  stm32g4xx_hal.o(i.HAL_Init)
    HAL_InitTick                             0x0800210d   Thumb Code    74  stm32g4xx_hal.o(i.HAL_InitTick)
    HAL_MspInit                              0x08002165   Thumb Code    62  stm32g4xx_hal_msp.o(i.HAL_MspInit)
    HAL_NVIC_EnableIRQ                       0x080021a9   Thumb Code    40  stm32g4xx_hal_cortex.o(i.HAL_NVIC_EnableIRQ)
    HAL_NVIC_SetPriority                     0x080021d1   Thumb Code   122  stm32g4xx_hal_cortex.o(i.HAL_NVIC_SetPriority)
    HAL_NVIC_SetPriorityGrouping             0x0800224d   Thumb Code    32  stm32g4xx_hal_cortex.o(i.HAL_NVIC_SetPriorityGrouping)
    HAL_PWREx_ControlVoltageScaling          0x08002275   Thumb Code   268  stm32g4xx_hal_pwr_ex.o(i.HAL_PWREx_ControlVoltageScaling)
    HAL_PWREx_DisableUCPDDeadBattery         0x0800238d   Thumb Code    14  stm32g4xx_hal_pwr_ex.o(i.HAL_PWREx_DisableUCPDDeadBattery)
    HAL_RCCEx_PeriphCLKConfig                0x080023a1   Thumb Code   872  stm32g4xx_hal_rcc_ex.o(i.HAL_RCCEx_PeriphCLKConfig)
    HAL_RCC_ClockConfig                      0x08002711   Thumb Code   522  stm32g4xx_hal_rcc.o(i.HAL_RCC_ClockConfig)
    HAL_RCC_GetHCLKFreq                      0x08002935   Thumb Code     6  stm32g4xx_hal_rcc.o(i.HAL_RCC_GetHCLKFreq)
    HAL_RCC_GetPCLK1Freq                     0x08002941   Thumb Code    26  stm32g4xx_hal_rcc.o(i.HAL_RCC_GetPCLK1Freq)
    HAL_RCC_GetPCLK2Freq                     0x08002965   Thumb Code    26  stm32g4xx_hal_rcc.o(i.HAL_RCC_GetPCLK2Freq)
    HAL_RCC_GetSysClockFreq                  0x08002989   Thumb Code   138  stm32g4xx_hal_rcc.o(i.HAL_RCC_GetSysClockFreq)
    HAL_RCC_OscConfig                        0x08002a21   Thumb Code  1360  stm32g4xx_hal_rcc.o(i.HAL_RCC_OscConfig)
    HAL_SYSTICK_Config                       0x08002f7d   Thumb Code    52  stm32g4xx_hal_cortex.o(i.HAL_SYSTICK_Config)
    HAL_TIMEx_MasterConfigSynchronization    0x08002fb1   Thumb Code   158  stm32g4xx_hal_tim_ex.o(i.HAL_TIMEx_MasterConfigSynchronization)
    HAL_TIM_Base_Init                        0x08003069   Thumb Code   110  stm32g4xx_hal_tim.o(i.HAL_TIM_Base_Init)
    HAL_TIM_Base_MspInit                     0x080030d9   Thumb Code   318  tim.o(i.HAL_TIM_Base_MspInit)
    HAL_TIM_ConfigClockSource                0x08003235   Thumb Code   300  stm32g4xx_hal_tim.o(i.HAL_TIM_ConfigClockSource)
    HAL_TIM_ErrorCallback                    0x08003369   Thumb Code     2  stm32g4xx_hal_tim.o(i.HAL_TIM_ErrorCallback)
    HAL_TIM_IC_CaptureCallback               0x0800336b   Thumb Code     2  stm32g4xx_hal_tim.o(i.HAL_TIM_IC_CaptureCallback)
    HAL_TIM_IC_CaptureHalfCpltCallback       0x0800336d   Thumb Code     2  stm32g4xx_hal_tim.o(i.HAL_TIM_IC_CaptureHalfCpltCallback)
    HAL_TIM_IC_ConfigChannel                 0x0800336f   Thumb Code   222  stm32g4xx_hal_tim.o(i.HAL_TIM_IC_ConfigChannel)
    HAL_TIM_IC_Init                          0x0800344d   Thumb Code   110  stm32g4xx_hal_tim.o(i.HAL_TIM_IC_Init)
    HAL_TIM_IC_MspInit                       0x080034bb   Thumb Code     2  stm32g4xx_hal_tim.o(i.HAL_TIM_IC_MspInit)
    HAL_TIM_IC_Start_DMA                     0x080034bd   Thumb Code   604  stm32g4xx_hal_tim.o(i.HAL_TIM_IC_Start_DMA)
    HAL_TIM_SlaveConfigSynchro               0x0800373d   Thumb Code   108  stm32g4xx_hal_tim.o(i.HAL_TIM_SlaveConfigSynchro)
    HAL_UARTEx_DisableFifoMode               0x080037a9   Thumb Code    78  stm32g4xx_hal_uart_ex.o(i.HAL_UARTEx_DisableFifoMode)
    HAL_UARTEx_ReceiveToIdle_DMA             0x080037f7   Thumb Code    98  stm32g4xx_hal_uart_ex.o(i.HAL_UARTEx_ReceiveToIdle_DMA)
    HAL_UARTEx_RxEventCallback               0x08003859   Thumb Code    34  usart_bsp.o(i.HAL_UARTEx_RxEventCallback)
    HAL_UARTEx_RxFifoFullCallback            0x08003885   Thumb Code     2  stm32g4xx_hal_uart_ex.o(i.HAL_UARTEx_RxFifoFullCallback)
    HAL_UARTEx_SetRxFifoThreshold            0x08003887   Thumb Code    94  stm32g4xx_hal_uart_ex.o(i.HAL_UARTEx_SetRxFifoThreshold)
    HAL_UARTEx_SetTxFifoThreshold            0x080038e5   Thumb Code    94  stm32g4xx_hal_uart_ex.o(i.HAL_UARTEx_SetTxFifoThreshold)
    HAL_UARTEx_TxFifoEmptyCallback           0x08003943   Thumb Code     2  stm32g4xx_hal_uart_ex.o(i.HAL_UARTEx_TxFifoEmptyCallback)
    HAL_UARTEx_WakeupCallback                0x08003945   Thumb Code     2  stm32g4xx_hal_uart_ex.o(i.HAL_UARTEx_WakeupCallback)
    HAL_UART_ErrorCallback                   0x08003947   Thumb Code     2  stm32g4xx_hal_uart.o(i.HAL_UART_ErrorCallback)
    HAL_UART_IRQHandler                      0x08003949   Thumb Code   920  stm32g4xx_hal_uart.o(i.HAL_UART_IRQHandler)
    HAL_UART_Init                            0x08003ced   Thumb Code   120  stm32g4xx_hal_uart.o(i.HAL_UART_Init)
    HAL_UART_MspInit                         0x08003d65   Thumb Code   212  usart.o(i.HAL_UART_MspInit)
    HAL_UART_Receive_IT                      0x08003e49   Thumb Code    88  stm32g4xx_hal_uart.o(i.HAL_UART_Receive_IT)
    HAL_UART_RxCpltCallback                  0x08003ea5   Thumb Code     2  stm32g4xx_hal_uart.o(i.HAL_UART_RxCpltCallback)
    HAL_UART_RxHalfCpltCallback              0x08003ea7   Thumb Code     2  stm32g4xx_hal_uart.o(i.HAL_UART_RxHalfCpltCallback)
    HAL_UART_TxCpltCallback                  0x08003ea9   Thumb Code     2  stm32g4xx_hal_uart.o(i.HAL_UART_TxCpltCallback)
    HardFault_Handler                        0x08003eab   Thumb Code     4  stm32g4xx_it.o(i.HardFault_Handler)
    LCD_BusIn                                0x08003eb1   Thumb Code    42  lcd.o(i.LCD_BusIn)
    LCD_BusOut                               0x08003ee1   Thumb Code    42  lcd.o(i.LCD_BusOut)
    LCD_Clear                                0x08003f11   Thumb Code    38  lcd.o(i.LCD_Clear)
    LCD_CtrlLinesConfig                      0x08003f39   Thumb Code   186  lcd.o(i.LCD_CtrlLinesConfig)
    LCD_Init                                 0x08003ffd   Thumb Code    50  lcd.o(i.LCD_Init)
    LCD_ReadReg                              0x08004035   Thumb Code   164  lcd.o(i.LCD_ReadReg)
    LCD_SetBackColor                         0x080040e1   Thumb Code    12  lcd.o(i.LCD_SetBackColor)
    LCD_SetCursor                            0x080040f1   Thumb Code    24  lcd.o(i.LCD_SetCursor)
    LCD_SetTextColor                         0x08004109   Thumb Code    12  lcd.o(i.LCD_SetTextColor)
    LCD_ShowcrosswisePicture                 0x08004119   Thumb Code   114  main.o(i.LCD_ShowcrosswisePicture)
    LCD_WriteRAM                             0x0800418d   Thumb Code   110  lcd.o(i.LCD_WriteRAM)
    LCD_WriteRAM_Prepare                     0x08004205   Thumb Code   112  lcd.o(i.LCD_WriteRAM_Prepare)
    LCD_WriteReg                             0x0800427d   Thumb Code   136  lcd.o(i.LCD_WriteReg)
    MX_ADC1_Init                             0x080043f9   Thumb Code   154  adc.o(i.MX_ADC1_Init)
    MX_ADC2_Init                             0x0800449d   Thumb Code   126  adc.o(i.MX_ADC2_Init)
    MX_DMA_Init                              0x08004529   Thumb Code   164  dma.o(i.MX_DMA_Init)
    MX_GPIO_Init                             0x080045d1   Thumb Code   304  gpio.o(i.MX_GPIO_Init)
    MX_TIM2_Init                             0x08004711   Thumb Code   192  tim.o(i.MX_TIM2_Init)
    MX_TIM3_Init                             0x080047d5   Thumb Code   190  tim.o(i.MX_TIM3_Init)
    MX_USART1_UART_Init                      0x0800489d   Thumb Code   134  usart.o(i.MX_USART1_UART_Init)
    MemManage_Handler                        0x08004939   Thumb Code     4  stm32g4xx_it.o(i.MemManage_Handler)
    NMI_Handler                              0x0800493d   Thumb Code     4  stm32g4xx_it.o(i.NMI_Handler)
    PendSV_Handler                           0x08004941   Thumb Code     2  stm32g4xx_it.o(i.PendSV_Handler)
    REG_8230_Init                            0x080049ad   Thumb Code   288  lcd.o(i.REG_8230_Init)
    REG_932X_Init                            0x08004acd   Thumb Code   512  lcd.o(i.REG_932X_Init)
    SVC_Handler                              0x08004ccd   Thumb Code     2  stm32g4xx_it.o(i.SVC_Handler)
    SysTick_Handler                          0x08004ccf   Thumb Code     8  stm32g4xx_it.o(i.SysTick_Handler)
    SystemClock_Config                       0x08004cd7   Thumb Code   104  main.o(i.SystemClock_Config)
    SystemInit                               0x08004d41   Thumb Code    14  system_stm32g4xx.o(i.SystemInit)
    TIM_Base_SetConfig                       0x08004d55   Thumb Code   174  stm32g4xx_hal_tim.o(i.TIM_Base_SetConfig)
    TIM_CCxChannelCmd                        0x08004e21   Thumb Code    34  stm32g4xx_hal_tim.o(i.TIM_CCxChannelCmd)
    TIM_DMACaptureCplt                       0x08004e43   Thumb Code   122  stm32g4xx_hal_tim.o(i.TIM_DMACaptureCplt)
    TIM_DMACaptureHalfCplt                   0x08004ebd   Thumb Code    64  stm32g4xx_hal_tim.o(i.TIM_DMACaptureHalfCplt)
    TIM_DMAError                             0x08004efd   Thumb Code    94  stm32g4xx_hal_tim.o(i.TIM_DMAError)
    TIM_ETR_SetConfig                        0x08004f5b   Thumb Code    22  stm32g4xx_hal_tim.o(i.TIM_ETR_SetConfig)
    TIM_TI1_SetConfig                        0x080050b5   Thumb Code   102  stm32g4xx_hal_tim.o(i.TIM_TI1_SetConfig)
    UART_AdvFeatureConfig                    0x08005261   Thumb Code   248  stm32g4xx_hal_uart.o(i.UART_AdvFeatureConfig)
    UART_CheckIdleState                      0x08005359   Thumb Code   234  stm32g4xx_hal_uart.o(i.UART_CheckIdleState)
    UART_SetConfig                           0x08005c6d   Thumb Code   858  stm32g4xx_hal_uart.o(i.UART_SetConfig)
    UART_Start_Receive_DMA                   0x08005ff1   Thumb Code   186  stm32g4xx_hal_uart.o(i.UART_Start_Receive_DMA)
    UART_Start_Receive_IT                    0x080060b9   Thumb Code   332  stm32g4xx_hal_uart.o(i.UART_Start_Receive_IT)
    UART_WaitOnFlagUntilTimeout              0x08006215   Thumb Code   172  stm32g4xx_hal_uart.o(i.UART_WaitOnFlagUntilTimeout)
    USART1_IRQHandler                        0x080062c1   Thumb Code    36  stm32g4xx_it.o(i.USART1_IRQHandler)
    UsageFault_Handler                       0x080062f1   Thumb Code     4  stm32g4xx_it.o(i.UsageFault_Handler)
    __scatterload_copy                       0x0800632d   Thumb Code    14  handlers.o(i.__scatterload_copy)
    __scatterload_null                       0x0800633b   Thumb Code     2  handlers.o(i.__scatterload_null)
    __scatterload_zeroinit                   0x0800633d   Thumb Code    14  handlers.o(i.__scatterload_zeroinit)
    adc_proc                                 0x0800634d   Thumb Code   108  adc_bsp.o(i.adc_proc)
    akebi_init                               0x080063c1   Thumb Code    50  akebi.o(i.akebi_init)
    cheak_fluse_change                       0x080063fd   Thumb Code   328  tim_app.o(i.cheak_fluse_change)
    ic_proc                                  0x08006579   Thumb Code   396  tim_app.o(i.ic_proc)
    key_init                                 0x08006749   Thumb Code    82  key_bsp.o(i.key_init)
    key_proc                                 0x080067a5   Thumb Code   312  key_bsp.o(i.key_proc)
    key_read                                 0x0800691d   Thumb Code    58  key_bsp.o(i.key_read)
    led_disp                                 0x0800695d   Thumb Code    88  led_bsp.o(i.led_disp)
    led_proc                                 0x080069c1   Thumb Code    96  led_bsp.o(i.led_proc)
    limit_value                              0x08006a3d   Thumb Code    42  filter.o(i.limit_value)
    main                                     0x08006a69   Thumb Code   158  main.o(i.main)
    ringbuffer_fluse_init                    0x08006b2d   Thumb Code   238  tim_app.o(i.ringbuffer_fluse_init)
    ringbuffer_init                          0x08006c35   Thumb Code    26  ringbuffer.o(i.ringbuffer_init)
    ringbuffer_is_empty                      0x08006c4f   Thumb Code    14  ringbuffer.o(i.ringbuffer_is_empty)
    ringbuffer_is_full                       0x08006c5d   Thumb Code    16  ringbuffer.o(i.ringbuffer_is_full)
    ringbuffer_read                          0x08006c6d   Thumb Code    68  ringbuffer.o(i.ringbuffer_read)
    ringbuffer_write                         0x08006cb1   Thumb Code    68  ringbuffer.o(i.ringbuffer_write)
    scheduler_init                           0x08006cf5   Thumb Code     8  komichi.o(i.scheduler_init)
    usart_proc                               0x08006d01   Thumb Code   112  usart_bsp.o(i.usart_proc)
    gImage_pic28                             0x08006da0   Data       99368  main.o(.constdata)
    UARTPrescTable                           0x0801f1c8   Data          24  stm32g4xx_hal_uart.o(.constdata)
    AHBPrescTable                            0x0801f1f0   Data          16  system_stm32g4xx.o(.constdata)
    APBPrescTable                            0x0801f200   Data           8  system_stm32g4xx.o(.constdata)
    __ctype_categories                       0x0801f208   Data          64  ctype_c.o(.constdata)
    Region$$Table$$Base                      0x0801f248   Number         0  anon$$obj.o(Region$$Table)
    Region$$Table$$Limit                     0x0801f268   Number         0  anon$$obj.o(Region$$Table)
    uwTick                                   0x20000004   Data           4  stm32g4xx_hal.o(.data)
    uwTickPrio                               0x20000008   Data           4  stm32g4xx_hal.o(.data)
    uwTickFreq                               0x2000000c   Data           4  stm32g4xx_hal.o(.data)
    SystemCoreClock                          0x20000010   Data           4  system_stm32g4xx.o(.data)
    now_time                                 0x20000014   Data           4  komichi.o(.data)
    task_num                                 0x20000018   Data           1  komichi.o(.data)
    ucled                                    0x20000058   Data           8  led_bsp.o(.data)
    key_adc_flag                             0x20000064   Data           1  key_bsp.o(.data)
    key_val                                  0x20000065   Data           1  key_bsp.o(.data)
    key_old                                  0x20000066   Data           1  key_bsp.o(.data)
    key_down                                 0x20000067   Data           1  key_bsp.o(.data)
    key_up                                   0x20000068   Data           1  key_bsp.o(.data)
    key_adc_point                            0x2000006c   Data           4  key_bsp.o(.data)
    record_time                              0x20000070   Data           4  key_bsp.o(.data)
    dummy                                    0x20000078   Data           2  lcd.o(.data)
    pd                                       0x2000007a   Data           2  lcd_bsp.o(.data)
    ph                                       0x2000007c   Data           2  lcd_bsp.o(.data)
    px                                       0x2000007e   Data           2  lcd_bsp.o(.data)
    fa                                       0x20000080   Data           2  lcd_bsp.o(.data)
    fb                                       0x20000082   Data           2  lcd_bsp.o(.data)
    vh                                       0x20000084   Data           2  lcd_bsp.o(.data)
    vd                                       0x20000086   Data           2  lcd_bsp.o(.data)
    nda                                      0x20000088   Data           1  lcd_bsp.o(.data)
    ndb                                      0x20000089   Data           1  lcd_bsp.o(.data)
    nha                                      0x2000008a   Data           1  lcd_bsp.o(.data)
    nhb                                      0x2000008b   Data           1  lcd_bsp.o(.data)
    Lcd_display_mode                         0x2000008c   Data           1  lcd_bsp.o(.data)
    Lcd_data_fulse_cycle_mode                0x2000008d   Data           1  lcd_bsp.o(.data)
    adc_value                                0x20000090   Data           8  adc_bsp.o(.data)
    head_point_a                             0x20000098   Data           1  tim_app.o(.data)
    end_point_a                              0x20000099   Data           1  tim_app.o(.data)
    head_point_b                             0x2000009a   Data           1  tim_app.o(.data)
    end_point_b                              0x2000009b   Data           1  tim_app.o(.data)
    flag_pd_a                                0x2000009c   Data           1  tim_app.o(.data)
    flag_pd_b                                0x2000009d   Data           1  tim_app.o(.data)
    diff                                     0x2000009e   Data           2  tim_app.o(.data)
    flag_ph_fa                               0x200000a0   Data           1  tim_app.o(.data)
    flag_ph_fb                               0x200000a1   Data           1  tim_app.o(.data)
    tim_ic_val1                              0x200000a4   Data           4  tim_app.o(.data)
    tim_ic_val2                              0x200000a8   Data           4  tim_app.o(.data)
    tim_ic_temp1                             0x200000ac   Data           4  tim_app.o(.data)
    tim_ic_temp2                             0x200000b0   Data           4  tim_app.o(.data)
    hadc1                                    0x200000b4   Data         108  adc.o(.bss)
    hadc2                                    0x20000120   Data         108  adc.o(.bss)
    hdma_adc1                                0x2000018c   Data          96  adc.o(.bss)
    hdma_adc2                                0x200001ec   Data          96  adc.o(.bss)
    htim2                                    0x2000024c   Data          76  tim.o(.bss)
    htim3                                    0x20000298   Data          76  tim.o(.bss)
    hdma_tim2_ch1                            0x200002e4   Data          96  tim.o(.bss)
    hdma_tim3_ch1                            0x20000344   Data          96  tim.o(.bss)
    uart_rx_buffer                           0x200003a4   Data         128  usart.o(.bss)
    uart_rx_dma_buffer                       0x20000424   Data         128  usart.o(.bss)
    huart1                                   0x200004a4   Data         148  usart.o(.bss)
    hdma_usart1_rx                           0x20000538   Data          96  usart.o(.bss)
    btns                                     0x20000598   Data          64  key_bsp.o(.bss)
    usart_rb                                 0x200005d8   Data          44  usart_bsp.o(.bss)
    usart_read_buffer                        0x20000604   Data          64  usart_bsp.o(.bss)
    dma_buff                                 0x20000644   Data         240  adc_bsp.o(.bss)
    a_fluse_buff                             0x20000734   Data         240  tim_app.o(.bss)
    b_fluse_buff                             0x20000824   Data         240  tim_app.o(.bss)
    tim_ic_buffer1                           0x20000914   Data         256  tim_app.o(.bss)
    tim_ic_buffer2                           0x20000a14   Data         256  tim_app.o(.bss)
    __initial_sp                             0x20000f18   Data           0  startup_stm32g431xx.o(STACK)



==============================================================================

Memory Map of the image

  Image Entry point : 0x080001d9

  Load Region LR_IROM1 (Base: 0x08000000, Size: 0x0001f31c, Max: 0x00020000, ABSOLUTE)

    Execution Region ER_IROM1 (Exec base: 0x08000000, Load base: 0x08000000, Size: 0x0001f268, Max: 0x00020000, ABSOLUTE)

    Exec Addr    Load Addr    Size         Type   Attr      Idx    E Section Name        Object

    0x08000000   0x08000000   0x000001d8   Data   RO            3    RESET               startup_stm32g431xx.o
    0x080001d8   0x080001d8   0x00000000   Code   RO         5101  * .ARM.Collect$$$$00000000  mc_w.l(entry.o)
    0x080001d8   0x080001d8   0x00000004   Code   RO         5178    .ARM.Collect$$$$00000001  mc_w.l(entry2.o)
    0x080001dc   0x080001dc   0x00000004   Code   RO         5181    .ARM.Collect$$$$00000004  mc_w.l(entry5.o)
    0x080001e0   0x080001e0   0x00000000   Code   RO         5183    .ARM.Collect$$$$00000008  mc_w.l(entry7b.o)
    0x080001e0   0x080001e0   0x00000000   Code   RO         5185    .ARM.Collect$$$$0000000A  mc_w.l(entry8b.o)
    0x080001e0   0x080001e0   0x00000008   Code   RO         5186    .ARM.Collect$$$$0000000B  mc_w.l(entry9a.o)
    0x080001e8   0x080001e8   0x00000000   Code   RO         5188    .ARM.Collect$$$$0000000D  mc_w.l(entry10a.o)
    0x080001e8   0x080001e8   0x00000000   Code   RO         5190    .ARM.Collect$$$$0000000F  mc_w.l(entry11a.o)
    0x080001e8   0x080001e8   0x00000004   Code   RO         5179    .ARM.Collect$$$$00002712  mc_w.l(entry2.o)
    0x080001ec   0x080001ec   0x00000024   Code   RO            4    .text               startup_stm32g431xx.o
    0x08000210   0x08000210   0x00000062   Code   RO         5104    .text               mc_w.l(uldiv.o)
    0x08000272   0x08000272   0x00000024   Code   RO         5110    .text               mc_w.l(memseta.o)
    0x08000296   0x08000296   0x0000001c   Code   RO         5112    .text               mc_w.l(strcmp.o)
    0x080002b2   0x080002b2   0x00000002   PAD
    0x080002b4   0x080002b4   0x00000038   Code   RO         5172    .text               mc_w.l(__0sscanf.o)
    0x080002ec   0x080002ec   0x0000014c   Code   RO         5174    .text               mc_w.l(_scanf_int.o)
    0x08000438   0x08000438   0x0000001e   Code   RO         5195    .text               mc_w.l(llshl.o)
    0x08000456   0x08000456   0x00000020   Code   RO         5197    .text               mc_w.l(llushr.o)
    0x08000476   0x08000476   0x0000001c   Code   RO         5201    .text               mc_w.l(_chval.o)
    0x08000492   0x08000492   0x00000002   PAD
    0x08000494   0x08000494   0x00000028   Code   RO         5203    .text               mc_w.l(scanf_char.o)
    0x080004bc   0x080004bc   0x00000040   Code   RO         5205    .text               mc_w.l(_sgetc.o)
    0x080004fc   0x080004fc   0x00000024   Code   RO         5218    .text               mc_w.l(init.o)
    0x08000520   0x08000520   0x0000000a   Code   RO         5222    .text               mc_w.l(isspace_c.o)
    0x0800052a   0x0800052a   0x00000002   PAD
    0x0800052c   0x0800052c   0x0000032c   Code   RO         5224    .text               mc_w.l(_scanf.o)
    0x08000858   0x08000858   0x00000028   Code   RO         5228    .text               mc_w.l(ctype_c.o)
    0x08000880   0x08000880   0x00000018   Code   RO          445    i.ADC1_2_IRQHandler  stm32g4xx_it.o
    0x08000898   0x08000898   0x00000092   Code   RO          624    i.ADC_DMAConvCplt   stm32g4xx_hal_adc.o
    0x0800092a   0x0800092a   0x0000001e   Code   RO          625    i.ADC_DMAError      stm32g4xx_hal_adc.o
    0x08000948   0x08000948   0x0000000e   Code   RO          626    i.ADC_DMAHalfConvCplt  stm32g4xx_hal_adc.o
    0x08000956   0x08000956   0x00000002   PAD
    0x08000958   0x08000958   0x00000094   Code   RO          627    i.ADC_Disable       stm32g4xx_hal_adc.o
    0x080009ec   0x080009ec   0x000000c8   Code   RO          628    i.ADC_Enable        stm32g4xx_hal_adc.o
    0x08000ab4   0x08000ab4   0x00000004   Code   RO          446    i.BusFault_Handler  stm32g4xx_it.o
    0x08000ab8   0x08000ab8   0x00000010   Code   RO          447    i.DMA1_Channel1_IRQHandler  stm32g4xx_it.o
    0x08000ac8   0x08000ac8   0x00000010   Code   RO          448    i.DMA1_Channel2_IRQHandler  stm32g4xx_it.o
    0x08000ad8   0x08000ad8   0x00000010   Code   RO          449    i.DMA1_Channel3_IRQHandler  stm32g4xx_it.o
    0x08000ae8   0x08000ae8   0x00000010   Code   RO          450    i.DMA1_Channel4_IRQHandler  stm32g4xx_it.o
    0x08000af8   0x08000af8   0x00000010   Code   RO          451    i.DMA2_Channel4_IRQHandler  stm32g4xx_it.o
    0x08000b08   0x08000b08   0x00000044   Code   RO         2046    i.DMA_CalcDMAMUXChannelBaseAndMask  stm32g4xx_hal_dma.o
    0x08000b4c   0x08000b4c   0x00000024   Code   RO         2047    i.DMA_CalcDMAMUXRequestGenBaseAndMask  stm32g4xx_hal_dma.o
    0x08000b70   0x08000b70   0x00000040   Code   RO         2048    i.DMA_SetConfig     stm32g4xx_hal_dma.o
    0x08000bb0   0x08000bb0   0x00000002   Code   RO          452    i.DebugMon_Handler  stm32g4xx_it.o
    0x08000bb2   0x08000bb2   0x0000001e   Code   RO         4622    i.Delay_LCD         lcd.o
    0x08000bd0   0x08000bd0   0x00000006   Code   RO           13    i.Error_Handler     main.o
    0x08000bd6   0x08000bd6   0x00000002   PAD
    0x08000bd8   0x08000bd8   0x000000b0   Code   RO          901    i.HAL_ADCEx_Calibration_Start  stm32g4xx_hal_adc_ex.o
    0x08000c88   0x08000c88   0x00000002   Code   RO          905    i.HAL_ADCEx_EndOfSamplingCallback  stm32g4xx_hal_adc_ex.o
    0x08000c8a   0x08000c8a   0x00000002   Code   RO          908    i.HAL_ADCEx_InjectedConvCpltCallback  stm32g4xx_hal_adc_ex.o
    0x08000c8c   0x08000c8c   0x00000002   Code   RO          911    i.HAL_ADCEx_InjectedQueueOverflowCallback  stm32g4xx_hal_adc_ex.o
    0x08000c8e   0x08000c8e   0x00000002   Code   RO          916    i.HAL_ADCEx_LevelOutOfWindow2Callback  stm32g4xx_hal_adc_ex.o
    0x08000c90   0x08000c90   0x00000002   Code   RO          917    i.HAL_ADCEx_LevelOutOfWindow3Callback  stm32g4xx_hal_adc_ex.o
    0x08000c92   0x08000c92   0x00000002   PAD
    0x08000c94   0x08000c94   0x0000010c   Code   RO          918    i.HAL_ADCEx_MultiModeConfigChannel  stm32g4xx_hal_adc_ex.o
    0x08000da0   0x08000da0   0x00000508   Code   RO          630    i.HAL_ADC_ConfigChannel  stm32g4xx_hal_adc.o
    0x080012a8   0x080012a8   0x00000002   Code   RO          631    i.HAL_ADC_ConvCpltCallback  stm32g4xx_hal_adc.o
    0x080012aa   0x080012aa   0x00000002   Code   RO          632    i.HAL_ADC_ConvHalfCpltCallback  stm32g4xx_hal_adc.o
    0x080012ac   0x080012ac   0x00000002   Code   RO          634    i.HAL_ADC_ErrorCallback  stm32g4xx_hal_adc.o
    0x080012ae   0x080012ae   0x00000002   PAD
    0x080012b0   0x080012b0   0x00000330   Code   RO          638    i.HAL_ADC_IRQHandler  stm32g4xx_hal_adc.o
    0x080015e0   0x080015e0   0x0000025c   Code   RO          639    i.HAL_ADC_Init      stm32g4xx_hal_adc.o
    0x0800183c   0x0800183c   0x00000002   Code   RO          640    i.HAL_ADC_LevelOutOfWindowCallback  stm32g4xx_hal_adc.o
    0x0800183e   0x0800183e   0x00000002   PAD
    0x08001840   0x08001840   0x000001c8   Code   RO          272    i.HAL_ADC_MspInit   adc.o
    0x08001a08   0x08001a08   0x00000114   Code   RO          647    i.HAL_ADC_Start_DMA  stm32g4xx_hal_adc.o
    0x08001b1c   0x08001b1c   0x00000076   Code   RO         2049    i.HAL_DMA_Abort     stm32g4xx_hal_dma.o
    0x08001b92   0x08001b92   0x00000094   Code   RO         2050    i.HAL_DMA_Abort_IT  stm32g4xx_hal_dma.o
    0x08001c26   0x08001c26   0x000000fe   Code   RO         2054    i.HAL_DMA_IRQHandler  stm32g4xx_hal_dma.o
    0x08001d24   0x08001d24   0x000000d0   Code   RO         2055    i.HAL_DMA_Init      stm32g4xx_hal_dma.o
    0x08001df4   0x08001df4   0x000000c2   Code   RO         2059    i.HAL_DMA_Start_IT  stm32g4xx_hal_dma.o
    0x08001eb6   0x08001eb6   0x00000002   PAD
    0x08001eb8   0x08001eb8   0x00000028   Code   RO         1142    i.HAL_Delay         stm32g4xx_hal.o
    0x08001ee0   0x08001ee0   0x000001cc   Code   RO         1911    i.HAL_GPIO_Init     stm32g4xx_hal_gpio.o
    0x080020ac   0x080020ac   0x00000010   Code   RO         1913    i.HAL_GPIO_ReadPin  stm32g4xx_hal_gpio.o
    0x080020bc   0x080020bc   0x0000000a   Code   RO         1915    i.HAL_GPIO_WritePin  stm32g4xx_hal_gpio.o
    0x080020c6   0x080020c6   0x00000002   PAD
    0x080020c8   0x080020c8   0x0000000c   Code   RO         1146    i.HAL_GetTick       stm32g4xx_hal.o
    0x080020d4   0x080020d4   0x00000018   Code   RO         1152    i.HAL_IncTick       stm32g4xx_hal.o
    0x080020ec   0x080020ec   0x0000001e   Code   RO         1153    i.HAL_Init          stm32g4xx_hal.o
    0x0800210a   0x0800210a   0x00000002   PAD
    0x0800210c   0x0800210c   0x00000058   Code   RO         1154    i.HAL_InitTick      stm32g4xx_hal.o
    0x08002164   0x08002164   0x00000044   Code   RO          563    i.HAL_MspInit       stm32g4xx_hal_msp.o
    0x080021a8   0x080021a8   0x00000028   Code   RO         2558    i.HAL_NVIC_EnableIRQ  stm32g4xx_hal_cortex.o
    0x080021d0   0x080021d0   0x0000007a   Code   RO         2564    i.HAL_NVIC_SetPriority  stm32g4xx_hal_cortex.o
    0x0800224a   0x0800224a   0x00000002   PAD
    0x0800224c   0x0800224c   0x00000028   Code   RO         2565    i.HAL_NVIC_SetPriorityGrouping  stm32g4xx_hal_cortex.o
    0x08002274   0x08002274   0x00000118   Code   RO         2314    i.HAL_PWREx_ControlVoltageScaling  stm32g4xx_hal_pwr_ex.o
    0x0800238c   0x0800238c   0x00000014   Code   RO         2326    i.HAL_PWREx_DisableUCPDDeadBattery  stm32g4xx_hal_pwr_ex.o
    0x080023a0   0x080023a0   0x00000370   Code   RO         1518    i.HAL_RCCEx_PeriphCLKConfig  stm32g4xx_hal_rcc_ex.o
    0x08002710   0x08002710   0x00000224   Code   RO         1388    i.HAL_RCC_ClockConfig  stm32g4xx_hal_rcc.o
    0x08002934   0x08002934   0x0000000c   Code   RO         1394    i.HAL_RCC_GetHCLKFreq  stm32g4xx_hal_rcc.o
    0x08002940   0x08002940   0x00000024   Code   RO         1396    i.HAL_RCC_GetPCLK1Freq  stm32g4xx_hal_rcc.o
    0x08002964   0x08002964   0x00000024   Code   RO         1397    i.HAL_RCC_GetPCLK2Freq  stm32g4xx_hal_rcc.o
    0x08002988   0x08002988   0x00000098   Code   RO         1398    i.HAL_RCC_GetSysClockFreq  stm32g4xx_hal_rcc.o
    0x08002a20   0x08002a20   0x0000055c   Code   RO         1401    i.HAL_RCC_OscConfig  stm32g4xx_hal_rcc.o
    0x08002f7c   0x08002f7c   0x00000034   Code   RO         2569    i.HAL_SYSTICK_Config  stm32g4xx_hal_cortex.o
    0x08002fb0   0x08002fb0   0x000000b8   Code   RO         3462    i.HAL_TIMEx_MasterConfigSynchronization  stm32g4xx_hal_tim_ex.o
    0x08003068   0x08003068   0x0000006e   Code   RO         2695    i.HAL_TIM_Base_Init  stm32g4xx_hal_tim.o
    0x080030d6   0x080030d6   0x00000002   PAD
    0x080030d8   0x080030d8   0x0000015c   Code   RO          345    i.HAL_TIM_Base_MspInit  tim.o
    0x08003234   0x08003234   0x00000134   Code   RO         2704    i.HAL_TIM_ConfigClockSource  stm32g4xx_hal_tim.o
    0x08003368   0x08003368   0x00000002   Code   RO         2725    i.HAL_TIM_ErrorCallback  stm32g4xx_hal_tim.o
    0x0800336a   0x0800336a   0x00000002   Code   RO         2729    i.HAL_TIM_IC_CaptureCallback  stm32g4xx_hal_tim.o
    0x0800336c   0x0800336c   0x00000002   Code   RO         2730    i.HAL_TIM_IC_CaptureHalfCpltCallback  stm32g4xx_hal_tim.o
    0x0800336e   0x0800336e   0x000000de   Code   RO         2731    i.HAL_TIM_IC_ConfigChannel  stm32g4xx_hal_tim.o
    0x0800344c   0x0800344c   0x0000006e   Code   RO         2734    i.HAL_TIM_IC_Init   stm32g4xx_hal_tim.o
    0x080034ba   0x080034ba   0x00000002   Code   RO         2736    i.HAL_TIM_IC_MspInit  stm32g4xx_hal_tim.o
    0x080034bc   0x080034bc   0x00000280   Code   RO         2738    i.HAL_TIM_IC_Start_DMA  stm32g4xx_hal_tim.o
    0x0800373c   0x0800373c   0x0000006c   Code   RO         2784    i.HAL_TIM_SlaveConfigSynchro  stm32g4xx_hal_tim.o
    0x080037a8   0x080037a8   0x0000004e   Code   RO         4274    i.HAL_UARTEx_DisableFifoMode  stm32g4xx_hal_uart_ex.o
    0x080037f6   0x080037f6   0x00000062   Code   RO         4280    i.HAL_UARTEx_ReceiveToIdle_DMA  stm32g4xx_hal_uart_ex.o
    0x08003858   0x08003858   0x0000002c   Code   RO         4883    i.HAL_UARTEx_RxEventCallback  usart_bsp.o
    0x08003884   0x08003884   0x00000002   Code   RO         4282    i.HAL_UARTEx_RxFifoFullCallback  stm32g4xx_hal_uart_ex.o
    0x08003886   0x08003886   0x0000005e   Code   RO         4283    i.HAL_UARTEx_SetRxFifoThreshold  stm32g4xx_hal_uart_ex.o
    0x080038e4   0x080038e4   0x0000005e   Code   RO         4284    i.HAL_UARTEx_SetTxFifoThreshold  stm32g4xx_hal_uart_ex.o
    0x08003942   0x08003942   0x00000002   Code   RO         4286    i.HAL_UARTEx_TxFifoEmptyCallback  stm32g4xx_hal_uart_ex.o
    0x08003944   0x08003944   0x00000002   Code   RO         4287    i.HAL_UARTEx_WakeupCallback  stm32g4xx_hal_uart_ex.o
    0x08003946   0x08003946   0x00000002   Code   RO         3874    i.HAL_UART_ErrorCallback  stm32g4xx_hal_uart.o
    0x08003948   0x08003948   0x000003a4   Code   RO         3877    i.HAL_UART_IRQHandler  stm32g4xx_hal_uart.o
    0x08003cec   0x08003cec   0x00000078   Code   RO         3878    i.HAL_UART_Init     stm32g4xx_hal_uart.o
    0x08003d64   0x08003d64   0x000000e4   Code   RO          393    i.HAL_UART_MspInit  usart.o
    0x08003e48   0x08003e48   0x0000005c   Code   RO         3883    i.HAL_UART_Receive_IT  stm32g4xx_hal_uart.o
    0x08003ea4   0x08003ea4   0x00000002   Code   RO         3885    i.HAL_UART_RxCpltCallback  stm32g4xx_hal_uart.o
    0x08003ea6   0x08003ea6   0x00000002   Code   RO         3886    i.HAL_UART_RxHalfCpltCallback  stm32g4xx_hal_uart.o
    0x08003ea8   0x08003ea8   0x00000002   Code   RO         3890    i.HAL_UART_TxCpltCallback  stm32g4xx_hal_uart.o
    0x08003eaa   0x08003eaa   0x00000004   Code   RO          453    i.HardFault_Handler  stm32g4xx_it.o
    0x08003eae   0x08003eae   0x00000002   PAD
    0x08003eb0   0x08003eb0   0x00000030   Code   RO         4623    i.LCD_BusIn         lcd.o
    0x08003ee0   0x08003ee0   0x00000030   Code   RO         4624    i.LCD_BusOut        lcd.o
    0x08003f10   0x08003f10   0x00000026   Code   RO         4625    i.LCD_Clear         lcd.o
    0x08003f36   0x08003f36   0x00000002   PAD
    0x08003f38   0x08003f38   0x000000c4   Code   RO         4627    i.LCD_CtrlLinesConfig  lcd.o
    0x08003ffc   0x08003ffc   0x00000038   Code   RO         4638    i.LCD_Init          lcd.o
    0x08004034   0x08004034   0x000000ac   Code   RO         4641    i.LCD_ReadReg       lcd.o
    0x080040e0   0x080040e0   0x00000010   Code   RO         4642    i.LCD_SetBackColor  lcd.o
    0x080040f0   0x080040f0   0x00000018   Code   RO         4643    i.LCD_SetCursor     lcd.o
    0x08004108   0x08004108   0x00000010   Code   RO         4645    i.LCD_SetTextColor  lcd.o
    0x08004118   0x08004118   0x00000072   Code   RO           15    i.LCD_ShowcrosswisePicture  main.o
    0x0800418a   0x0800418a   0x00000002   PAD
    0x0800418c   0x0800418c   0x00000078   Code   RO         4648    i.LCD_WriteRAM      lcd.o
    0x08004204   0x08004204   0x00000078   Code   RO         4649    i.LCD_WriteRAM_Prepare  lcd.o
    0x0800427c   0x0800427c   0x00000090   Code   RO         4650    i.LCD_WriteReg      lcd.o
    0x0800430c   0x0800430c   0x00000010   Code   RO          653    i.LL_ADC_Enable     stm32g4xx_hal_adc.o
    0x0800431c   0x0800431c   0x0000000a   Code   RO          654    i.LL_ADC_GetMultimode  stm32g4xx_hal_adc.o
    0x08004326   0x08004326   0x00000012   Code   RO          655    i.LL_ADC_GetOffsetChannel  stm32g4xx_hal_adc.o
    0x08004338   0x08004338   0x0000000a   Code   RO          656    i.LL_ADC_INJ_IsConversionOngoing  stm32g4xx_hal_adc.o
    0x08004342   0x08004342   0x0000000a   Code   RO          657    i.LL_ADC_IsDisableOngoing  stm32g4xx_hal_adc.o
    0x0800434c   0x0800434c   0x0000000a   Code   RO          658    i.LL_ADC_IsEnabled  stm32g4xx_hal_adc.o
    0x08004356   0x08004356   0x0000000a   Code   RO          930    i.LL_ADC_IsEnabled  stm32g4xx_hal_adc_ex.o
    0x08004360   0x08004360   0x0000000a   Code   RO          659    i.LL_ADC_IsInternalRegulatorEnabled  stm32g4xx_hal_adc.o
    0x0800436a   0x0800436a   0x0000000a   Code   RO          660    i.LL_ADC_REG_IsConversionOngoing  stm32g4xx_hal_adc.o
    0x08004374   0x08004374   0x0000000a   Code   RO          931    i.LL_ADC_REG_IsConversionOngoing  stm32g4xx_hal_adc_ex.o
    0x0800437e   0x0800437e   0x00000012   Code   RO          661    i.LL_ADC_REG_IsTriggerSourceSWStart  stm32g4xx_hal_adc.o
    0x08004390   0x08004390   0x00000010   Code   RO          662    i.LL_ADC_REG_StartConversion  stm32g4xx_hal_adc.o
    0x080043a0   0x080043a0   0x00000028   Code   RO          664    i.LL_ADC_SetChannelSamplingTime  stm32g4xx_hal_adc.o
    0x080043c8   0x080043c8   0x0000000c   Code   RO          665    i.LL_ADC_SetCommonPathInternalCh  stm32g4xx_hal_adc.o
    0x080043d4   0x080043d4   0x00000016   Code   RO          666    i.LL_ADC_SetOffsetState  stm32g4xx_hal_adc.o
    0x080043ea   0x080043ea   0x0000000c   Code   RO          667    i.LL_ADC_SetSamplingTimeCommonConfig  stm32g4xx_hal_adc.o
    0x080043f6   0x080043f6   0x00000002   PAD
    0x080043f8   0x080043f8   0x000000a4   Code   RO          273    i.MX_ADC1_Init      adc.o
    0x0800449c   0x0800449c   0x0000008c   Code   RO          274    i.MX_ADC2_Init      adc.o
    0x08004528   0x08004528   0x000000a8   Code   RO          320    i.MX_DMA_Init       dma.o
    0x080045d0   0x080045d0   0x00000140   Code   RO          247    i.MX_GPIO_Init      gpio.o
    0x08004710   0x08004710   0x000000c4   Code   RO          346    i.MX_TIM2_Init      tim.o
    0x080047d4   0x080047d4   0x000000c8   Code   RO          347    i.MX_TIM3_Init      tim.o
    0x0800489c   0x0800489c   0x0000009c   Code   RO          394    i.MX_USART1_UART_Init  usart.o
    0x08004938   0x08004938   0x00000004   Code   RO          454    i.MemManage_Handler  stm32g4xx_it.o
    0x0800493c   0x0800493c   0x00000004   Code   RO          455    i.NMI_Handler       stm32g4xx_it.o
    0x08004940   0x08004940   0x00000002   Code   RO          456    i.PendSV_Handler    stm32g4xx_it.o
    0x08004942   0x08004942   0x00000002   PAD
    0x08004944   0x08004944   0x00000068   Code   RO         1402    i.RCC_GetSysClockFreqFromPLLSource  stm32g4xx_hal_rcc.o
    0x080049ac   0x080049ac   0x00000120   Code   RO         4651    i.REG_8230_Init     lcd.o
    0x08004acc   0x08004acc   0x00000200   Code   RO         4652    i.REG_932X_Init     lcd.o
    0x08004ccc   0x08004ccc   0x00000002   Code   RO          457    i.SVC_Handler       stm32g4xx_it.o
    0x08004cce   0x08004cce   0x00000008   Code   RO          458    i.SysTick_Handler   stm32g4xx_it.o
    0x08004cd6   0x08004cd6   0x00000068   Code   RO           16    i.SystemClock_Config  main.o
    0x08004d3e   0x08004d3e   0x00000002   PAD
    0x08004d40   0x08004d40   0x00000014   Code   RO         4398    i.SystemInit        system_stm32g4xx.o
    0x08004d54   0x08004d54   0x000000cc   Code   RO         2788    i.TIM_Base_SetConfig  stm32g4xx_hal_tim.o
    0x08004e20   0x08004e20   0x00000022   Code   RO         2789    i.TIM_CCxChannelCmd  stm32g4xx_hal_tim.o
    0x08004e42   0x08004e42   0x0000007a   Code   RO         2790    i.TIM_DMACaptureCplt  stm32g4xx_hal_tim.o
    0x08004ebc   0x08004ebc   0x00000040   Code   RO         2791    i.TIM_DMACaptureHalfCplt  stm32g4xx_hal_tim.o
    0x08004efc   0x08004efc   0x0000005e   Code   RO         2794    i.TIM_DMAError      stm32g4xx_hal_tim.o
    0x08004f5a   0x08004f5a   0x00000016   Code   RO         2799    i.TIM_ETR_SetConfig  stm32g4xx_hal_tim.o
    0x08004f70   0x08004f70   0x00000018   Code   RO         2800    i.TIM_ITRx_SetConfig  stm32g4xx_hal_tim.o
    0x08004f88   0x08004f88   0x00000104   Code   RO         2807    i.TIM_SlaveTimer_SetConfig  stm32g4xx_hal_tim.o
    0x0800508c   0x0800508c   0x00000026   Code   RO         2808    i.TIM_TI1_ConfigInputStage  stm32g4xx_hal_tim.o
    0x080050b2   0x080050b2   0x00000002   PAD
    0x080050b4   0x080050b4   0x0000007c   Code   RO         2809    i.TIM_TI1_SetConfig  stm32g4xx_hal_tim.o
    0x08005130   0x08005130   0x00000028   Code   RO         2810    i.TIM_TI2_ConfigInputStage  stm32g4xx_hal_tim.o
    0x08005158   0x08005158   0x0000003a   Code   RO         2811    i.TIM_TI2_SetConfig  stm32g4xx_hal_tim.o
    0x08005192   0x08005192   0x00000038   Code   RO         2812    i.TIM_TI3_SetConfig  stm32g4xx_hal_tim.o
    0x080051ca   0x080051ca   0x0000003c   Code   RO         2813    i.TIM_TI4_SetConfig  stm32g4xx_hal_tim.o
    0x08005206   0x08005206   0x00000002   PAD
    0x08005208   0x08005208   0x00000058   Code   RO         4288    i.UARTEx_SetNbDataToProcess  stm32g4xx_hal_uart_ex.o
    0x08005260   0x08005260   0x000000f8   Code   RO         3892    i.UART_AdvFeatureConfig  stm32g4xx_hal_uart.o
    0x08005358   0x08005358   0x000000ea   Code   RO         3893    i.UART_CheckIdleState  stm32g4xx_hal_uart.o
    0x08005442   0x08005442   0x00000018   Code   RO         3894    i.UART_DMAAbortOnError  stm32g4xx_hal_uart.o
    0x0800545a   0x0800545a   0x0000005e   Code   RO         3895    i.UART_DMAError     stm32g4xx_hal_uart.o
    0x080054b8   0x080054b8   0x000000b4   Code   RO         3896    i.UART_DMAReceiveCplt  stm32g4xx_hal_uart.o
    0x0800556c   0x0800556c   0x00000026   Code   RO         3898    i.UART_DMARxHalfCplt  stm32g4xx_hal_uart.o
    0x08005592   0x08005592   0x00000002   PAD
    0x08005594   0x08005594   0x0000006c   Code   RO         3904    i.UART_EndRxTransfer  stm32g4xx_hal_uart.o
    0x08005600   0x08005600   0x00000030   Code   RO         3905    i.UART_EndTransmit_IT  stm32g4xx_hal_uart.o
    0x08005630   0x08005630   0x00000040   Code   RO         3906    i.UART_EndTxTransfer  stm32g4xx_hal_uart.o
    0x08005670   0x08005670   0x00000104   Code   RO         3907    i.UART_RxISR_16BIT  stm32g4xx_hal_uart.o
    0x08005774   0x08005774   0x000001fc   Code   RO         3908    i.UART_RxISR_16BIT_FIFOEN  stm32g4xx_hal_uart.o
    0x08005970   0x08005970   0x00000104   Code   RO         3909    i.UART_RxISR_8BIT   stm32g4xx_hal_uart.o
    0x08005a74   0x08005a74   0x000001f8   Code   RO         3910    i.UART_RxISR_8BIT_FIFOEN  stm32g4xx_hal_uart.o
    0x08005c6c   0x08005c6c   0x00000384   Code   RO         3911    i.UART_SetConfig    stm32g4xx_hal_uart.o
    0x08005ff0   0x08005ff0   0x000000c8   Code   RO         3912    i.UART_Start_Receive_DMA  stm32g4xx_hal_uart.o
    0x080060b8   0x080060b8   0x0000015c   Code   RO         3913    i.UART_Start_Receive_IT  stm32g4xx_hal_uart.o
    0x08006214   0x08006214   0x000000ac   Code   RO         3918    i.UART_WaitOnFlagUntilTimeout  stm32g4xx_hal_uart.o
    0x080062c0   0x080062c0   0x00000030   Code   RO          459    i.USART1_IRQHandler  stm32g4xx_it.o
    0x080062f0   0x080062f0   0x00000004   Code   RO          460    i.UsageFault_Handler  stm32g4xx_it.o
    0x080062f4   0x080062f4   0x00000010   Code   RO         2571    i.__NVIC_GetPriorityGrouping  stm32g4xx_hal_cortex.o
    0x08006304   0x08006304   0x00000028   Code   RO         2572    i.__NVIC_SetPriority  stm32g4xx_hal_cortex.o
    0x0800632c   0x0800632c   0x0000000e   Code   RO         5233    i.__scatterload_copy  mc_w.l(handlers.o)
    0x0800633a   0x0800633a   0x00000002   Code   RO         5234    i.__scatterload_null  mc_w.l(handlers.o)
    0x0800633c   0x0800633c   0x0000000e   Code   RO         5235    i.__scatterload_zeroinit  mc_w.l(handlers.o)
    0x0800634a   0x0800634a   0x00000002   PAD
    0x0800634c   0x0800634c   0x00000074   Code   RO         4967    i.adc_proc          adc_bsp.o
    0x080063c0   0x080063c0   0x0000003c   Code   RO         4434    i.akebi_init        akebi.o
    0x080063fc   0x080063fc   0x0000017c   Code   RO         4999    i.cheak_fluse_change  tim_app.o
    0x08006578   0x08006578   0x000001d0   Code   RO         5000    i.ic_proc           tim_app.o
    0x08006748   0x08006748   0x0000005c   Code   RO         4570    i.key_init          key_bsp.o
    0x080067a4   0x080067a4   0x00000178   Code   RO         4571    i.key_proc          key_bsp.o
    0x0800691c   0x0800691c   0x00000040   Code   RO         4572    i.key_read          key_bsp.o
    0x0800695c   0x0800695c   0x00000064   Code   RO         4533    i.led_disp          led_bsp.o
    0x080069c0   0x080069c0   0x0000007c   Code   RO         4534    i.led_proc          led_bsp.o
    0x08006a3c   0x08006a3c   0x0000002a   Code   RO         5058    i.limit_value       filter.o
    0x08006a66   0x08006a66   0x00000002   PAD
    0x08006a68   0x08006a68   0x000000c4   Code   RO           17    i.main              main.o
    0x08006b2c   0x08006b2c   0x00000108   Code   RO         5003    i.ringbuffer_fluse_init  tim_app.o
    0x08006c34   0x08006c34   0x0000001a   Code   RO         4919    i.ringbuffer_init   ringbuffer.o
    0x08006c4e   0x08006c4e   0x0000000e   Code   RO         4920    i.ringbuffer_is_empty  ringbuffer.o
    0x08006c5c   0x08006c5c   0x00000010   Code   RO         4921    i.ringbuffer_is_full  ringbuffer.o
    0x08006c6c   0x08006c6c   0x00000044   Code   RO         4922    i.ringbuffer_read   ringbuffer.o
    0x08006cb0   0x08006cb0   0x00000044   Code   RO         4923    i.ringbuffer_write  ringbuffer.o
    0x08006cf4   0x08006cf4   0x0000000c   Code   RO         4497    i.scheduler_init    komichi.o
    0x08006d00   0x08006d00   0x000000a0   Code   RO         4884    i.usart_proc        usart_bsp.o
    0x08006da0   0x08006da0   0x00018428   Data   RO           18    .constdata          main.o
    0x0801f1c8   0x0801f1c8   0x00000018   Data   RO         3919    .constdata          stm32g4xx_hal_uart.o
    0x0801f1e0   0x0801f1e0   0x00000010   Data   RO         4290    .constdata          stm32g4xx_hal_uart_ex.o
    0x0801f1f0   0x0801f1f0   0x00000018   Data   RO         4399    .constdata          system_stm32g4xx.o
    0x0801f208   0x0801f208   0x00000040   Data   RO         5229    .constdata          mc_w.l(ctype_c.o)
    0x0801f248   0x0801f248   0x00000020   Data   RO         5231    Region$$Table       anon$$obj.o


    Execution Region RW_IRAM1 (Exec base: 0x20000000, Load base: 0x0801f268, Size: 0x00000f18, Max: 0x00008000, ABSOLUTE)

    Exec Addr    Load Addr    Size         Type   Attr      Idx    E Section Name        Object

    0x20000000   0x0801f268   0x00000004   Data   RW          276    .data               adc.o
    0x20000004   0x0801f26c   0x0000000c   Data   RW         1173    .data               stm32g4xx_hal.o
    0x20000010   0x0801f278   0x00000004   Data   RW         4400    .data               system_stm32g4xx.o
    0x20000014   0x0801f27c   0x00000044   Data   RW         4499    .data               komichi.o
    0x20000058   0x0801f2c0   0x00000009   Data   RW         4535    .data               led_bsp.o
    0x20000061   0x0801f2c9   0x00000003   PAD
    0x20000064   0x0801f2cc   0x00000010   Data   RW         4576    .data               key_bsp.o
    0x20000074   0x0801f2dc   0x00000006   Data   RW         4654    .data               lcd.o
    0x2000007a   0x0801f2e2   0x00000014   Data   RW         4836    .data               lcd_bsp.o
    0x2000008e   0x0801f2f6   0x00000002   PAD
    0x20000090   0x0801f2f8   0x00000008   Data   RW         4969    .data               adc_bsp.o
    0x20000098   0x0801f300   0x0000001c   Data   RW         5005    .data               tim_app.o
    0x200000b4        -       0x00000198   Zero   RW          275    .bss                adc.o
    0x2000024c        -       0x00000158   Zero   RW          348    .bss                tim.o
    0x200003a4        -       0x000001f4   Zero   RW          396    .bss                usart.o
    0x20000598        -       0x00000040   Zero   RW         4575    .bss                key_bsp.o
    0x200005d8        -       0x0000006c   Zero   RW         4885    .bss                usart_bsp.o
    0x20000644        -       0x000000f0   Zero   RW         4968    .bss                adc_bsp.o
    0x20000734        -       0x000003e0   Zero   RW         5004    .bss                tim_app.o
    0x20000b14   0x0801f31c   0x00000004   PAD
    0x20000b18        -       0x00000400   Zero   RW            1    STACK               startup_stm32g431xx.o


==============================================================================

Image component sizes


      Code (inc. data)   RO Data    RW Data    ZI Data      Debug   Object Name

       760         54          0          4        408       2962   adc.o
       116          8          0          8        240       1108   adc_bsp.o
        60         10          0          0          0       2940   akebi.o
       168          4          0          0          0        902   dma.o
        42          0          0          0          0       1110   filter.o
       320         16          0          0          0       1107   gpio.o
       532         80          0         16         64       2627   key_bsp.o
        12          4          0         68          0       1145   komichi.o
      1828         70          0          6          0       9523   lcd.o
         0          0          0         20          0        570   lcd_bsp.o
       224         40          0          9          0       1682   led_bsp.o
       420         38      99368          0          0     679539   main.o
       192          0          0          0          0       3446   ringbuffer.o
        36          8        472          0       1024        856   startup_stm32g431xx.o
       194         32          0         12          0       4461   stm32g4xx_hal.o
      3744        140          0          0          0      87307   stm32g4xx_hal_adc.o
       474         18          0          0          0      72590   stm32g4xx_hal_adc_ex.o
       310         22          0          0          0      34483   stm32g4xx_hal_cortex.o
      1090         22          0          0          0       6482   stm32g4xx_hal_dma.o
       486         32          0          0          0       2807   stm32g4xx_hal_gpio.o
        68          6          0          0          0        890   stm32g4xx_hal_msp.o
       300         18          0          0          0       1449   stm32g4xx_hal_pwr_ex.o
      2260        106          0          0          0       7408   stm32g4xx_hal_rcc.o
       880          8          0          0          0       1912   stm32g4xx_hal_rcc_ex.o
      2706        122          0          0          0      19394   stm32g4xx_hal_tim.o
       184         26          0          0          0       1472   stm32g4xx_hal_tim_ex.o
      5342        148         24          0          0      41670   stm32g4xx_hal_uart.o
       458         10         16          0          0       6533   stm32g4xx_hal_uart_ex.o
       186         50          0          0          0       8097   stm32g4xx_it.o
        20          6         24          4          0       1187   system_stm32g4xx.o
       744         44          0          0        344       3087   tim.o
      1108        146          0         28        992       3820   tim_app.o
       384         38          0          0        500       2279   usart.o
       204         58          0          0        108       2247   usart_bsp.o

    ----------------------------------------------------------------------
     25892       1384      99936        180       3684    1019092   Object Totals
         0          0         32          0          0          0   (incl. Generated)
        40          0          0          5          4          0   (incl. Padding)

    ----------------------------------------------------------------------

      Code (inc. data)   RO Data    RW Data    ZI Data      Debug   Library Member Name

        56          8          0          0          0         84   __0sscanf.o
        28          0          0          0          0         68   _chval.o
       812          4          0          0          0        112   _scanf.o
       332          0          0          0          0         96   _scanf_int.o
        64          0          0          0          0         84   _sgetc.o
        40          6         64          0          0         68   ctype_c.o
         0          0          0          0          0          0   entry.o
         0          0          0          0          0          0   entry10a.o
         0          0          0          0          0          0   entry11a.o
         8          4          0          0          0          0   entry2.o
         4          0          0          0          0          0   entry5.o
         0          0          0          0          0          0   entry7b.o
         0          0          0          0          0          0   entry8b.o
         8          4          0          0          0          0   entry9a.o
        30          0          0          0          0          0   handlers.o
        36          8          0          0          0         68   init.o
        10          0          0          0          0         68   isspace_c.o
        30          0          0          0          0         68   llshl.o
        32          0          0          0          0         68   llushr.o
        36          0          0          0          0        108   memseta.o
        40          8          0          0          0         84   scanf_char.o
        28          0          0          0          0         76   strcmp.o
        98          0          0          0          0         92   uldiv.o

    ----------------------------------------------------------------------
      1700         42         64          0          0       1144   Library Totals
         8          0          0          0          0          0   (incl. Padding)

    ----------------------------------------------------------------------

      Code (inc. data)   RO Data    RW Data    ZI Data      Debug   Library Name

      1692         42         64          0          0       1144   mc_w.l

    ----------------------------------------------------------------------
      1700         42         64          0          0       1144   Library Totals

    ----------------------------------------------------------------------

==============================================================================


      Code (inc. data)   RO Data    RW Data    ZI Data      Debug   

     27592       1426     100000        180       3684    1001620   Grand Totals
     27592       1426     100000        180       3684    1001620   ELF Image Totals
     27592       1426     100000        180          0          0   ROM Totals

==============================================================================

    Total RO  Size (Code + RO Data)               127592 ( 124.60kB)
    Total RW  Size (RW Data + ZI Data)              3864 (   3.77kB)
    Total ROM Size (Code + RO Data + RW Data)     127772 ( 124.78kB)

==============================================================================

