Component: ARM Compiler 5.06 update 5 (build 528) Tool: armlink [4d35e2]

==============================================================================

Section Cross References

    startup_stm32g431xx.o(RESET) refers to startup_stm32g431xx.o(STACK) for __initial_sp
    startup_stm32g431xx.o(RESET) refers to startup_stm32g431xx.o(.text) for Reset_Handler
    startup_stm32g431xx.o(RESET) refers to stm32g4xx_it.o(i.NMI_Handler) for NMI_Handler
    startup_stm32g431xx.o(RESET) refers to stm32g4xx_it.o(i.HardFault_Handler) for HardFault_Handler
    startup_stm32g431xx.o(RESET) refers to stm32g4xx_it.o(i.MemManage_Handler) for MemManage_Handler
    startup_stm32g431xx.o(RESET) refers to stm32g4xx_it.o(i.BusFault_Handler) for BusFault_Handler
    startup_stm32g431xx.o(RESET) refers to stm32g4xx_it.o(i.UsageFault_Handler) for UsageFault_Handler
    startup_stm32g431xx.o(RESET) refers to stm32g4xx_it.o(i.SVC_Handler) for SVC_Handler
    startup_stm32g431xx.o(RESET) refers to stm32g4xx_it.o(i.DebugMon_Handler) for DebugMon_Handler
    startup_stm32g431xx.o(RESET) refers to stm32g4xx_it.o(i.PendSV_Handler) for PendSV_Handler
    startup_stm32g431xx.o(RESET) refers to stm32g4xx_it.o(i.SysTick_Handler) for SysTick_Handler
    startup_stm32g431xx.o(RESET) refers to stm32g4xx_it.o(i.DMA1_Channel1_IRQHandler) for DMA1_Channel1_IRQHandler
    startup_stm32g431xx.o(RESET) refers to stm32g4xx_it.o(i.DMA1_Channel2_IRQHandler) for DMA1_Channel2_IRQHandler
    startup_stm32g431xx.o(RESET) refers to stm32g4xx_it.o(i.DMA1_Channel3_IRQHandler) for DMA1_Channel3_IRQHandler
    startup_stm32g431xx.o(RESET) refers to stm32g4xx_it.o(i.ADC1_2_IRQHandler) for ADC1_2_IRQHandler
    startup_stm32g431xx.o(RESET) refers to stm32g4xx_it.o(i.USART1_IRQHandler) for USART1_IRQHandler
    startup_stm32g431xx.o(.text) refers to system_stm32g4xx.o(i.SystemInit) for SystemInit
    startup_stm32g431xx.o(.text) refers to entry.o(.ARM.Collect$$$$00000000) for __main
    main.o(i.SystemClock_Config) refers to memseta.o(.text) for __aeabi_memclr4
    main.o(i.SystemClock_Config) refers to stm32g4xx_hal_pwr_ex.o(i.HAL_PWREx_ControlVoltageScaling) for HAL_PWREx_ControlVoltageScaling
    main.o(i.SystemClock_Config) refers to stm32g4xx_hal_rcc.o(i.HAL_RCC_OscConfig) for HAL_RCC_OscConfig
    main.o(i.SystemClock_Config) refers to main.o(i.Error_Handler) for Error_Handler
    main.o(i.SystemClock_Config) refers to stm32g4xx_hal_rcc.o(i.HAL_RCC_ClockConfig) for HAL_RCC_ClockConfig
    main.o(i.main) refers to stm32g4xx_hal.o(i.HAL_Init) for HAL_Init
    main.o(i.main) refers to main.o(i.SystemClock_Config) for SystemClock_Config
    main.o(i.main) refers to gpio.o(i.MX_GPIO_Init) for MX_GPIO_Init
    main.o(i.main) refers to dma.o(i.MX_DMA_Init) for MX_DMA_Init
    main.o(i.main) refers to usart.o(i.MX_USART1_UART_Init) for MX_USART1_UART_Init
    main.o(i.main) refers to adc.o(i.MX_ADC1_Init) for MX_ADC1_Init
    main.o(i.main) refers to adc.o(i.MX_ADC2_Init) for MX_ADC2_Init
    main.o(i.main) refers to akebi.o(i.akebi_init) for akebi_init
    main.o(i.main) refers to stm32g4xx_hal_adc_ex.o(i.HAL_ADCEx_Calibration_Start) for HAL_ADCEx_Calibration_Start
    main.o(i.main) refers to key_bsp.o(i.key_init) for key_init
    main.o(i.main) refers to ringbuffer.o(i.ringbuffer_init) for ringbuffer_init
    main.o(i.main) refers to stm32g4xx_hal_adc.o(i.HAL_ADC_Start_DMA) for HAL_ADC_Start_DMA
    main.o(i.main) refers to lcd.o(i.LCD_Init) for LCD_Init
    main.o(i.main) refers to lcd.o(i.LCD_Clear) for LCD_Clear
    main.o(i.main) refers to lcd.o(i.LCD_SetTextColor) for LCD_SetTextColor
    main.o(i.main) refers to lcd.o(i.LCD_SetBackColor) for LCD_SetBackColor
    main.o(i.main) refers to komichi.o(i.scheduler_init) for scheduler_init
    main.o(i.main) refers to collect.o(i.r38_collect_init) for r38_collect_init
    main.o(i.main) refers to komichi.o(i.scheduler_run) for scheduler_run
    main.o(i.main) refers to adc.o(.bss) for hadc1
    main.o(i.main) refers to usart_bsp.o(.bss) for usart_rb
    main.o(i.main) refers to adc_bsp.o(.bss) for dma_buff
    gpio.o(i.MX_GPIO_Init) refers to memseta.o(.text) for __aeabi_memclr4
    gpio.o(i.MX_GPIO_Init) refers to stm32g4xx_hal_gpio.o(i.HAL_GPIO_WritePin) for HAL_GPIO_WritePin
    gpio.o(i.MX_GPIO_Init) refers to stm32g4xx_hal_gpio.o(i.HAL_GPIO_Init) for HAL_GPIO_Init
    adc.o(i.HAL_ADC_MspDeInit) refers to stm32g4xx_hal_gpio.o(i.HAL_GPIO_DeInit) for HAL_GPIO_DeInit
    adc.o(i.HAL_ADC_MspDeInit) refers to stm32g4xx_hal_dma.o(i.HAL_DMA_DeInit) for HAL_DMA_DeInit
    adc.o(i.HAL_ADC_MspDeInit) refers to adc.o(.data) for HAL_RCC_ADC12_CLK_ENABLED
    adc.o(i.HAL_ADC_MspInit) refers to memseta.o(.text) for __aeabi_memclr4
    adc.o(i.HAL_ADC_MspInit) refers to stm32g4xx_hal_rcc_ex.o(i.HAL_RCCEx_PeriphCLKConfig) for HAL_RCCEx_PeriphCLKConfig
    adc.o(i.HAL_ADC_MspInit) refers to main.o(i.Error_Handler) for Error_Handler
    adc.o(i.HAL_ADC_MspInit) refers to stm32g4xx_hal_gpio.o(i.HAL_GPIO_Init) for HAL_GPIO_Init
[...]
    i.Delay_LCD                              0x08000a66   Section        0  lcd.o(i.Delay_LCD)
    i.Error_Handler                          0x08000a84   Section        0  main.o(i.Error_Handler)
    i.HAL_ADCEx_Calibration_Start            0x08000a8c   Section        0  stm32g4xx_hal_adc_ex.o(i.HAL_ADCEx_Calibration_Start)
    i.HAL_ADCEx_EndOfSamplingCallback        0x08000b3c   Section        0  stm32g4xx_hal_adc_ex.o(i.HAL_ADCEx_EndOfSamplingCallback)
    i.HAL_ADCEx_InjectedConvCpltCallback     0x08000b3e   Section        0  stm32g4xx_hal_adc_ex.o(i.HAL_ADCEx_InjectedConvCpltCallback)
    i.HAL_ADCEx_InjectedQueueOverflowCallback 0x08000b40   Section        0  stm32g4xx_hal_adc_ex.o(i.HAL_ADCEx_InjectedQueueOverflowCallback)
    i.HAL_ADCEx_LevelOutOfWindow2Callback    0x08000b42   Section        0  stm32g4xx_hal_adc_ex.o(i.HAL_ADCEx_LevelOutOfWindow2Callback)
    i.HAL_ADCEx_LevelOutOfWindow3Callback    0x08000b44   Section        0  stm32g4xx_hal_adc_ex.o(i.HAL_ADCEx_LevelOutOfWindow3Callback)
    i.HAL_ADCEx_MultiModeConfigChannel       0x08000b48   Section        0  stm32g4xx_hal_adc_ex.o(i.HAL_ADCEx_MultiModeConfigChannel)
    i.HAL_ADC_ConfigChannel                  0x08000c54   Section        0  stm32g4xx_hal_adc.o(i.HAL_ADC_ConfigChannel)
    i.HAL_ADC_ConvCpltCallback               0x0800115c   Section        0  stm32g4xx_hal_adc.o(i.HAL_ADC_ConvCpltCallback)
    i.HAL_ADC_ConvHalfCpltCallback           0x0800115e   Section        0  stm32g4xx_hal_adc.o(i.HAL_ADC_ConvHalfCpltCallback)
    i.HAL_ADC_ErrorCallback                  0x08001160   Section        0  stm32g4xx_hal_adc.o(i.HAL_ADC_ErrorCallback)
    i.HAL_ADC_IRQHandler                     0x08001164   Section        0  stm32g4xx_hal_adc.o(i.HAL_ADC_IRQHandler)
    i.HAL_ADC_Init                           0x08001494   Section        0  stm32g4xx_hal_adc.o(i.HAL_ADC_Init)
    i.HAL_ADC_LevelOutOfWindowCallback       0x080016fc   Section        0  stm32g4xx_hal_adc.o(i.HAL_ADC_LevelOutOfWindowCallback)
    i.HAL_ADC_MspInit                        0x08001700   Section        0  adc.o(i.HAL_ADC_MspInit)
    i.HAL_ADC_Start_DMA                      0x080018c8   Section        0  stm32g4xx_hal_adc.o(i.HAL_ADC_Start_DMA)
    i.HAL_DMA_Abort                          0x080019dc   Section        0  stm32g4xx_hal_dma.o(i.HAL_DMA_Abort)
    i.HAL_DMA_Abort_IT                       0x08001a52   Section        0  stm32g4xx_hal_dma.o(i.HAL_DMA_Abort_IT)
    i.HAL_DMA_IRQHandler                     0x08001ae6   Section        0  stm32g4xx_hal_dma.o(i.HAL_DMA_IRQHandler)
    i.HAL_DMA_Init                           0x08001be4   Section        0  stm32g4xx_hal_dma.o(i.HAL_DMA_Init)
    i.HAL_DMA_Start_IT                       0x08001cb4   Section        0  stm32g4xx_hal_dma.o(i.HAL_DMA_Start_IT)
    i.HAL_Delay                              0x08001d78   Section        0  stm32g4xx_hal.o(i.HAL_Delay)
    i.HAL_GPIO_Init                          0x08001da0   Section        0  stm32g4xx_hal_gpio.o(i.HAL_GPIO_Init)
    i.HAL_GPIO_ReadPin                       0x08001f78   Section        0  stm32g4xx_hal_gpio.o(i.HAL_GPIO_ReadPin)
    i.HAL_GPIO_WritePin                      0x08001f88   Section        0  stm32g4xx_hal_gpio.o(i.HAL_GPIO_WritePin)
    i.HAL_GetTick                            0x08001f94   Section        0  stm32g4xx_hal.o(i.HAL_GetTick)
    i.HAL_IncTick                            0x08001fa0   Section        0  stm32g4xx_hal.o(i.HAL_IncTick)
    i.HAL_Init                               0x08001fb8   Section        0  stm32g4xx_hal.o(i.HAL_Init)
    i.HAL_InitTick                           0x08001fd8   Section        0  stm32g4xx_hal.o(i.HAL_InitTick)
    i.HAL_MspInit                            0x08002030   Section        0  stm32g4xx_hal_msp.o(i.HAL_MspInit)
    i.HAL_NVIC_EnableIRQ                     0x08002074   Section        0  stm32g4xx_hal_cortex.o(i.HAL_NVIC_EnableIRQ)
    i.HAL_NVIC_SetPriority                   0x0800209c   Section        0  stm32g4xx_hal_cortex.o(i.HAL_NVIC_SetPriority)
    i.HAL_NVIC_SetPriorityGrouping           0x08002118   Section        0  stm32g4xx_hal_cortex.o(i.HAL_NVIC_SetPriorityGrouping)
    i.HAL_PWREx_ControlVoltageScaling        0x08002140   Section        0  stm32g4xx_hal_pwr_ex.o(i.HAL_PWREx_ControlVoltageScaling)
    i.HAL_PWREx_DisableUCPDDeadBattery       0x08002258   Section        0  stm32g4xx_hal_pwr_ex.o(i.HAL_PWREx_DisableUCPDDeadBattery)
    i.HAL_RCCEx_PeriphCLKConfig              0x0800226c   Section        0  stm32g4xx_hal_rcc_ex.o(i.HAL_RCCEx_PeriphCLKConfig)
    i.HAL_RCC_ClockConfig                    0x080025dc   Section        0  stm32g4xx_hal_rcc.o(i.HAL_RCC_ClockConfig)
    i.HAL_RCC_GetHCLKFreq                    0x08002800   Section        0  stm32g4xx_hal_rcc.o(i.HAL_RCC_GetHCLKFreq)
    i.HAL_RCC_GetPCLK1Freq                   0x0800280c   Section        0  stm32g4xx_hal_rcc.o(i.HAL_RCC_GetPCLK1Freq)
    i.HAL_RCC_GetPCLK2Freq                   0x08002830   Section        0  stm32g4xx_hal_rcc.o(i.HAL_RCC_GetPCLK2Freq)
    i.HAL_RCC_GetSysClockFreq                0x08002854   Section        0  stm32g4xx_hal_rcc.o(i.HAL_RCC_GetSysClockFreq)
    i.HAL_RCC_OscConfig                      0x080028ec   Section        0  stm32g4xx_hal_rcc.o(i.HAL_RCC_OscConfig)
    i.HAL_SYSTICK_Config                     0x08002e54   Section        0  stm32g4xx_hal_cortex.o(i.HAL_SYSTICK_Config)
    i.HAL_UARTEx_DisableFifoMode             0x08002e88   Section        0  stm32g4xx_hal_uart_ex.o(i.HAL_UARTEx_DisableFifoMode)
    i.HAL_UARTEx_ReceiveToIdle_DMA           0x08002ed6   Section        0  stm32g4xx_hal_uart_ex.o(i.HAL_UARTEx_ReceiveToIdle_DMA)
    i.HAL_UARTEx_RxEventCallback             0x08002f3c   Section        0  usart_bsp.o(i.HAL_UARTEx_RxEventCallback)
    i.HAL_UARTEx_RxFifoFullCallback          0x08002f68   Section        0  stm32g4xx_hal_uart_ex.o(i.HAL_UARTEx_RxFifoFullCallback)
    i.HAL_UARTEx_SetRxFifoThreshold          0x08002f6a   Section        0  stm32g4xx_hal_uart_ex.o(i.HAL_UARTEx_SetRxFifoThreshold)
    i.HAL_UARTEx_SetTxFifoThreshold          0x08002fc8   Section        0  stm32g4xx_hal_uart_ex.o(i.HAL_UARTEx_SetTxFifoThreshold)
    i.HAL_UARTEx_TxFifoEmptyCallback         0x08003026   Section        0  stm32g4xx_hal_uart_ex.o(i.HAL_UARTEx_TxFifoEmptyCallback)
    i.HAL_UARTEx_WakeupCallback              0x08003028   Section        0  stm32g4xx_hal_uart_ex.o(i.HAL_UARTEx_WakeupCallback)
    i.HAL_UART_ErrorCallback                 0x0800302a   Section        0  stm32g4xx_hal_uart.o(i.HAL_UART_ErrorCallback)
    i.HAL_UART_IRQHandler                    0x0800302c   Section        0  stm32g4xx_hal_uart.o(i.HAL_UART_IRQHandler)
    i.HAL_UART_Init                          0x08003334   Section        0  stm32g4xx_hal_uart.o(i.HAL_UART_Init)
    i.HAL_UART_MspInit                       0x080033ac   Section        0  usart.o(i.HAL_UART_MspInit)
    i.HAL_UART_Receive_IT                    0x08003490   Section        0  stm32g4xx_hal_uart.o(i.HAL_UART_Receive_IT)
    i.HAL_UART_RxCpltCallback                0x080034f4   Section        0  stm32g4xx_hal_uart.o(i.HAL_UART_RxCpltCallback)
    i.HAL_UART_RxHalfCpltCallback            0x080034f6   Section        0  stm32g4xx_hal_uart.o(i.HAL_UART_RxHalfCpltCallback)
    i.HAL_UART_TxCpltCallback                0x080034f8   Section        0  stm32g4xx_hal_uart.o(i.HAL_UART_TxCpltCallback)
    i.HardFault_Handler                      0x080034fa   Section        0  stm32g4xx_it.o(i.HardFault_Handler)
    i.LCD_BusIn                              0x08003500   Section        0  lcd.o(i.LCD_BusIn)
    i.LCD_BusOut                             0x08003530   Section        0  lcd.o(i.LCD_BusOut)
    i.LCD_Clear                              0x08003560   Section        0  lcd.o(i.LCD_Clear)
    i.LCD_CtrlLinesConfig                    0x08003588   Section        0  lcd.o(i.LCD_CtrlLinesConfig)
    i.LCD_DisplayChar                        0x0800364c   Section        0  lcd.o(i.LCD_DisplayChar)
    i.LCD_DisplayStringLine                  0x08003674   Section        0  lcd.o(i.LCD_DisplayStringLine)
    i.LCD_DrawChar                           0x080036a0   Section        0  lcd.o(i.LCD_DrawChar)
    i.LCD_Init                               0x0800370c   Section        0  lcd.o(i.LCD_Init)
    i.LCD_ReadReg                            0x08003744   Section        0  lcd.o(i.LCD_ReadReg)
    i.LCD_SetBackColor                       0x080037f0   Section        0  lcd.o(i.LCD_SetBackColor)
    i.LCD_SetCursor                          0x08003800   Section        0  lcd.o(i.LCD_SetCursor)
    i.LCD_SetTextColor                       0x08003818   Section        0  lcd.o(i.LCD_SetTextColor)
    i.LCD_WriteRAM                           0x08003828   Section        0  lcd.o(i.LCD_WriteRAM)
    i.LCD_WriteRAM_Prepare                   0x080038a0   Section        0  lcd.o(i.LCD_WriteRAM_Prepare)
    i.LCD_WriteReg                           0x08003918   Section        0  lcd.o(i.LCD_WriteReg)
    i.LL_ADC_Enable                          0x080039a8   Section        0  stm32g4xx_hal_adc.o(i.LL_ADC_Enable)
    LL_ADC_Enable                            0x080039a9   Thumb Code    12  stm32g4xx_hal_adc.o(i.LL_ADC_Enable)
    i.LL_ADC_GetMultimode                    0x080039b8   Section        0  stm32g4xx_hal_adc.o(i.LL_ADC_GetMultimode)
    LL_ADC_GetMultimode                      0x080039b9   Thumb Code    10  stm32g4xx_hal_adc.o(i.LL_ADC_GetMultimode)
    i.LL_ADC_GetOffsetChannel                0x080039c2   Section        0  stm32g4xx_hal_adc.o(i.LL_ADC_GetOffsetChannel)
    LL_ADC_GetOffsetChannel                  0x080039c3   Thumb Code    18  stm32g4xx_hal_adc.o(i.LL_ADC_GetOffsetChannel)
    i.LL_ADC_INJ_IsConversionOngoing         0x080039d4   Section        0  stm32g4xx_hal_adc.o(i.LL_ADC_INJ_IsConversionOngoing)
    LL_ADC_INJ_IsConversionOngoing           0x080039d5   Thumb Code    10  stm32g4xx_hal_adc.o(i.LL_ADC_INJ_IsConversionOngoing)
    i.LL_ADC_IsDisableOngoing                0x080039de   Section        0  stm32g4xx_hal_adc.o(i.LL_ADC_IsDisableOngoing)
    LL_ADC_IsDisableOngoing                  0x080039df   Thumb Code    10  stm32g4xx_hal_adc.o(i.LL_ADC_IsDisableOngoing)
    i.LL_ADC_IsEnabled                       0x080039e8   Section        0  stm32g4xx_hal_adc.o(i.LL_ADC_IsEnabled)
    LL_ADC_IsEnabled                         0x080039e9   Thumb Code    10  stm32g4xx_hal_adc.o(i.LL_ADC_IsEnabled)
    i.LL_ADC_IsEnabled                       0x080039f2   Section        0  stm32g4xx_hal_adc_ex.o(i.LL_ADC_IsEnabled)
    LL_ADC_IsEnabled                         0x080039f3   Thumb Code    10  stm32g4xx_hal_adc_ex.o(i.LL_ADC_IsEnabled)
    i.LL_ADC_IsInternalRegulatorEnabled      0x080039fc   Section        0  stm32g4xx_hal_adc.o(i.LL_ADC_IsInternalRegulatorEnabled)
    LL_ADC_IsInternalRegulatorEnabled        0x080039fd   Thumb Code    10  stm32g4xx_hal_adc.o(i.LL_ADC_IsInternalRegulatorEnabled)
    i.LL_ADC_REG_IsConversionOngoing         0x08003a06   Section        0  stm32g4xx_hal_adc.o(i.LL_ADC_REG_IsConversionOngoing)
    LL_ADC_REG_IsConversionOngoing           0x08003a07   Thumb Code    10  stm32g4xx_hal_adc.o(i.LL_ADC_REG_IsConversionOngoing)
    i.LL_ADC_REG_IsConversionOngoing         0x08003a10   Section        0  stm32g4xx_hal_adc_ex.o(i.LL_ADC_REG_IsConversionOngoing)
    LL_ADC_REG_IsConversionOngoing           0x08003a11   Thumb Code    10  stm32g4xx_hal_adc_ex.o(i.LL_ADC_REG_IsConversionOngoing)
    i.LL_ADC_REG_IsTriggerSourceSWStart      0x08003a1a   Section        0  stm32g4xx_hal_adc.o(i.LL_ADC_REG_IsTriggerSourceSWStart)
    LL_ADC_REG_IsTriggerSourceSWStart        0x08003a1b   Thumb Code    18  stm32g4xx_hal_adc.o(i.LL_ADC_REG_IsTriggerSourceSWStart)
    i.LL_ADC_REG_StartConversion             0x08003a2c   Section        0  stm32g4xx_hal_adc.o(i.LL_ADC_REG_StartConversion)
    LL_ADC_REG_StartConversion               0x08003a2d   Thumb Code    12  stm32g4xx_hal_adc.o(i.LL_ADC_REG_StartConversion)
    i.LL_ADC_SetChannelSamplingTime          0x08003a3c   Section        0  stm32g4xx_hal_adc.o(i.LL_ADC_SetChannelSamplingTime)
    LL_ADC_SetChannelSamplingTime            0x08003a3d   Thumb Code    40  stm32g4xx_hal_adc.o(i.LL_ADC_SetChannelSamplingTime)
    i.LL_ADC_SetCommonPathInternalCh         0x08003a64   Section        0  stm32g4xx_hal_adc.o(i.LL_ADC_SetCommonPathInternalCh)
    LL_ADC_SetCommonPathInternalCh           0x08003a65   Thumb Code    12  stm32g4xx_hal_adc.o(i.LL_ADC_SetCommonPathInternalCh)
    i.LL_ADC_SetOffsetState                  0x08003a70   Section        0  stm32g4xx_hal_adc.o(i.LL_ADC_SetOffsetState)
    LL_ADC_SetOffsetState                    0x08003a71   Thumb Code    22  stm32g4xx_hal_adc.o(i.LL_ADC_SetOffsetState)
    i.LL_ADC_SetSamplingTimeCommonConfig     0x08003a86   Section        0  stm32g4xx_hal_adc.o(i.LL_ADC_SetSamplingTimeCommonConfig)
    LL_ADC_SetSamplingTimeCommonConfig       0x08003a87   Thumb Code    12  stm32g4xx_hal_adc.o(i.LL_ADC_SetSamplingTimeCommonConfig)
    i.LcdSprintf                             0x08003a92   Section        0  lcd_bsp.o(i.LcdSprintf)
    i.MX_ADC1_Init                           0x08003abc   Section        0  adc.o(i.MX_ADC1_Init)
    i.MX_ADC2_Init                           0x08003b60   Section        0  adc.o(i.MX_ADC2_Init)
    i.MX_DMA_Init                            0x08003bec   Section        0  dma.o(i.MX_DMA_Init)
    i.MX_GPIO_Init                           0x08003c5c   Section        0  gpio.o(i.MX_GPIO_Init)
    i.MX_USART1_UART_Init                    0x08003d9c   Section        0  usart.o(i.MX_USART1_UART_Init)
    i.MemManage_Handler                      0x08003e38   Section        0  stm32g4xx_it.o(i.MemManage_Handler)
    i.NMI_Handler                            0x08003e3c   Section        0  stm32g4xx_it.o(i.NMI_Handler)
    i.PendSV_Handler                         0x08003e40   Section        0  stm32g4xx_it.o(i.PendSV_Handler)
    i.RCC_GetSysClockFreqFromPLLSource       0x08003e44   Section        0  stm32g4xx_hal_rcc.o(i.RCC_GetSysClockFreqFromPLLSource)
    RCC_GetSysClockFreqFromPLLSource         0x08003e45   Thumb Code    90  stm32g4xx_hal_rcc.o(i.RCC_GetSysClockFreqFromPLLSource)
    i.REG_8230_Init                          0x08003eac   Section        0  lcd.o(i.REG_8230_Init)
    i.REG_932X_Init                          0x08003fcc   Section        0  lcd.o(i.REG_932X_Init)
    i.SVC_Handler                            0x080041cc   Section        0  stm32g4xx_it.o(i.SVC_Handler)
    i.SysTick_Handler                        0x080041ce   Section        0  stm32g4xx_it.o(i.SysTick_Handler)
    i.SystemClock_Config                     0x080041d6   Section        0  main.o(i.SystemClock_Config)
    i.SystemInit                             0x08004240   Section        0  system_stm32g4xx.o(i.SystemInit)
    i.UARTEx_SetNbDataToProcess              0x08004254   Section        0  stm32g4xx_hal_uart_ex.o(i.UARTEx_SetNbDataToProcess)
    UARTEx_SetNbDataToProcess                0x08004255   Thumb Code    78  stm32g4xx_hal_uart_ex.o(i.UARTEx_SetNbDataToProcess)
    i.UART_AdvFeatureConfig                  0x080042ac   Section        0  stm32g4xx_hal_uart.o(i.UART_AdvFeatureConfig)
    i.UART_CheckIdleState                    0x080043a4   Section        0  stm32g4xx_hal_uart.o(i.UART_CheckIdleState)
    i.UART_DMAAbortOnError                   0x0800441a   Section        0  stm32g4xx_hal_uart.o(i.UART_DMAAbortOnError)
    UART_DMAAbortOnError                     0x0800441b   Thumb Code    24  stm32g4xx_hal_uart.o(i.UART_DMAAbortOnError)
    i.UART_DMAError                          0x08004432   Section        0  stm32g4xx_hal_uart.o(i.UART_DMAError)
    UART_DMAError                            0x08004433   Thumb Code    94  stm32g4xx_hal_uart.o(i.UART_DMAError)
    i.UART_DMAReceiveCplt                    0x08004490   Section        0  stm32g4xx_hal_uart.o(i.UART_DMAReceiveCplt)
    UART_DMAReceiveCplt                      0x08004491   Thumb Code   108  stm32g4xx_hal_uart.o(i.UART_DMAReceiveCplt)
    i.UART_DMARxHalfCplt                     0x080044fc   Section        0  stm32g4xx_hal_uart.o(i.UART_DMARxHalfCplt)
    UART_DMARxHalfCplt                       0x080044fd   Thumb Code    34  stm32g4xx_hal_uart.o(i.UART_DMARxHalfCplt)
    i.UART_EndRxTransfer                     0x08004520   Section        0  stm32g4xx_hal_uart.o(i.UART_EndRxTransfer)
    UART_EndRxTransfer                       0x08004521   Thumb Code    56  stm32g4xx_hal_uart.o(i.UART_EndRxTransfer)
    i.UART_EndTransmit_IT                    0x0800455c   Section        0  stm32g4xx_hal_uart.o(i.UART_EndTransmit_IT)
    UART_EndTransmit_IT                      0x0800455d   Thumb Code    34  stm32g4xx_hal_uart.o(i.UART_EndTransmit_IT)
    i.UART_EndTxTransfer                     0x0800457e   Section        0  stm32g4xx_hal_uart.o(i.UART_EndTxTransfer)
    UART_EndTxTransfer                       0x0800457f   Thumb Code    32  stm32g4xx_hal_uart.o(i.UART_EndTxTransfer)
    i.UART_RxISR_16BIT                       0x0800459e   Section        0  stm32g4xx_hal_uart.o(i.UART_RxISR_16BIT)
    UART_RxISR_16BIT                         0x0800459f   Thumb Code   146  stm32g4xx_hal_uart.o(i.UART_RxISR_16BIT)
    i.UART_RxISR_16BIT_FIFOEN                0x08004630   Section        0  stm32g4xx_hal_uart.o(i.UART_RxISR_16BIT_FIFOEN)
    UART_RxISR_16BIT_FIFOEN                  0x08004631   Thumb Code   348  stm32g4xx_hal_uart.o(i.UART_RxISR_16BIT_FIFOEN)
    i.UART_RxISR_8BIT                        0x08004794   Section        0  stm32g4xx_hal_uart.o(i.UART_RxISR_8BIT)
    UART_RxISR_8BIT                          0x08004795   Thumb Code   142  stm32g4xx_hal_uart.o(i.UART_RxISR_8BIT)
    i.UART_RxISR_8BIT_FIFOEN                 0x08004824   Section        0  stm32g4xx_hal_uart.o(i.UART_RxISR_8BIT_FIFOEN)
    UART_RxISR_8BIT_FIFOEN                   0x08004825   Thumb Code   346  stm32g4xx_hal_uart.o(i.UART_RxISR_8BIT_FIFOEN)
    i.UART_SetConfig                         0x08004988   Section        0  stm32g4xx_hal_uart.o(i.UART_SetConfig)
    i.UART_Start_Receive_DMA                 0x08004d14   Section        0  stm32g4xx_hal_uart.o(i.UART_Start_Receive_DMA)
    i.UART_Start_Receive_IT                  0x08004db4   Section        0  stm32g4xx_hal_uart.o(i.UART_Start_Receive_IT)
    i.UART_WaitOnFlagUntilTimeout            0x08004ec4   Section        0  stm32g4xx_hal_uart.o(i.UART_WaitOnFlagUntilTimeout)
    i.USART1_IRQHandler                      0x08004f84   Section        0  stm32g4xx_it.o(i.USART1_IRQHandler)
    i.UsageFault_Handler                     0x08004fb4   Section        0  stm32g4xx_it.o(i.UsageFault_Handler)
    i.__0vsprintf                            0x08004fb8   Section        0  printfa.o(i.__0vsprintf)
    i.__NVIC_GetPriorityGrouping             0x08004fdc   Section        0  stm32g4xx_hal_cortex.o(i.__NVIC_GetPriorityGrouping)
    __NVIC_GetPriorityGrouping               0x08004fdd   Thumb Code    10  stm32g4xx_hal_cortex.o(i.__NVIC_GetPriorityGrouping)
    i.__NVIC_SetPriority                     0x08004fec   Section        0  stm32g4xx_hal_cortex.o(i.__NVIC_SetPriority)
    __NVIC_SetPriority                       0x08004fed   Thumb Code    32  stm32g4xx_hal_cortex.o(i.__NVIC_SetPriority)
    i.__scatterload_copy                     0x08005014   Section       14  handlers.o(i.__scatterload_copy)
    i.__scatterload_null                     0x08005022   Section        2  handlers.o(i.__scatterload_null)
    i.__scatterload_zeroinit                 0x08005024   Section       14  handlers.o(i.__scatterload_zeroinit)
    i._fp_digits                             0x08005034   Section        0  printfa.o(i._fp_digits)
    _fp_digits                               0x08005035   Thumb Code   366  printfa.o(i._fp_digits)
    i._printf_core                           0x080051b8   Section        0  printfa.o(i._printf_core)
    _printf_core                             0x080051b9   Thumb Code  1744  printfa.o(i._printf_core)
    i._printf_post_padding                   0x08005894   Section        0  printfa.o(i._printf_post_padding)
    _printf_post_padding                     0x08005895   Thumb Code    36  printfa.o(i._printf_post_padding)
    i._printf_pre_padding                    0x080058b8   Section        0  printfa.o(i._printf_pre_padding)
    _printf_pre_padding                      0x080058b9   Thumb Code    46  printfa.o(i._printf_pre_padding)
    i._sputc                                 0x080058e6   Section        0  printfa.o(i._sputc)
    _sputc                                   0x080058e7   Thumb Code    10  printfa.o(i._sputc)
    i.adc_proc                               0x080058f0   Section        0  adc_bsp.o(i.adc_proc)
    i.akebi_init                             0x0800595c   Section        0  akebi.o(i.akebi_init)
    i.data_proc                              0x08005998   Section        0  lcd_bsp.o(i.data_proc)
    i.keyB1_proc                             0x08005a0c   Section        0  key_bsp.o(i.keyB1_proc)
    i.keyB2_proc                             0x08005a50   Section        0  key_bsp.o(i.keyB2_proc)
    i.keyB3_proc                             0x08005a98   Section        0  key_bsp.o(i.keyB3_proc)
    i.keyB4_proc                             0x08005af4   Section        0  key_bsp.o(i.keyB4_proc)
    i.key_init                               0x08005b38   Section        0  key_bsp.o(i.key_init)
    i.key_state                              0x08005b94   Section        0  key_bsp.o(i.key_state)
    i.key_task                               0x08005bb4   Section        0  key_bsp.o(i.key_task)
    i.lcd_proc                               0x08005c88   Section        0  lcd_bsp.o(i.lcd_proc)
    i.led_LD1                                0x08005cb8   Section        0  led_bsp.o(i.led_LD1)
    i.led_LD2                                0x08005ce8   Section        0  led_bsp.o(i.led_LD2)
    i.led_LD3                                0x08005d2c   Section        0  led_bsp.o(i.led_LD3)
    i.led_disp                               0x08005d6c   Section        0  led_bsp.o(i.led_disp)
    i.led_proc                               0x08005dd8   Section        0  led_bsp.o(i.led_proc)
    i.main                                   0x08005df4   Section        0  main.o(i.main)
    i.para_proc                              0x08005e7c   Section        0  lcd_bsp.o(i.para_proc)
    i.r37_collect                            0x08005f0c   Section        0  collect.o(i.r37_collect)
    i.r38_collect                            0x08005f38   Section        0  collect.o(i.r38_collect)
    i.r38_collect_init                       0x08005fe0   Section        0  collect.o(i.r38_collect_init)
    i.recd_proc                              0x0800600c   Section        0  lcd_bsp.o(i.recd_proc)
    i.ringbuffer_init                        0x08006080   Section        0  ringbuffer.o(i.ringbuffer_init)
    i.ringbuffer_is_full                     0x0800609a   Section        0  ringbuffer.o(i.ringbuffer_is_full)
    i.ringbuffer_write                       0x080060aa   Section        0  ringbuffer.o(i.ringbuffer_write)
    i.scheduler_init                         0x080060f0   Section        0  komichi.o(i.scheduler_init)
    i.scheduler_run                          0x080060fc   Section        0  komichi.o(i.scheduler_run)
    .constdata                               0x08006150   Section       24  stm32g4xx_hal_uart.o(.constdata)
    .constdata                               0x08006168   Section       16  stm32g4xx_hal_uart_ex.o(.constdata)
    numerator                                0x08006168   Data           8  stm32g4xx_hal_uart_ex.o(.constdata)
    denominator                              0x08006170   Data           8  stm32g4xx_hal_uart_ex.o(.constdata)
    .constdata                               0x08006178   Section       24  system_stm32g4xx.o(.constdata)
    .constdata                               0x08006190   Section     4560  lcd.o(.constdata)
    .data                                    0x20000000   Section        4  adc.o(.data)
    HAL_RCC_ADC12_CLK_ENABLED                0x20000000   Data           4  adc.o(.data)
    .data                                    0x20000004   Section       12  stm32g4xx_hal.o(.data)
    .data                                    0x20000010   Section        4  system_stm32g4xx.o(.data)
    .data                                    0x20000014   Section       76  komichi.o(.data)
    scheduler_task                           0x20000018   Data          72  komichi.o(.data)
    .data                                    0x20000060   Section        9  led_bsp.o(.data)
    temp_old                                 0x20000068   Data           1  led_bsp.o(.data)
    .data                                    0x2000006c   Section       16  key_bsp.o(.data)
    .data                                    0x2000007c   Section        6  lcd.o(.data)
    TextColor                                0x2000007c   Data           2  lcd.o(.data)
    BackColor                                0x2000007e   Data           2  lcd.o(.data)
    .data                                    0x20000084   Section       27  lcd_bsp.o(.data)
    .data                                    0x200000a0   Section        8  adc_bsp.o(.data)
    .bss                                     0x200000a8   Section      408  adc.o(.bss)
    .bss                                     0x20000240   Section      496  usart.o(.bss)
    .bss                                     0x20000430   Section       64  key_bsp.o(.bss)
    .bss                                     0x20000470   Section      108  usart_bsp.o(.bss)
    .bss                                     0x200004dc   Section      240  adc_bsp.o(.bss)
    .bss                                     0x200005cc   Section       24  collect.o(.bss)
    STACK                                    0x200005e8   Section     1024  startup_stm32g431xx.o(STACK)

    Global Symbols

    Symbol Name                              Value     Ov Type        Size  Object(Section)

    BuildAttributes$$THM_ISAv4$E$P$D$K$B$S$7EM$VFPi3$EXTD16$VFPS$VFMA$PE$A:L22UL41UL21$X:L11$S22US41US21$IEEE1$IW$USESV6$~STKCKD$USESV7$~SHL$OTIME$ROPI$IEEEX$EBA8$MICROLIB$REQ8$PRES8$EABIv2 0x00000000   Number         0  anon$$obj.o ABSOLUTE
    __ARM_use_no_argv                        0x00000000   Number         0  main.o ABSOLUTE
    _printf_a                                0x00000000   Number         0  stubs.o ABSOLUTE
    _printf_c                                0x00000000   Number         0  stubs.o ABSOLUTE
    _printf_charcount                        0x00000000   Number         0  stubs.o ABSOLUTE
    _printf_d                                0x00000000   Number         0  stubs.o ABSOLUTE
    _printf_e                                0x00000000   Number         0  stubs.o ABSOLUTE
    _printf_f                                0x00000000   Number         0  stubs.o ABSOLUTE
    _printf_flags                            0x00000000   Number         0  stubs.o ABSOLUTE
    _printf_fp_dec                           0x00000000   Number         0  stubs.o ABSOLUTE
    _printf_fp_hex                           0x00000000   Number         0  stubs.o ABSOLUTE
    _printf_g                                0x00000000   Number         0  stubs.o ABSOLUTE
    _printf_i                                0x00000000   Number         0  stubs.o ABSOLUTE
    _printf_int_dec                          0x00000000   Number         0  stubs.o ABSOLUTE
    _printf_l                                0x00000000   Number         0  stubs.o ABSOLUTE
    _printf_lc                               0x00000000   Number         0  stubs.o ABSOLUTE
    _printf_ll                               0x00000000   Number         0  stubs.o ABSOLUTE
    _printf_lld                              0x00000000   Number         0  stubs.o ABSOLUTE
    _printf_lli                              0x00000000   Number         0  stubs.o ABSOLUTE
    _printf_llo                              0x00000000   Number         0  stubs.o ABSOLUTE
    _printf_llu                              0x00000000   Number         0  stubs.o ABSOLUTE
    _printf_llx                              0x00000000   Number         0  stubs.o ABSOLUTE
    _printf_longlong_dec                     0x00000000   Number         0  stubs.o ABSOLUTE
    _printf_longlong_hex                     0x00000000   Number         0  stubs.o ABSOLUTE
    _printf_longlong_oct                     0x00000000   Number         0  stubs.o ABSOLUTE
    _printf_ls                               0x00000000   Number         0  stubs.o ABSOLUTE
    _printf_mbtowc                           0x00000000   Number         0  stubs.o ABSOLUTE
    _printf_n                                0x00000000   Number         0  stubs.o ABSOLUTE
    _printf_o                                0x00000000   Number         0  stubs.o ABSOLUTE
    _printf_p                                0x00000000   Number         0  stubs.o ABSOLUTE
    _printf_percent                          0x00000000   Number         0  stubs.o ABSOLUTE
    _printf_pre_padding                      0x00000000   Number         0  stubs.o ABSOLUTE
    _printf_return_value                     0x00000000   Number         0  stubs.o ABSOLUTE
    _printf_s                                0x00000000   Number         0  stubs.o ABSOLUTE
    _printf_sizespec                         0x00000000   Number         0  stubs.o ABSOLUTE
    _printf_str                              0x00000000   Number         0  stubs.o ABSOLUTE
    _printf_truncate_signed                  0x00000000   Number         0  stubs.o ABSOLUTE
    _printf_truncate_unsigned                0x00000000   Number         0  stubs.o ABSOLUTE
    _printf_u                                0x00000000   Number         0  stubs.o ABSOLUTE
    _printf_wc                               0x00000000   Number         0  stubs.o ABSOLUTE
    _printf_wctomb                           0x00000000   Number         0  stubs.o ABSOLUTE
    _printf_widthprec                        0x00000000   Number         0  stubs.o ABSOLUTE
    _printf_x                                0x00000000   Number         0  stubs.o ABSOLUTE
    __cpp_initialize__aeabi_                  - Undefined Weak Reference
    __cxa_finalize                            - Undefined Weak Reference
    __decompress                              - Undefined Weak Reference
    _clock_init                               - Undefined Weak Reference
    _microlib_exit                            - Undefined Weak Reference
    __Vectors_Size                           0x000001d8   Number         0  startup_stm32g431xx.o ABSOLUTE
    __Vectors                                0x08000000   Data           4  startup_stm32g431xx.o(RESET)
    __Vectors_End                            0x080001d8   Data           0  startup_stm32g431xx.o(RESET)
    __main                                   0x080001d9   Thumb Code     0  entry.o(.ARM.Collect$$$$00000000)
    _main_stk                                0x080001d9   Thumb Code     0  entry2.o(.ARM.Collect$$$$00000001)
    _main_scatterload                        0x080001dd   Thumb Code     0  entry5.o(.ARM.Collect$$$$00000004)
    __main_after_scatterload                 0x080001e1   Thumb Code     0  entry5.o(.ARM.Collect$$$$00000004)
    _main_clock                              0x080001e1   Thumb Code     0  entry7b.o(.ARM.Collect$$$$00000008)
    _main_cpp_init                           0x080001e1   Thumb Code     0  entry8b.o(.ARM.Collect$$$$0000000A)
    _main_init                               0x080001e1   Thumb Code     0  entry9a.o(.ARM.Collect$$$$0000000B)
    __rt_final_cpp                           0x080001e9   Thumb Code     0  entry10a.o(.ARM.Collect$$$$0000000D)
    __rt_final_exit                          0x080001e9   Thumb Code     0  entry11a.o(.ARM.Collect$$$$0000000F)
    Reset_Handler                            0x080001ed   Thumb Code     8  startup_stm32g431xx.o(.text)
    COMP1_2_3_IRQHandler                     0x08000207   Thumb Code     0  startup_stm32g431xx.o(.text)
    COMP4_IRQHandler                         0x08000207   Thumb Code     0  startup_stm32g431xx.o(.text)
    CORDIC_IRQHandler                        0x08000207   Thumb Code     0  startup_stm32g431xx.o(.text)
    CRS_IRQHandler                           0x08000207   Thumb Code     0  startup_stm32g431xx.o(.text)
    DMA1_Channel4_IRQHandler                 0x08000207   Thumb Code     0  startup_stm32g431xx.o(.text)
    DMA1_Channel5_IRQHandler                 0x08000207   Thumb Code     0  startup_stm32g431xx.o(.text)
    DMA1_Channel6_IRQHandler                 0x08000207   Thumb Code     0  startup_stm32g431xx.o(.text)
    DMA2_Channel1_IRQHandler                 0x08000207   Thumb Code     0  startup_stm32g431xx.o(.text)
    DMA2_Channel2_IRQHandler                 0x08000207   Thumb Code     0  startup_stm32g431xx.o(.text)
    DMA2_Channel3_IRQHandler                 0x08000207   Thumb Code     0  startup_stm32g431xx.o(.text)
    DMA2_Channel4_IRQHandler                 0x08000207   Thumb Code     0  startup_stm32g431xx.o(.text)
    DMA2_Channel5_IRQHandler                 0x08000207   Thumb Code     0  startup_stm32g431xx.o(.text)
    DMA2_Channel6_IRQHandler                 0x08000207   Thumb Code     0  startup_stm32g431xx.o(.text)
    DMAMUX_OVR_IRQHandler                    0x08000207   Thumb Code     0  startup_stm32g431xx.o(.text)
    EXTI0_IRQHandler                         0x08000207   Thumb Code     0  startup_stm32g431xx.o(.text)
    EXTI15_10_IRQHandler                     0x08000207   Thumb Code     0  startup_stm32g431xx.o(.text)
    EXTI1_IRQHandler                         0x08000207   Thumb Code     0  startup_stm32g431xx.o(.text)
    EXTI2_IRQHandler                         0x08000207   Thumb Code     0  startup_stm32g431xx.o(.text)
    EXTI3_IRQHandler                         0x08000207   Thumb Code     0  startup_stm32g431xx.o(.text)
    EXTI4_IRQHandler                         0x08000207   Thumb Code     0  startup_stm32g431xx.o(.text)
    EXTI9_5_IRQHandler                       0x08000207   Thumb Code     0  startup_stm32g431xx.o(.text)
    FDCAN1_IT0_IRQHandler                    0x08000207   Thumb Code     0  startup_stm32g431xx.o(.text)
    FDCAN1_IT1_IRQHandler                    0x08000207   Thumb Code     0  startup_stm32g431xx.o(.text)
    FLASH_IRQHandler                         0x08000207   Thumb Code     0  startup_stm32g431xx.o(.text)
    FMAC_IRQHandler                          0x08000207   Thumb Code     0  startup_stm32g431xx.o(.text)
    FPU_IRQHandler                           0x08000207   Thumb Code     0  startup_stm32g431xx.o(.text)
    I2C1_ER_IRQHandler                       0x08000207   Thumb Code     0  startup_stm32g431xx.o(.text)
    I2C1_EV_IRQHandler                       0x08000207   Thumb Code     0  startup_stm32g431xx.o(.text)
    I2C2_ER_IRQHandler                       0x08000207   Thumb Code     0  startup_stm32g431xx.o(.text)
    I2C2_EV_IRQHandler                       0x08000207   Thumb Code     0  startup_stm32g431xx.o(.text)
    I2C3_ER_IRQHandler                       0x08000207   Thumb Code     0  startup_stm32g431xx.o(.text)
    I2C3_EV_IRQHandler                       0x08000207   Thumb Code     0  startup_stm32g431xx.o(.text)
    LPTIM1_IRQHandler                        0x08000207   Thumb Code     0  startup_stm32g431xx.o(.text)
    LPUART1_IRQHandler                       0x08000207   Thumb Code     0  startup_stm32g431xx.o(.text)
    PVD_PVM_IRQHandler                       0x08000207   Thumb Code     0  startup_stm32g431xx.o(.text)
    RCC_IRQHandler                           0x08000207   Thumb Code     0  startup_stm32g431xx.o(.text)
    RNG_IRQHandler                           0x08000207   Thumb Code     0  startup_stm32g431xx.o(.text)
    RTC_Alarm_IRQHandler                     0x08000207   Thumb Code     0  startup_stm32g431xx.o(.text)
    RTC_TAMP_LSECSS_IRQHandler               0x08000207   Thumb Code     0  startup_stm32g431xx.o(.text)
    RTC_WKUP_IRQHandler                      0x08000207   Thumb Code     0  startup_stm32g431xx.o(.text)
    SAI1_IRQHandler                          0x08000207   Thumb Code     0  startup_stm32g431xx.o(.text)
    SPI1_IRQHandler                          0x08000207   Thumb Code     0  startup_stm32g431xx.o(.text)
    SPI2_IRQHandler                          0x08000207   Thumb Code     0  startup_stm32g431xx.o(.text)
    SPI3_IRQHandler                          0x08000207   Thumb Code     0  startup_stm32g431xx.o(.text)
    TIM1_BRK_TIM15_IRQHandler                0x08000207   Thumb Code     0  startup_stm32g431xx.o(.text)
    TIM1_CC_IRQHandler                       0x08000207   Thumb Code     0  startup_stm32g431xx.o(.text)
    TIM1_TRG_COM_TIM17_IRQHandler            0x08000207   Thumb Code     0  startup_stm32g431xx.o(.text)
    TIM1_UP_TIM16_IRQHandler                 0x08000207   Thumb Code     0  startup_stm32g431xx.o(.text)
    TIM2_IRQHandler                          0x08000207   Thumb Code     0  startup_stm32g431xx.o(.text)
    TIM3_IRQHandler                          0x08000207   Thumb Code     0  startup_stm32g431xx.o(.text)
    TIM4_IRQHandler                          0x08000207   Thumb Code     0  startup_stm32g431xx.o(.text)
    TIM6_DAC_IRQHandler                      0x08000207   Thumb Code     0  startup_stm32g431xx.o(.text)
    TIM7_IRQHandler                          0x08000207   Thumb Code     0  startup_stm32g431xx.o(.text)
    TIM8_BRK_IRQHandler                      0x08000207   Thumb Code     0  startup_stm32g431xx.o(.text)
    TIM8_CC_IRQHandler                       0x08000207   Thumb Code     0  startup_stm32g431xx.o(.text)
    TIM8_TRG_COM_IRQHandler                  0x08000207   Thumb Code     0  startup_stm32g431xx.o(.text)
    TIM8_UP_IRQHandler                       0x08000207   Thumb Code     0  startup_stm32g431xx.o(.text)
    UART4_IRQHandler                         0x08000207   Thumb Code     0  startup_stm32g431xx.o(.text)
    UCPD1_IRQHandler                         0x08000207   Thumb Code     0  startup_stm32g431xx.o(.text)
    USART2_IRQHandler                        0x08000207   Thumb Code     0  startup_stm32g431xx.o(.text)
    USART3_IRQHandler                        0x08000207   Thumb Code     0  startup_stm32g431xx.o(.text)
    USBWakeUp_IRQHandler                     0x08000207   Thumb Code     0  startup_stm32g431xx.o(.text)
    USB_HP_IRQHandler                        0x08000207   Thumb Code     0  startup_stm32g431xx.o(.text)
    USB_LP_IRQHandler                        0x08000207   Thumb Code     0  startup_stm32g431xx.o(.text)
    WWDG_IRQHandler                          0x08000207   Thumb Code     0  startup_stm32g431xx.o(.text)
    __aeabi_uldivmod                         0x08000211   Thumb Code    98  uldiv.o(.text)
    __aeabi_memset                           0x08000273   Thumb Code    14  memseta.o(.text)
    __aeabi_memset4                          0x08000273   Thumb Code     0  memseta.o(.text)
    __aeabi_memset8                          0x08000273   Thumb Code     0  memseta.o(.text)
    __aeabi_memclr                           0x08000281   Thumb Code     4  memseta.o(.text)
    __aeabi_memclr4                          0x08000281   Thumb Code     0  memseta.o(.text)
    __aeabi_memclr8                          0x08000281   Thumb Code     0  memseta.o(.text)
    _memset$wrapper                          0x08000285   Thumb Code    18  memseta.o(.text)
    __aeabi_dadd                             0x08000297   Thumb Code   322  dadd.o(.text)
    __aeabi_dsub                             0x080003d9   Thumb Code     6  dadd.o(.text)
    __aeabi_drsub                            0x080003df   Thumb Code     6  dadd.o(.text)
    __aeabi_dmul                             0x080003e5   Thumb Code   228  dmul.o(.text)
    __aeabi_f2d                              0x080004c9   Thumb Code    38  f2d.o(.text)
    __aeabi_uidiv                            0x080004ef   Thumb Code     0  uidiv.o(.text)
    __aeabi_uidivmod                         0x080004ef   Thumb Code    44  uidiv.o(.text)
    __aeabi_llsl                             0x0800051b   Thumb Code    30  llshl.o(.text)
    _ll_shift_l                              0x0800051b   Thumb Code     0  llshl.o(.text)
    __aeabi_llsr                             0x08000539   Thumb Code    32  llushr.o(.text)
    _ll_ushift_r                             0x08000539   Thumb Code     0  llushr.o(.text)
    __aeabi_lasr                             0x08000559   Thumb Code    36  llsshr.o(.text)
    _ll_sshift_r                             0x08000559   Thumb Code     0  llsshr.o(.text)
    __I$use$fp                               0x0800057d   Thumb Code     0  iusefp.o(.text)
    _double_round                            0x0800057d   Thumb Code    30  depilogue.o(.text)
    _double_epilogue                         0x0800059b   Thumb Code   156  depilogue.o(.text)
    __aeabi_ddiv                             0x08000637   Thumb Code   222  ddiv.o(.text)
    __aeabi_d2ulz                            0x08000715   Thumb Code    48  dfixul.o(.text)
    __aeabi_cdrcmple                         0x08000745   Thumb Code    48  cdrcmple.o(.text)
    __scatterload                            0x08000775   Thumb Code    28  init.o(.text)
    __scatterload_rt2                        0x08000775   Thumb Code     0  init.o(.text)
    ADC1_2_IRQHandler                        0x08000799   Thumb Code    16  stm32g4xx_it.o(i.ADC1_2_IRQHandler)
    ADC_DMAConvCplt                          0x080007b1   Thumb Code   146  stm32g4xx_hal_adc.o(i.ADC_DMAConvCplt)
    ADC_DMAError                             0x08000843   Thumb Code    30  stm32g4xx_hal_adc.o(i.ADC_DMAError)
    ADC_DMAHalfConvCplt                      0x08000861   Thumb Code    14  stm32g4xx_hal_adc.o(i.ADC_DMAHalfConvCplt)
    ADC_Disable                              0x08000871   Thumb Code   142  stm32g4xx_hal_adc.o(i.ADC_Disable)
    ADC_Enable                               0x08000905   Thumb Code   128  stm32g4xx_hal_adc.o(i.ADC_Enable)
    BusFault_Handler                         0x08000989   Thumb Code     4  stm32g4xx_it.o(i.BusFault_Handler)
    DMA1_Channel1_IRQHandler                 0x0800098d   Thumb Code    10  stm32g4xx_it.o(i.DMA1_Channel1_IRQHandler)
    DMA1_Channel2_IRQHandler                 0x0800099d   Thumb Code    10  stm32g4xx_it.o(i.DMA1_Channel2_IRQHandler)
    DMA1_Channel3_IRQHandler                 0x080009ad   Thumb Code    10  stm32g4xx_it.o(i.DMA1_Channel3_IRQHandler)
    DebugMon_Handler                         0x08000a65   Thumb Code     2  stm32g4xx_it.o(i.DebugMon_Handler)
    Delay_LCD                                0x08000a67   Thumb Code    30  lcd.o(i.Delay_LCD)
    Error_Handler                            0x08000a85   Thumb Code     6  main.o(i.Error_Handler)
    HAL_ADCEx_Calibration_Start              0x08000a8d   Thumb Code   166  stm32g4xx_hal_adc_ex.o(i.HAL_ADCEx_Calibration_Start)
    HAL_ADCEx_EndOfSamplingCallback          0x08000b3d   Thumb Code     2  stm32g4xx_hal_adc_ex.o(i.HAL_ADCEx_EndOfSamplingCallback)
    HAL_ADCEx_InjectedConvCpltCallback       0x08000b3f   Thumb Code     2  stm32g4xx_hal_adc_ex.o(i.HAL_ADCEx_InjectedConvCpltCallback)
    HAL_ADCEx_InjectedQueueOverflowCallback  0x08000b41   Thumb Code     2  stm32g4xx_hal_adc_ex.o(i.HAL_ADCEx_InjectedQueueOverflowCallback)
    HAL_ADCEx_LevelOutOfWindow2Callback      0x08000b43   Thumb Code     2  stm32g4xx_hal_adc_ex.o(i.HAL_ADCEx_LevelOutOfWindow2Callback)
    HAL_ADCEx_LevelOutOfWindow3Callback      0x08000b45   Thumb Code     2  stm32g4xx_hal_adc_ex.o(i.HAL_ADCEx_LevelOutOfWindow3Callback)
    HAL_ADCEx_MultiModeConfigChannel         0x08000b49   Thumb Code   260  stm32g4xx_hal_adc_ex.o(i.HAL_ADCEx_MultiModeConfigChannel)
    HAL_ADC_ConfigChannel                    0x08000c55   Thumb Code  1252  stm32g4xx_hal_adc.o(i.HAL_ADC_ConfigChannel)
    HAL_ADC_ConvCpltCallback                 0x0800115d   Thumb Code     2  stm32g4xx_hal_adc.o(i.HAL_ADC_ConvCpltCallback)
    HAL_ADC_ConvHalfCpltCallback             0x0800115f   Thumb Code     2  stm32g4xx_hal_adc.o(i.HAL_ADC_ConvHalfCpltCallback)
    HAL_ADC_ErrorCallback                    0x08001161   Thumb Code     2  stm32g4xx_hal_adc.o(i.HAL_ADC_ErrorCallback)
    HAL_ADC_IRQHandler                       0x08001165   Thumb Code   808  stm32g4xx_hal_adc.o(i.HAL_ADC_IRQHandler)
    HAL_ADC_Init                             0x08001495   Thumb Code   586  stm32g4xx_hal_adc.o(i.HAL_ADC_Init)
    HAL_ADC_LevelOutOfWindowCallback         0x080016fd   Thumb Code     2  stm32g4xx_hal_adc.o(i.HAL_ADC_LevelOutOfWindowCallback)
    HAL_ADC_MspInit                          0x08001701   Thumb Code   426  adc.o(i.HAL_ADC_MspInit)
    HAL_ADC_Start_DMA                        0x080018c9   Thumb Code   254  stm32g4xx_hal_adc.o(i.HAL_ADC_Start_DMA)
    HAL_DMA_Abort                            0x080019dd   Thumb Code   118  stm32g4xx_hal_dma.o(i.HAL_DMA_Abort)
    HAL_DMA_Abort_IT                         0x08001a53   Thumb Code   148  stm32g4xx_hal_dma.o(i.HAL_DMA_Abort_IT)
    HAL_DMA_IRQHandler                       0x08001ae7   Thumb Code   254  stm32g4xx_hal_dma.o(i.HAL_DMA_IRQHandler)
    HAL_DMA_Init                             0x08001be5   Thumb Code   200  stm32g4xx_hal_dma.o(i.HAL_DMA_Init)
    HAL_DMA_Start_IT                         0x08001cb5   Thumb Code   194  stm32g4xx_hal_dma.o(i.HAL_DMA_Start_IT)
    HAL_Delay                                0x08001d79   Thumb Code    36  stm32g4xx_hal.o(i.HAL_Delay)
    HAL_GPIO_Init                            0x08001da1   Thumb Code   438  stm32g4xx_hal_gpio.o(i.HAL_GPIO_Init)
    HAL_GPIO_ReadPin                         0x08001f79   Thumb Code    16  stm32g4xx_hal_gpio.o(i.HAL_GPIO_ReadPin)
    HAL_GPIO_WritePin                        0x08001f89   Thumb Code    10  stm32g4xx_hal_gpio.o(i.HAL_GPIO_WritePin)
    HAL_GetTick                              0x08001f95   Thumb Code     6  stm32g4xx_hal.o(i.HAL_GetTick)
    HAL_IncTick                              0x08001fa1   Thumb Code    16  stm32g4xx_hal.o(i.HAL_IncTick)
    HAL_Init                                 0x08001fb9   Thumb Code    30  stm32g4xx_hal.o(i.HAL_Init)
    HAL_InitTick                             0x08001fd9   Thumb Code    74  stm32g4xx_hal.o(i.HAL_InitTick)
    HAL_MspInit                              0x08002031   Thumb Code    62  stm32g4xx_hal_msp.o(i.HAL_MspInit)
    HAL_NVIC_EnableIRQ                       0x08002075   Thumb Code    40  stm32g4xx_hal_cortex.o(i.HAL_NVIC_EnableIRQ)
    HAL_NVIC_SetPriority                     0x0800209d   Thumb Code   122  stm32g4xx_hal_cortex.o(i.HAL_NVIC_SetPriority)
    HAL_NVIC_SetPriorityGrouping             0x08002119   Thumb Code    32  stm32g4xx_hal_cortex.o(i.HAL_NVIC_SetPriorityGrouping)
    HAL_PWREx_ControlVoltageScaling          0x08002141   Thumb Code   268  stm32g4xx_hal_pwr_ex.o(i.HAL_PWREx_ControlVoltageScaling)
    HAL_PWREx_DisableUCPDDeadBattery         0x08002259   Thumb Code    14  stm32g4xx_hal_pwr_ex.o(i.HAL_PWREx_DisableUCPDDeadBattery)
    HAL_RCCEx_PeriphCLKConfig                0x0800226d   Thumb Code   872  stm32g4xx_hal_rcc_ex.o(i.HAL_RCCEx_PeriphCLKConfig)
    HAL_RCC_ClockConfig                      0x080025dd   Thumb Code   522  stm32g4xx_hal_rcc.o(i.HAL_RCC_ClockConfig)
    HAL_RCC_GetHCLKFreq                      0x08002801   Thumb Code     6  stm32g4xx_hal_rcc.o(i.HAL_RCC_GetHCLKFreq)
    HAL_RCC_GetPCLK1Freq                     0x0800280d   Thumb Code    26  stm32g4xx_hal_rcc.o(i.HAL_RCC_GetPCLK1Freq)
    HAL_RCC_GetPCLK2Freq                     0x08002831   Thumb Code    26  stm32g4xx_hal_rcc.o(i.HAL_RCC_GetPCLK2Freq)
    HAL_RCC_GetSysClockFreq                  0x08002855   Thumb Code   138  stm32g4xx_hal_rcc.o(i.HAL_RCC_GetSysClockFreq)
    HAL_RCC_OscConfig                        0x080028ed   Thumb Code  1370  stm32g4xx_hal_rcc.o(i.HAL_RCC_OscConfig)
    HAL_SYSTICK_Config                       0x08002e55   Thumb Code    52  stm32g4xx_hal_cortex.o(i.HAL_SYSTICK_Config)
    HAL_UARTEx_DisableFifoMode               0x08002e89   Thumb Code    78  stm32g4xx_hal_uart_ex.o(i.HAL_UARTEx_DisableFifoMode)
    HAL_UARTEx_ReceiveToIdle_DMA             0x08002ed7   Thumb Code   102  stm32g4xx_hal_uart_ex.o(i.HAL_UARTEx_ReceiveToIdle_DMA)
    HAL_UARTEx_RxEventCallback               0x08002f3d   Thumb Code    34  usart_bsp.o(i.HAL_UARTEx_RxEventCallback)
    HAL_UARTEx_RxFifoFullCallback            0x08002f69   Thumb Code     2  stm32g4xx_hal_uart_ex.o(i.HAL_UARTEx_RxFifoFullCallback)
    HAL_UARTEx_SetRxFifoThreshold            0x08002f6b   Thumb Code    94  stm32g4xx_hal_uart_ex.o(i.HAL_UARTEx_SetRxFifoThreshold)
    HAL_UARTEx_SetTxFifoThreshold            0x08002fc9   Thumb Code    94  stm32g4xx_hal_uart_ex.o(i.HAL_UARTEx_SetTxFifoThreshold)
    HAL_UARTEx_TxFifoEmptyCallback           0x08003027   Thumb Code     2  stm32g4xx_hal_uart_ex.o(i.HAL_UARTEx_TxFifoEmptyCallback)
    HAL_UARTEx_WakeupCallback                0x08003029   Thumb Code     2  stm32g4xx_hal_uart_ex.o(i.HAL_UARTEx_WakeupCallback)
    HAL_UART_ErrorCallback                   0x0800302b   Thumb Code     2  stm32g4xx_hal_uart.o(i.HAL_UART_ErrorCallback)
    HAL_UART_IRQHandler                      0x0800302d   Thumb Code   762  stm32g4xx_hal_uart.o(i.HAL_UART_IRQHandler)
    HAL_UART_Init                            0x08003335   Thumb Code   120  stm32g4xx_hal_uart.o(i.HAL_UART_Init)
    HAL_UART_MspInit                         0x080033ad   Thumb Code   210  usart.o(i.HAL_UART_MspInit)
    HAL_UART_Receive_IT                      0x08003491   Thumb Code    96  stm32g4xx_hal_uart.o(i.HAL_UART_Receive_IT)
    HAL_UART_RxCpltCallback                  0x080034f5   Thumb Code     2  stm32g4xx_hal_uart.o(i.HAL_UART_RxCpltCallback)
    HAL_UART_RxHalfCpltCallback              0x080034f7   Thumb Code     2  stm32g4xx_hal_uart.o(i.HAL_UART_RxHalfCpltCallback)
    HAL_UART_TxCpltCallback                  0x080034f9   Thumb Code     2  stm32g4xx_hal_uart.o(i.HAL_UART_TxCpltCallback)
    HardFault_Handler                        0x080034fb   Thumb Code     4  stm32g4xx_it.o(i.HardFault_Handler)
    LCD_BusIn                                0x08003501   Thumb Code    42  lcd.o(i.LCD_BusIn)
    LCD_BusOut                               0x08003531   Thumb Code    42  lcd.o(i.LCD_BusOut)
    LCD_Clear                                0x08003561   Thumb Code    38  lcd.o(i.LCD_Clear)
    LCD_CtrlLinesConfig                      0x08003589   Thumb Code   186  lcd.o(i.LCD_CtrlLinesConfig)
    LCD_DisplayChar                          0x0800364d   Thumb Code    34  lcd.o(i.LCD_DisplayChar)
    LCD_DisplayStringLine                    0x08003675   Thumb Code    44  lcd.o(i.LCD_DisplayStringLine)
    LCD_DrawChar                             0x080036a1   Thumb Code   100  lcd.o(i.LCD_DrawChar)
    LCD_Init                                 0x0800370d   Thumb Code    50  lcd.o(i.LCD_Init)
    LCD_ReadReg                              0x08003745   Thumb Code   164  lcd.o(i.LCD_ReadReg)
    LCD_SetBackColor                         0x080037f1   Thumb Code    12  lcd.o(i.LCD_SetBackColor)
    LCD_SetCursor                            0x08003801   Thumb Code    24  lcd.o(i.LCD_SetCursor)
    LCD_SetTextColor                         0x08003819   Thumb Code    12  lcd.o(i.LCD_SetTextColor)
    LCD_WriteRAM                             0x08003829   Thumb Code   110  lcd.o(i.LCD_WriteRAM)
    LCD_WriteRAM_Prepare                     0x080038a1   Thumb Code   112  lcd.o(i.LCD_WriteRAM_Prepare)
    LCD_WriteReg                             0x08003919   Thumb Code   136  lcd.o(i.LCD_WriteReg)
    LcdSprintf                               0x08003a93   Thumb Code    42  lcd_bsp.o(i.LcdSprintf)
    MX_ADC1_Init                             0x08003abd   Thumb Code   154  adc.o(i.MX_ADC1_Init)
    MX_ADC2_Init                             0x08003b61   Thumb Code   126  adc.o(i.MX_ADC2_Init)
    MX_DMA_Init                              0x08003bed   Thumb Code   106  dma.o(i.MX_DMA_Init)
    MX_GPIO_Init                             0x08003c5d   Thumb Code   304  gpio.o(i.MX_GPIO_Init)
    MX_USART1_UART_Init                      0x08003d9d   Thumb Code   134  usart.o(i.MX_USART1_UART_Init)
    MemManage_Handler                        0x08003e39   Thumb Code     4  stm32g4xx_it.o(i.MemManage_Handler)
    NMI_Handler                              0x08003e3d   Thumb Code     4  stm32g4xx_it.o(i.NMI_Handler)
    PendSV_Handler                           0x08003e41   Thumb Code     2  stm32g4xx_it.o(i.PendSV_Handler)
    REG_8230_Init                            0x08003ead   Thumb Code   288  lcd.o(i.REG_8230_Init)
    REG_932X_Init                            0x08003fcd   Thumb Code   512  lcd.o(i.REG_932X_Init)
    SVC_Handler                              0x080041cd   Thumb Code     2  stm32g4xx_it.o(i.SVC_Handler)
    SysTick_Handler                          0x080041cf   Thumb Code     8  stm32g4xx_it.o(i.SysTick_Handler)
    SystemClock_Config                       0x080041d7   Thumb Code   104  main.o(i.SystemClock_Config)
    SystemInit                               0x08004241   Thumb Code    14  system_stm32g4xx.o(i.SystemInit)
    UART_AdvFeatureConfig                    0x080042ad   Thumb Code   248  stm32g4xx_hal_uart.o(i.UART_AdvFeatureConfig)
    UART_CheckIdleState                      0x080043a5   Thumb Code   118  stm32g4xx_hal_uart.o(i.UART_CheckIdleState)
    UART_SetConfig                           0x08004989   Thumb Code   866  stm32g4xx_hal_uart.o(i.UART_SetConfig)
    UART_Start_Receive_DMA                   0x08004d15   Thumb Code   146  stm32g4xx_hal_uart.o(i.UART_Start_Receive_DMA)
    UART_Start_Receive_IT                    0x08004db5   Thumb Code   256  stm32g4xx_hal_uart.o(i.UART_Start_Receive_IT)
    UART_WaitOnFlagUntilTimeout              0x08004ec5   Thumb Code   190  stm32g4xx_hal_uart.o(i.UART_WaitOnFlagUntilTimeout)
    USART1_IRQHandler                        0x08004f85   Thumb Code    36  stm32g4xx_it.o(i.USART1_IRQHandler)
    UsageFault_Handler                       0x08004fb5   Thumb Code     4  stm32g4xx_it.o(i.UsageFault_Handler)
    __0vsprintf                              0x08004fb9   Thumb Code    30  printfa.o(i.__0vsprintf)
    __1vsprintf                              0x08004fb9   Thumb Code     0  printfa.o(i.__0vsprintf)
    __2vsprintf                              0x08004fb9   Thumb Code     0  printfa.o(i.__0vsprintf)
    __c89vsprintf                            0x08004fb9   Thumb Code     0  printfa.o(i.__0vsprintf)
    vsprintf                                 0x08004fb9   Thumb Code     0  printfa.o(i.__0vsprintf)
    __scatterload_copy                       0x08005015   Thumb Code    14  handlers.o(i.__scatterload_copy)
    __scatterload_null                       0x08005023   Thumb Code     2  handlers.o(i.__scatterload_null)
    __scatterload_zeroinit                   0x08005025   Thumb Code    14  handlers.o(i.__scatterload_zeroinit)
    adc_proc                                 0x080058f1   Thumb Code    92  adc_bsp.o(i.adc_proc)
    akebi_init                               0x0800595d   Thumb Code    50  akebi.o(i.akebi_init)
    data_proc                                0x08005999   Thumb Code    48  lcd_bsp.o(i.data_proc)
    keyB1_proc                               0x08005a0d   Thumb Code    56  key_bsp.o(i.keyB1_proc)
    keyB2_proc                               0x08005a51   Thumb Code    60  key_bsp.o(i.keyB2_proc)
    keyB3_proc                               0x08005a99   Thumb Code    70  key_bsp.o(i.keyB3_proc)
    keyB4_proc                               0x08005af5   Thumb Code    58  key_bsp.o(i.keyB4_proc)
    key_init                                 0x08005b39   Thumb Code    82  key_bsp.o(i.key_init)
    key_state                                0x08005b95   Thumb Code    26  key_bsp.o(i.key_state)
    key_task                                 0x08005bb5   Thumb Code   206  key_bsp.o(i.key_task)
    lcd_proc                                 0x08005c89   Thumb Code    42  lcd_bsp.o(i.lcd_proc)
    led_LD1                                  0x08005cb9   Thumb Code    38  led_bsp.o(i.led_LD1)
    led_LD2                                  0x08005ce9   Thumb Code    54  led_bsp.o(i.led_LD2)
    led_LD3                                  0x08005d2d   Thumb Code    52  led_bsp.o(i.led_LD3)
    led_disp                                 0x08005d6d   Thumb Code    94  led_bsp.o(i.led_disp)
    led_proc                                 0x08005dd9   Thumb Code    22  led_bsp.o(i.led_proc)
    main                                     0x08005df5   Thumb Code   120  main.o(i.main)
    para_proc                                0x08005e7d   Thumb Code    68  lcd_bsp.o(i.para_proc)
    r37_collect                              0x08005f0d   Thumb Code    32  collect.o(i.r37_collect)
    r38_collect                              0x08005f39   Thumb Code   152  collect.o(i.r38_collect)
    r38_collect_init                         0x08005fe1   Thumb Code    36  collect.o(i.r38_collect_init)
    recd_proc                                0x0800600d   Thumb Code    68  lcd_bsp.o(i.recd_proc)
    ringbuffer_init                          0x08006081   Thumb Code    26  ringbuffer.o(i.ringbuffer_init)
    ringbuffer_is_full                       0x0800609b   Thumb Code    16  ringbuffer.o(i.ringbuffer_is_full)
    ringbuffer_write                         0x080060ab   Thumb Code    68  ringbuffer.o(i.ringbuffer_write)
    scheduler_init                           0x080060f1   Thumb Code     8  komichi.o(i.scheduler_init)
    scheduler_run                            0x080060fd   Thumb Code    76  komichi.o(i.scheduler_run)
    UARTPrescTable                           0x08006150   Data          24  stm32g4xx_hal_uart.o(.constdata)
    AHBPrescTable                            0x08006178   Data          16  system_stm32g4xx.o(.constdata)
    APBPrescTable                            0x08006188   Data           8  system_stm32g4xx.o(.constdata)
    ASCII_Table                              0x08006190   Data        4560  lcd.o(.constdata)
    Region$$Table$$Base                      0x08007360   Number         0  anon$$obj.o(Region$$Table)
    Region$$Table$$Limit                     0x08007380   Number         0  anon$$obj.o(Region$$Table)
    uwTick                                   0x20000004   Data           4  stm32g4xx_hal.o(.data)
    uwTickPrio                               0x20000008   Data           4  stm32g4xx_hal.o(.data)
    uwTickFreq                               0x2000000c   Data           4  stm32g4xx_hal.o(.data)
    SystemCoreClock                          0x20000010   Data           4  system_stm32g4xx.o(.data)
    task_num                                 0x20000014   Data           1  komichi.o(.data)
    ucled                                    0x20000060   Data           8  led_bsp.o(.data)
    param_choose                             0x2000006c   Data           8  key_bsp.o(.data)
    key4_test                                0x20000074   Data           4  key_bsp.o(.data)
    key_val                                  0x20000078   Data           1  key_bsp.o(.data)
    key_old                                  0x20000079   Data           1  key_bsp.o(.data)
    key_down                                 0x2000007a   Data           1  key_bsp.o(.data)
    key_up                                   0x2000007b   Data           1  key_bsp.o(.data)
    dummy                                    0x20000080   Data           2  lcd.o(.data)
    r37                                      0x20000084   Data           4  lcd_bsp.o(.data)
    r38                                      0x20000088   Data           4  lcd_bsp.o(.data)
    pd                                       0x2000008c   Data           4  lcd_bsp.o(.data)
    ph                                       0x20000090   Data           4  lcd_bsp.o(.data)
    vh                                       0x20000094   Data           4  lcd_bsp.o(.data)
    vd                                       0x20000098   Data           4  lcd_bsp.o(.data)
    memu_choose                              0x2000009c   Data           1  lcd_bsp.o(.data)
    memu_choose_last                         0x2000009d   Data           1  lcd_bsp.o(.data)
    flag_choose                              0x2000009e   Data           1  lcd_bsp.o(.data)
    adc_value                                0x200000a0   Data           8  adc_bsp.o(.data)
    hadc1                                    0x200000a8   Data         108  adc.o(.bss)
    hadc2                                    0x20000114   Data         108  adc.o(.bss)
    hdma_adc1                                0x20000180   Data          96  adc.o(.bss)
    hdma_adc2                                0x200001e0   Data          96  adc.o(.bss)
    uart_rx_buffer                           0x20000240   Data         128  usart.o(.bss)
    uart_rx_dma_buffer                       0x200002c0   Data         128  usart.o(.bss)
    huart1                                   0x20000340   Data         144  usart.o(.bss)
    hdma_usart1_rx                           0x200003d0   Data          96  usart.o(.bss)
    btns                                     0x20000430   Data          64  key_bsp.o(.bss)
    usart_rb                                 0x20000470   Data          44  usart_bsp.o(.bss)
    usart_read_buffer                        0x2000049c   Data          64  usart_bsp.o(.bss)
    dma_buff                                 0x200004dc   Data         240  adc_bsp.o(.bss)
    my_voltage                               0x200005cc   Data          24  collect.o(.bss)
    __initial_sp                             0x200009e8   Data           0  startup_stm32g431xx.o(STACK)



==============================================================================

Memory Map of the image

  Image Entry point : 0x080001d9

  Load Region LR_IROM1 (Base: 0x08000000, Size: 0x00007428, Max: 0x00020000, ABSOLUTE)

    Execution Region ER_IROM1 (Exec base: 0x08000000, Load base: 0x08000000, Size: 0x00007380, Max: 0x00020000, ABSOLUTE)

    Exec Addr    Load Addr    Size         Type   Attr      Idx    E Section Name        Object

    0x08000000   0x08000000   0x000001d8   Data   RO            3    RESET               startup_stm32g431xx.o
    0x080001d8   0x080001d8   0x00000000   Code   RO         3842  * .ARM.Collect$$$$00000000  mc_w.l(entry.o)
    0x080001d8   0x080001d8   0x00000004   Code   RO         4161    .ARM.Collect$$$$00000001  mc_w.l(entry2.o)
    0x080001dc   0x080001dc   0x00000004   Code   RO         4164    .ARM.Collect$$$$00000004  mc_w.l(entry5.o)
    0x080001e0   0x080001e0   0x00000000   Code   RO         4166    .ARM.Collect$$$$00000008  mc_w.l(entry7b.o)
    0x080001e0   0x080001e0   0x00000000   Code   RO         4168    .ARM.Collect$$$$0000000A  mc_w.l(entry8b.o)
    0x080001e0   0x080001e0   0x00000008   Code   RO         4169    .ARM.Collect$$$$0000000B  mc_w.l(entry9a.o)
    0x080001e8   0x080001e8   0x00000000   Code   RO         4171    .ARM.Collect$$$$0000000D  mc_w.l(entry10a.o)
    0x080001e8   0x080001e8   0x00000000   Code   RO         4173    .ARM.Collect$$$$0000000F  mc_w.l(entry11a.o)
    0x080001e8   0x080001e8   0x00000004   Code   RO         4162    .ARM.Collect$$$$00002712  mc_w.l(entry2.o)
    0x080001ec   0x080001ec   0x00000024   Code   RO            4    .text               startup_stm32g431xx.o
    0x08000210   0x08000210   0x00000062   Code   RO         3845    .text               mc_w.l(uldiv.o)
    0x08000272   0x08000272   0x00000024   Code   RO         3847    .text               mc_w.l(memseta.o)
    0x08000296   0x08000296   0x0000014e   Code   RO         4114    .text               mf_w.l(dadd.o)
    0x080003e4   0x080003e4   0x000000e4   Code   RO         4116    .text               mf_w.l(dmul.o)
    0x080004c8   0x080004c8   0x00000026   Code   RO         4122    .text               mf_w.l(f2d.o)
    0x080004ee   0x080004ee   0x0000002c   Code   RO         4176    .text               mc_w.l(uidiv.o)
    0x0800051a   0x0800051a   0x0000001e   Code   RO         4178    .text               mc_w.l(llshl.o)
    0x08000538   0x08000538   0x00000020   Code   RO         4180    .text               mc_w.l(llushr.o)
    0x08000558   0x08000558   0x00000024   Code   RO         4182    .text               mc_w.l(llsshr.o)
    0x0800057c   0x0800057c   0x00000000   Code   RO         4191    .text               mc_w.l(iusefp.o)
    0x0800057c   0x0800057c   0x000000ba   Code   RO         4192    .text               mf_w.l(depilogue.o)
    0x08000636   0x08000636   0x000000de   Code   RO         4194    .text               mf_w.l(ddiv.o)
    0x08000714   0x08000714   0x00000030   Code   RO         4200    .text               mf_w.l(dfixul.o)
    0x08000744   0x08000744   0x00000030   Code   RO         4202    .text               mf_w.l(cdrcmple.o)
    0x08000774   0x08000774   0x00000024   Code   RO         4204    .text               mc_w.l(init.o)
    0x08000798   0x08000798   0x00000018   Code   RO          368    i.ADC1_2_IRQHandler  stm32g4xx_it.o
    0x080007b0   0x080007b0   0x00000092   Code   RO          499    i.ADC_DMAConvCplt   stm32g4xx_hal_adc.o
    0x08000842   0x08000842   0x0000001e   Code   RO          500    i.ADC_DMAError      stm32g4xx_hal_adc.o
    0x08000860   0x08000860   0x0000000e   Code   RO          501    i.ADC_DMAHalfConvCplt  stm32g4xx_hal_adc.o
    0x0800086e   0x0800086e   0x00000002   PAD
    0x08000870   0x08000870   0x00000094   Code   RO          502    i.ADC_Disable       stm32g4xx_hal_adc.o
    0x08000904   0x08000904   0x00000084   Code   RO          503    i.ADC_Enable        stm32g4xx_hal_adc.o
    0x08000988   0x08000988   0x00000004   Code   RO          369    i.BusFault_Handler  stm32g4xx_it.o
    0x0800098c   0x0800098c   0x00000010   Code   RO          370    i.DMA1_Channel1_IRQHandler  stm32g4xx_it.o
    0x0800099c   0x0800099c   0x00000010   Code   RO          371    i.DMA1_Channel2_IRQHandler  stm32g4xx_it.o
    0x080009ac   0x080009ac   0x00000010   Code   RO          372    i.DMA1_Channel3_IRQHandler  stm32g4xx_it.o
    0x080009bc   0x080009bc   0x00000044   Code   RO         1903    i.DMA_CalcDMAMUXChannelBaseAndMask  stm32g4xx_hal_dma.o
    0x08000a00   0x08000a00   0x00000024   Code   RO         1904    i.DMA_CalcDMAMUXRequestGenBaseAndMask  stm32g4xx_hal_dma.o
    0x08000a24   0x08000a24   0x00000040   Code   RO         1905    i.DMA_SetConfig     stm32g4xx_hal_dma.o
    0x08000a64   0x08000a64   0x00000002   Code   RO          373    i.DebugMon_Handler  stm32g4xx_it.o
    0x08000a66   0x08000a66   0x0000001e   Code   RO         3396    i.Delay_LCD         lcd.o
    0x08000a84   0x08000a84   0x00000006   Code   RO           13    i.Error_Handler     main.o
    0x08000a8a   0x08000a8a   0x00000002   PAD
    0x08000a8c   0x08000a8c   0x000000b0   Code   RO          776    i.HAL_ADCEx_Calibration_Start  stm32g4xx_hal_adc_ex.o
    0x08000b3c   0x08000b3c   0x00000002   Code   RO          780    i.HAL_ADCEx_EndOfSamplingCallback  stm32g4xx_hal_adc_ex.o
    0x08000b3e   0x08000b3e   0x00000002   Code   RO          783    i.HAL_ADCEx_InjectedConvCpltCallback  stm32g4xx_hal_adc_ex.o
    0x08000b40   0x08000b40   0x00000002   Code   RO          786    i.HAL_ADCEx_InjectedQueueOverflowCallback  stm32g4xx_hal_adc_ex.o
    0x08000b42   0x08000b42   0x00000002   Code   RO          791    i.HAL_ADCEx_LevelOutOfWindow2Callback  stm32g4xx_hal_adc_ex.o
    0x08000b44   0x08000b44   0x00000002   Code   RO          792    i.HAL_ADCEx_LevelOutOfWindow3Callback  stm32g4xx_hal_adc_ex.o
    0x08000b46   0x08000b46   0x00000002   PAD
    0x08000b48   0x08000b48   0x0000010c   Code   RO          793    i.HAL_ADCEx_MultiModeConfigChannel  stm32g4xx_hal_adc_ex.o
    0x08000c54   0x08000c54   0x00000508   Code   RO          505    i.HAL_ADC_ConfigChannel  stm32g4xx_hal_adc.o
    0x0800115c   0x0800115c   0x00000002   Code   RO          506    i.HAL_ADC_ConvCpltCallback  stm32g4xx_hal_adc.o
    0x0800115e   0x0800115e   0x00000002   Code   RO          507    i.HAL_ADC_ConvHalfCpltCallback  stm32g4xx_hal_adc.o
    0x08001160   0x08001160   0x00000002   Code   RO          509    i.HAL_ADC_ErrorCallback  stm32g4xx_hal_adc.o
    0x08001162   0x08001162   0x00000002   PAD
    0x08001164   0x08001164   0x00000330   Code   RO          513    i.HAL_ADC_IRQHandler  stm32g4xx_hal_adc.o
    0x08001494   0x08001494   0x00000268   Code   RO          514    i.HAL_ADC_Init      stm32g4xx_hal_adc.o
    0x080016fc   0x080016fc   0x00000002   Code   RO          515    i.HAL_ADC_LevelOutOfWindowCallback  stm32g4xx_hal_adc.o
    0x080016fe   0x080016fe   0x00000002   PAD
    0x08001700   0x08001700   0x000001c8   Code   RO          243    i.HAL_ADC_MspInit   adc.o
    0x080018c8   0x080018c8   0x00000114   Code   RO          522    i.HAL_ADC_Start_DMA  stm32g4xx_hal_adc.o
    0x080019dc   0x080019dc   0x00000076   Code   RO         1906    i.HAL_DMA_Abort     stm32g4xx_hal_dma.o
    0x08001a52   0x08001a52   0x00000094   Code   RO         1907    i.HAL_DMA_Abort_IT  stm32g4xx_hal_dma.o
    0x08001ae6   0x08001ae6   0x000000fe   Code   RO         1911    i.HAL_DMA_IRQHandler  stm32g4xx_hal_dma.o
    0x08001be4   0x08001be4   0x000000d0   Code   RO         1912    i.HAL_DMA_Init      stm32g4xx_hal_dma.o
    0x08001cb4   0x08001cb4   0x000000c2   Code   RO         1916    i.HAL_DMA_Start_IT  stm32g4xx_hal_dma.o
    0x08001d76   0x08001d76   0x00000002   PAD
    0x08001d78   0x08001d78   0x00000028   Code   RO         1017    i.HAL_Delay         stm32g4xx_hal.o
    0x08001da0   0x08001da0   0x000001d8   Code   RO         1768    i.HAL_GPIO_Init     stm32g4xx_hal_gpio.o
    0x08001f78   0x08001f78   0x00000010   Code   RO         1770    i.HAL_GPIO_ReadPin  stm32g4xx_hal_gpio.o
    0x08001f88   0x08001f88   0x0000000a   Code   RO         1772    i.HAL_GPIO_WritePin  stm32g4xx_hal_gpio.o
    0x08001f92   0x08001f92   0x00000002   PAD
    0x08001f94   0x08001f94   0x0000000c   Code   RO         1021    i.HAL_GetTick       stm32g4xx_hal.o
    0x08001fa0   0x08001fa0   0x00000018   Code   RO         1024    i.HAL_IncTick       stm32g4xx_hal.o
    0x08001fb8   0x08001fb8   0x0000001e   Code   RO         1025    i.HAL_Init          stm32g4xx_hal.o
    0x08001fd6   0x08001fd6   0x00000002   PAD
    0x08001fd8   0x08001fd8   0x00000058   Code   RO         1026    i.HAL_InitTick      stm32g4xx_hal.o
    0x08002030   0x08002030   0x00000044   Code   RO          474    i.HAL_MspInit       stm32g4xx_hal_msp.o
    0x08002074   0x08002074   0x00000028   Code   RO         2415    i.HAL_NVIC_EnableIRQ  stm32g4xx_hal_cortex.o
    0x0800209c   0x0800209c   0x0000007a   Code   RO         2421    i.HAL_NVIC_SetPriority  stm32g4xx_hal_cortex.o
    0x08002116   0x08002116   0x00000002   PAD
    0x08002118   0x08002118   0x00000028   Code   RO         2422    i.HAL_NVIC_SetPriorityGrouping  stm32g4xx_hal_cortex.o
    0x08002140   0x08002140   0x00000118   Code   RO         2171    i.HAL_PWREx_ControlVoltageScaling  stm32g4xx_hal_pwr_ex.o
    0x08002258   0x08002258   0x00000014   Code   RO         2183    i.HAL_PWREx_DisableUCPDDeadBattery  stm32g4xx_hal_pwr_ex.o
    0x0800226c   0x0800226c   0x00000370   Code   RO         1375    i.HAL_RCCEx_PeriphCLKConfig  stm32g4xx_hal_rcc_ex.o
    0x080025dc   0x080025dc   0x00000224   Code   RO         1245    i.HAL_RCC_ClockConfig  stm32g4xx_hal_rcc.o
    0x08002800   0x08002800   0x0000000c   Code   RO         1251    i.HAL_RCC_GetHCLKFreq  stm32g4xx_hal_rcc.o
    0x0800280c   0x0800280c   0x00000024   Code   RO         1253    i.HAL_RCC_GetPCLK1Freq  stm32g4xx_hal_rcc.o
    0x08002830   0x08002830   0x00000024   Code   RO         1254    i.HAL_RCC_GetPCLK2Freq  stm32g4xx_hal_rcc.o
    0x08002854   0x08002854   0x00000098   Code   RO         1255    i.HAL_RCC_GetSysClockFreq  stm32g4xx_hal_rcc.o
    0x080028ec   0x080028ec   0x00000568   Code   RO         1258    i.HAL_RCC_OscConfig  stm32g4xx_hal_rcc.o
    0x08002e54   0x08002e54   0x00000034   Code   RO         2426    i.HAL_SYSTICK_Config  stm32g4xx_hal_cortex.o
    0x08002e88   0x08002e88   0x0000004e   Code   RO         3011    i.HAL_UARTEx_DisableFifoMode  stm32g4xx_hal_uart_ex.o
    0x08002ed6   0x08002ed6   0x00000066   Code   RO         3016    i.HAL_UARTEx_ReceiveToIdle_DMA  stm32g4xx_hal_uart_ex.o
    0x08002f3c   0x08002f3c   0x0000002c   Code   RO         3669    i.HAL_UARTEx_RxEventCallback  usart_bsp.o
    0x08002f68   0x08002f68   0x00000002   Code   RO         3018    i.HAL_UARTEx_RxFifoFullCallback  stm32g4xx_hal_uart_ex.o
    0x08002f6a   0x08002f6a   0x0000005e   Code   RO         3019    i.HAL_UARTEx_SetRxFifoThreshold  stm32g4xx_hal_uart_ex.o
    0x08002fc8   0x08002fc8   0x0000005e   Code   RO         3020    i.HAL_UARTEx_SetTxFifoThreshold  stm32g4xx_hal_uart_ex.o
    0x08003026   0x08003026   0x00000002   Code   RO         3022    i.HAL_UARTEx_TxFifoEmptyCallback  stm32g4xx_hal_uart_ex.o
    0x08003028   0x08003028   0x00000002   Code   RO         3023    i.HAL_UARTEx_WakeupCallback  stm32g4xx_hal_uart_ex.o
    0x0800302a   0x0800302a   0x00000002   Code   RO         2611    i.HAL_UART_ErrorCallback  stm32g4xx_hal_uart.o
    0x0800302c   0x0800302c   0x00000308   Code   RO         2614    i.HAL_UART_IRQHandler  stm32g4xx_hal_uart.o
    0x08003334   0x08003334   0x00000078   Code   RO         2615    i.HAL_UART_Init     stm32g4xx_hal_uart.o
    0x080033ac   0x080033ac   0x000000e4   Code   RO          316    i.HAL_UART_MspInit  usart.o
    0x08003490   0x08003490   0x00000064   Code   RO         2620    i.HAL_UART_Receive_IT  stm32g4xx_hal_uart.o
    0x080034f4   0x080034f4   0x00000002   Code   RO         2622    i.HAL_UART_RxCpltCallback  stm32g4xx_hal_uart.o
    0x080034f6   0x080034f6   0x00000002   Code   RO         2623    i.HAL_UART_RxHalfCpltCallback  stm32g4xx_hal_uart.o
    0x080034f8   0x080034f8   0x00000002   Code   RO         2627    i.HAL_UART_TxCpltCallback  stm32g4xx_hal_uart.o
    0x080034fa   0x080034fa   0x00000004   Code   RO          374    i.HardFault_Handler  stm32g4xx_it.o
    0x080034fe   0x080034fe   0x00000002   PAD
    0x08003500   0x08003500   0x00000030   Code   RO         3397    i.LCD_BusIn         lcd.o
    0x08003530   0x08003530   0x00000030   Code   RO         3398    i.LCD_BusOut        lcd.o
    0x08003560   0x08003560   0x00000026   Code   RO         3399    i.LCD_Clear         lcd.o
    0x08003586   0x08003586   0x00000002   PAD
    0x08003588   0x08003588   0x000000c4   Code   RO         3401    i.LCD_CtrlLinesConfig  lcd.o
    0x0800364c   0x0800364c   0x00000028   Code   RO         3402    i.LCD_DisplayChar   lcd.o
    0x08003674   0x08003674   0x0000002c   Code   RO         3405    i.LCD_DisplayStringLine  lcd.o
    0x080036a0   0x080036a0   0x0000006c   Code   RO         3406    i.LCD_DrawChar      lcd.o
    0x0800370c   0x0800370c   0x00000038   Code   RO         3412    i.LCD_Init          lcd.o
    0x08003744   0x08003744   0x000000ac   Code   RO         3415    i.LCD_ReadReg       lcd.o
    0x080037f0   0x080037f0   0x00000010   Code   RO         3416    i.LCD_SetBackColor  lcd.o
    0x08003800   0x08003800   0x00000018   Code   RO         3417    i.LCD_SetCursor     lcd.o
    0x08003818   0x08003818   0x00000010   Code   RO         3419    i.LCD_SetTextColor  lcd.o
    0x08003828   0x08003828   0x00000078   Code   RO         3422    i.LCD_WriteRAM      lcd.o
    0x080038a0   0x080038a0   0x00000078   Code   RO         3423    i.LCD_WriteRAM_Prepare  lcd.o
    0x08003918   0x08003918   0x00000090   Code   RO         3424    i.LCD_WriteReg      lcd.o
    0x080039a8   0x080039a8   0x00000010   Code   RO          528    i.LL_ADC_Enable     stm32g4xx_hal_adc.o
    0x080039b8   0x080039b8   0x0000000a   Code   RO          529    i.LL_ADC_GetMultimode  stm32g4xx_hal_adc.o
    0x080039c2   0x080039c2   0x00000012   Code   RO          530    i.LL_ADC_GetOffsetChannel  stm32g4xx_hal_adc.o
    0x080039d4   0x080039d4   0x0000000a   Code   RO          531    i.LL_ADC_INJ_IsConversionOngoing  stm32g4xx_hal_adc.o
    0x080039de   0x080039de   0x0000000a   Code   RO          532    i.LL_ADC_IsDisableOngoing  stm32g4xx_hal_adc.o
    0x080039e8   0x080039e8   0x0000000a   Code   RO          533    i.LL_ADC_IsEnabled  stm32g4xx_hal_adc.o
    0x080039f2   0x080039f2   0x0000000a   Code   RO          805    i.LL_ADC_IsEnabled  stm32g4xx_hal_adc_ex.o
    0x080039fc   0x080039fc   0x0000000a   Code   RO          534    i.LL_ADC_IsInternalRegulatorEnabled  stm32g4xx_hal_adc.o
    0x08003a06   0x08003a06   0x0000000a   Code   RO          535    i.LL_ADC_REG_IsConversionOngoing  stm32g4xx_hal_adc.o
    0x08003a10   0x08003a10   0x0000000a   Code   RO          806    i.LL_ADC_REG_IsConversionOngoing  stm32g4xx_hal_adc_ex.o
    0x08003a1a   0x08003a1a   0x00000012   Code   RO          536    i.LL_ADC_REG_IsTriggerSourceSWStart  stm32g4xx_hal_adc.o
    0x08003a2c   0x08003a2c   0x00000010   Code   RO          537    i.LL_ADC_REG_StartConversion  stm32g4xx_hal_adc.o
    0x08003a3c   0x08003a3c   0x00000028   Code   RO          539    i.LL_ADC_SetChannelSamplingTime  stm32g4xx_hal_adc.o
    0x08003a64   0x08003a64   0x0000000c   Code   RO          540    i.LL_ADC_SetCommonPathInternalCh  stm32g4xx_hal_adc.o
    0x08003a70   0x08003a70   0x00000016   Code   RO          541    i.LL_ADC_SetOffsetState  stm32g4xx_hal_adc.o
    0x08003a86   0x08003a86   0x0000000c   Code   RO          542    i.LL_ADC_SetSamplingTimeCommonConfig  stm32g4xx_hal_adc.o
    0x08003a92   0x08003a92   0x0000002a   Code   RO         3607    i.LcdSprintf        lcd_bsp.o
    0x08003abc   0x08003abc   0x000000a4   Code   RO          244    i.MX_ADC1_Init      adc.o
    0x08003b60   0x08003b60   0x0000008c   Code   RO          245    i.MX_ADC2_Init      adc.o
    0x08003bec   0x08003bec   0x00000070   Code   RO          291    i.MX_DMA_Init       dma.o
    0x08003c5c   0x08003c5c   0x00000140   Code   RO          218    i.MX_GPIO_Init      gpio.o
    0x08003d9c   0x08003d9c   0x0000009c   Code   RO          317    i.MX_USART1_UART_Init  usart.o
    0x08003e38   0x08003e38   0x00000004   Code   RO          375    i.MemManage_Handler  stm32g4xx_it.o
    0x08003e3c   0x08003e3c   0x00000004   Code   RO          376    i.NMI_Handler       stm32g4xx_it.o
    0x08003e40   0x08003e40   0x00000002   Code   RO          377    i.PendSV_Handler    stm32g4xx_it.o
    0x08003e42   0x08003e42   0x00000002   PAD
    0x08003e44   0x08003e44   0x00000068   Code   RO         1259    i.RCC_GetSysClockFreqFromPLLSource  stm32g4xx_hal_rcc.o
    0x08003eac   0x08003eac   0x00000120   Code   RO         3425    i.REG_8230_Init     lcd.o
    0x08003fcc   0x08003fcc   0x00000200   Code   RO         3426    i.REG_932X_Init     lcd.o
    0x080041cc   0x080041cc   0x00000002   Code   RO          378    i.SVC_Handler       stm32g4xx_it.o
    0x080041ce   0x080041ce   0x00000008   Code   RO          379    i.SysTick_Handler   stm32g4xx_it.o
    0x080041d6   0x080041d6   0x00000068   Code   RO           14    i.SystemClock_Config  main.o
    0x0800423e   0x0800423e   0x00000002   PAD
    0x08004240   0x08004240   0x00000014   Code   RO         3129    i.SystemInit        system_stm32g4xx.o
    0x08004254   0x08004254   0x00000058   Code   RO         3024    i.UARTEx_SetNbDataToProcess  stm32g4xx_hal_uart_ex.o
    0x080042ac   0x080042ac   0x000000f8   Code   RO         2629    i.UART_AdvFeatureConfig  stm32g4xx_hal_uart.o
    0x080043a4   0x080043a4   0x00000076   Code   RO         2630    i.UART_CheckIdleState  stm32g4xx_hal_uart.o
    0x0800441a   0x0800441a   0x00000018   Code   RO         2631    i.UART_DMAAbortOnError  stm32g4xx_hal_uart.o
    0x08004432   0x08004432   0x0000005e   Code   RO         2632    i.UART_DMAError     stm32g4xx_hal_uart.o
    0x08004490   0x08004490   0x0000006c   Code   RO         2633    i.UART_DMAReceiveCplt  stm32g4xx_hal_uart.o
    0x080044fc   0x080044fc   0x00000022   Code   RO         2635    i.UART_DMARxHalfCplt  stm32g4xx_hal_uart.o
    0x0800451e   0x0800451e   0x00000002   PAD
    0x08004520   0x08004520   0x0000003c   Code   RO         2641    i.UART_EndRxTransfer  stm32g4xx_hal_uart.o
    0x0800455c   0x0800455c   0x00000022   Code   RO         2642    i.UART_EndTransmit_IT  stm32g4xx_hal_uart.o
    0x0800457e   0x0800457e   0x00000020   Code   RO         2643    i.UART_EndTxTransfer  stm32g4xx_hal_uart.o
    0x0800459e   0x0800459e   0x00000092   Code   RO         2644    i.UART_RxISR_16BIT  stm32g4xx_hal_uart.o
    0x08004630   0x08004630   0x00000164   Code   RO         2645    i.UART_RxISR_16BIT_FIFOEN  stm32g4xx_hal_uart.o
    0x08004794   0x08004794   0x0000008e   Code   RO         2646    i.UART_RxISR_8BIT   stm32g4xx_hal_uart.o
    0x08004822   0x08004822   0x00000002   PAD
    0x08004824   0x08004824   0x00000164   Code   RO         2647    i.UART_RxISR_8BIT_FIFOEN  stm32g4xx_hal_uart.o
    0x08004988   0x08004988   0x0000038c   Code   RO         2648    i.UART_SetConfig    stm32g4xx_hal_uart.o
    0x08004d14   0x08004d14   0x000000a0   Code   RO         2649    i.UART_Start_Receive_DMA  stm32g4xx_hal_uart.o
    0x08004db4   0x08004db4   0x00000110   Code   RO         2650    i.UART_Start_Receive_IT  stm32g4xx_hal_uart.o
    0x08004ec4   0x08004ec4   0x000000be   Code   RO         2655    i.UART_WaitOnFlagUntilTimeout  stm32g4xx_hal_uart.o
    0x08004f82   0x08004f82   0x00000002   PAD
    0x08004f84   0x08004f84   0x00000030   Code   RO          380    i.USART1_IRQHandler  stm32g4xx_it.o
    0x08004fb4   0x08004fb4   0x00000004   Code   RO          381    i.UsageFault_Handler  stm32g4xx_it.o
    0x08004fb8   0x08004fb8   0x00000024   Code   RO         4092    i.__0vsprintf       mc_w.l(printfa.o)
    0x08004fdc   0x08004fdc   0x00000010   Code   RO         2428    i.__NVIC_GetPriorityGrouping  stm32g4xx_hal_cortex.o
    0x08004fec   0x08004fec   0x00000028   Code   RO         2429    i.__NVIC_SetPriority  stm32g4xx_hal_cortex.o
    0x08005014   0x08005014   0x0000000e   Code   RO         4212    i.__scatterload_copy  mc_w.l(handlers.o)
    0x08005022   0x08005022   0x00000002   Code   RO         4213    i.__scatterload_null  mc_w.l(handlers.o)
    0x08005024   0x08005024   0x0000000e   Code   RO         4214    i.__scatterload_zeroinit  mc_w.l(handlers.o)
    0x08005032   0x08005032   0x00000002   PAD
    0x08005034   0x08005034   0x00000184   Code   RO         4093    i._fp_digits        mc_w.l(printfa.o)
    0x080051b8   0x080051b8   0x000006dc   Code   RO         4094    i._printf_core      mc_w.l(printfa.o)
    0x08005894   0x08005894   0x00000024   Code   RO         4095    i._printf_post_padding  mc_w.l(printfa.o)
    0x080058b8   0x080058b8   0x0000002e   Code   RO         4096    i._printf_pre_padding  mc_w.l(printfa.o)
    0x080058e6   0x080058e6   0x0000000a   Code   RO         4098    i._sputc            mc_w.l(printfa.o)
    0x080058f0   0x080058f0   0x0000006c   Code   RO         3760    i.adc_proc          adc_bsp.o
    0x0800595c   0x0800595c   0x0000003c   Code   RO         3165    i.akebi_init        akebi.o
    0x08005998   0x08005998   0x00000074   Code   RO         3608    i.data_proc         lcd_bsp.o
    0x08005a0c   0x08005a0c   0x00000044   Code   RO         3316    i.keyB1_proc        key_bsp.o
    0x08005a50   0x08005a50   0x00000048   Code   RO         3317    i.keyB2_proc        key_bsp.o
    0x08005a98   0x08005a98   0x0000005c   Code   RO         3318    i.keyB3_proc        key_bsp.o
    0x08005af4   0x08005af4   0x00000044   Code   RO         3319    i.keyB4_proc        key_bsp.o
    0x08005b38   0x08005b38   0x0000005c   Code   RO         3320    i.key_init          key_bsp.o
    0x08005b94   0x08005b94   0x00000020   Code   RO         3323    i.key_state         key_bsp.o
    0x08005bb4   0x08005bb4   0x000000d4   Code   RO         3324    i.key_task          key_bsp.o
    0x08005c88   0x08005c88   0x00000030   Code   RO         3609    i.lcd_proc          lcd_bsp.o
    0x08005cb8   0x08005cb8   0x00000030   Code   RO         3261    i.led_LD1           led_bsp.o
    0x08005ce8   0x08005ce8   0x00000044   Code   RO         3262    i.led_LD2           led_bsp.o
    0x08005d2c   0x08005d2c   0x00000040   Code   RO         3263    i.led_LD3           led_bsp.o
    0x08005d6c   0x08005d6c   0x0000006c   Code   RO         3264    i.led_disp          led_bsp.o
    0x08005dd8   0x08005dd8   0x0000001c   Code   RO         3265    i.led_proc          led_bsp.o
    0x08005df4   0x08005df4   0x00000088   Code   RO           15    i.main              main.o
    0x08005e7c   0x08005e7c   0x00000090   Code   RO         3610    i.para_proc         lcd_bsp.o
    0x08005f0c   0x08005f0c   0x0000002c   Code   RO         3792    i.r37_collect       collect.o
    0x08005f38   0x08005f38   0x000000a8   Code   RO         3793    i.r38_collect       collect.o
    0x08005fe0   0x08005fe0   0x0000002c   Code   RO         3794    i.r38_collect_init  collect.o
    0x0800600c   0x0800600c   0x00000074   Code   RO         3611    i.recd_proc         lcd_bsp.o
    0x08006080   0x08006080   0x0000001a   Code   RO         3712    i.ringbuffer_init   ringbuffer.o
    0x0800609a   0x0800609a   0x00000010   Code   RO         3714    i.ringbuffer_is_full  ringbuffer.o
    0x080060aa   0x080060aa   0x00000044   Code   RO         3716    i.ringbuffer_write  ringbuffer.o
    0x080060ee   0x080060ee   0x00000002   PAD
    0x080060f0   0x080060f0   0x0000000c   Code   RO         3225    i.scheduler_init    komichi.o
    0x080060fc   0x080060fc   0x00000054   Code   RO         3226    i.scheduler_run     komichi.o
    0x08006150   0x08006150   0x00000018   Data   RO         2656    .constdata          stm32g4xx_hal_uart.o
    0x08006168   0x08006168   0x00000010   Data   RO         3026    .constdata          stm32g4xx_hal_uart_ex.o
    0x08006178   0x08006178   0x00000018   Data   RO         3130    .constdata          system_stm32g4xx.o
    0x08006190   0x08006190   0x000011d0   Data   RO         3427    .constdata          lcd.o
    0x08007360   0x08007360   0x00000020   Data   RO         4210    Region$$Table       anon$$obj.o


    Execution Region RW_IRAM1 (Exec base: 0x20000000, Load base: 0x08007380, Size: 0x000009e8, Max: 0x00008000, ABSOLUTE)

    Exec Addr    Load Addr    Size         Type   Attr      Idx    E Section Name        Object

    0x20000000   0x08007380   0x00000004   Data   RW          247    .data               adc.o
    0x20000004   0x08007384   0x0000000c   Data   RW         1045    .data               stm32g4xx_hal.o
    0x20000010   0x08007390   0x00000004   Data   RW         3131    .data               system_stm32g4xx.o
    0x20000014   0x08007394   0x0000004c   Data   RW         3227    .data               komichi.o
    0x20000060   0x080073e0   0x00000009   Data   RW         3266    .data               led_bsp.o
    0x20000069   0x080073e9   0x00000003   PAD
    0x2000006c   0x080073ec   0x00000010   Data   RW         3326    .data               key_bsp.o
    0x2000007c   0x080073fc   0x00000006   Data   RW         3428    .data               lcd.o
    0x20000082   0x08007402   0x00000002   PAD
    0x20000084   0x08007404   0x0000001b   Data   RW         3612    .data               lcd_bsp.o
    0x2000009f   0x0800741f   0x00000001   PAD
    0x200000a0   0x08007420   0x00000008   Data   RW         3762    .data               adc_bsp.o
    0x200000a8        -       0x00000198   Zero   RW          246    .bss                adc.o
    0x20000240        -       0x000001f0   Zero   RW          319    .bss                usart.o
    0x20000430        -       0x00000040   Zero   RW         3325    .bss                key_bsp.o
    0x20000470        -       0x0000006c   Zero   RW         3672    .bss                usart_bsp.o
    0x200004dc        -       0x000000f0   Zero   RW         3761    .bss                adc_bsp.o
    0x200005cc        -       0x00000018   Zero   RW         3795    .bss                collect.o
    0x200005e4   0x08007428   0x00000004   PAD
    0x200005e8        -       0x00000400   Zero   RW            1    STACK               startup_stm32g431xx.o


==============================================================================

Image component sizes


      Code (inc. data)   RO Data    RW Data    ZI Data      Debug   Object Name

       760         54          0          4        408       2958   adc.o
       108         16          0          8        240       1104   adc_bsp.o
        60         10          0          0          0       2936   akebi.o
       256         36          0          0         24       2212   collect.o
       112          6          0          0          0        846   dma.o
       320         16          0          0          0       1099   gpio.o
       636         78          0         16         64       4956   key_bsp.o
        96         12          0         76          0       1732   komichi.o
      2020         84       4560          6          0      11584   lcd.o
       466        198          0         27          0       3739   lcd_bsp.o
       316         56          0          9          0       3128   led_bsp.o
       246         16          0          0          0     612057   main.o
       110          0          0          0          0       2138   ringbuffer.o
        36          8        472          0       1024        852   startup_stm32g431xx.o
       194         32          0         12          0       4441   stm32g4xx_hal.o
      3688        128          0          0          0      86715   stm32g4xx_hal_adc.o
       474         18          0          0          0      72150   stm32g4xx_hal_adc_ex.o
       310         22          0          0          0      34467   stm32g4xx_hal_cortex.o
      1090         22          0          0          0       6458   stm32g4xx_hal_dma.o
       498         34          0          0          0       3007   stm32g4xx_hal_gpio.o
        68          6          0          0          0        886   stm32g4xx_hal_msp.o
       300         18          0          0          0       1445   stm32g4xx_hal_pwr_ex.o
      2272        108          0          0          0       7092   stm32g4xx_hal_rcc.o
       880          8          0          0          0       1912   stm32g4xx_hal_rcc_ex.o
      4286        132         24          0          0      38742   stm32g4xx_hal_uart.o
       462         10         16          0          0       6465   stm32g4xx_hal_uart_ex.o
       154         38          0          0          0       7003   stm32g4xx_it.o
        20          6         24          4          0       1183   system_stm32g4xx.o
       384         40          0          0        496       2271   usart.o
        44         10          0          0        108       1652   usart_bsp.o

    ----------------------------------------------------------------------
     20700       1222       5128        168       2368     927230   Object Totals
         0          0         32          0          0          0   (incl. Generated)
        34          0          0          6          4          0   (incl. Padding)

    ----------------------------------------------------------------------

      Code (inc. data)   RO Data    RW Data    ZI Data      Debug   Library Member Name

         0          0          0          0          0          0   entry.o
         0          0          0          0          0          0   entry10a.o
         0          0          0          0          0          0   entry11a.o
         8          4          0          0          0          0   entry2.o
         4          0          0          0          0          0   entry5.o
         0          0          0          0          0          0   entry7b.o
         0          0          0          0          0          0   entry8b.o
         8          4          0          0          0          0   entry9a.o
        30          0          0          0          0          0   handlers.o
        36          8          0          0          0         68   init.o
         0          0          0          0          0          0   iusefp.o
        30          0          0          0          0         68   llshl.o
        36          0          0          0          0         68   llsshr.o
        32          0          0          0          0         68   llushr.o
        36          0          0          0          0        108   memseta.o
      2272         86          0          0          0        516   printfa.o
        44          0          0          0          0         80   uidiv.o
        98          0          0          0          0         92   uldiv.o
        48          0          0          0          0         68   cdrcmple.o
       334          0          0          0          0        148   dadd.o
       222          0          0          0          0        100   ddiv.o
       186          0          0          0          0        176   depilogue.o
        48          0          0          0          0         68   dfixul.o
       228          0          0          0          0         96   dmul.o
        38          0          0          0          0         68   f2d.o

    ----------------------------------------------------------------------
      3740        102          0          0          0       1792   Library Totals
         2          0          0          0          0          0   (incl. Padding)

    ----------------------------------------------------------------------

      Code (inc. data)   RO Data    RW Data    ZI Data      Debug   Library Name

      2634        102          0          0          0       1068   mc_w.l
      1104          0          0          0          0        724   mf_w.l

    ----------------------------------------------------------------------
      3740        102          0          0          0       1792   Library Totals

    ----------------------------------------------------------------------

==============================================================================


      Code (inc. data)   RO Data    RW Data    ZI Data      Debug   

     24440       1324       5128        168       2368     912042   Grand Totals
     24440       1324       5128        168       2368     912042   ELF Image Totals
     24440       1324       5128        168          0          0   ROM Totals

==============================================================================

    Total RO  Size (Code + RO Data)                29568 (  28.88kB)
    Total RW  Size (RW Data + ZI Data)              2536 (   2.48kB)
    Total ROM Size (Code + RO Data + RW Data)      29736 (  29.04kB)

==============================================================================

