Component: ARM Compiler 5.06 update 5 (build 528) Tool: armlink [4d35e2]

==============================================================================

Section Cross References

    startup_stm32g431xx.o(RESET) refers to startup_stm32g431xx.o(STACK) for __initial_sp
    startup_stm32g431xx.o(RESET) refers to startup_stm32g431xx.o(.text) for Reset_Handler
    startup_stm32g431xx.o(RESET) refers to stm32g4xx_it.o(i.NMI_Handler) for NMI_Handler
    startup_stm32g431xx.o(RESET) refers to stm32g4xx_it.o(i.HardFault_Handler) for HardFault_Handler
    startup_stm32g431xx.o(RESET) refers to stm32g4xx_it.o(i.MemManage_Handler) for MemManage_Handler
    startup_stm32g431xx.o(RESET) refers to stm32g4xx_it.o(i.BusFault_Handler) for BusFault_Handler
    startup_stm32g431xx.o(RESET) refers to stm32g4xx_it.o(i.UsageFault_Handler) for UsageFault_Handler
    startup_stm32g431xx.o(RESET) refers to stm32g4xx_it.o(i.SVC_Handler) for SVC_Handler
    startup_stm32g431xx.o(RESET) refers to stm32g4xx_it.o(i.DebugMon_Handler) for DebugMon_Handler
    startup_stm32g431xx.o(RESET) refers to stm32g4xx_it.o(i.PendSV_Handler) for PendSV_Handler
    startup_stm32g431xx.o(RESET) refers to stm32g4xx_it.o(i.SysTick_Handler) for SysTick_Handler
    startup_stm32g431xx.o(RESET) refers to stm32g4xx_it.o(i.DMA1_Channel1_IRQHandler) for DMA1_Channel1_IRQHandler
    startup_stm32g431xx.o(RESET) refers to stm32g4xx_it.o(i.DMA1_Channel2_IRQHandler) for DMA1_Channel2_IRQHandler
    startup_stm32g431xx.o(RESET) refers to stm32g4xx_it.o(i.DMA1_Channel3_IRQHandler) for DMA1_Channel3_IRQHandler
    startup_stm32g431xx.o(RESET) refers to stm32g4xx_it.o(i.ADC1_2_IRQHandler) for ADC1_2_IRQHandler
    startup_stm32g431xx.o(RESET) refers to stm32g4xx_it.o(i.USART1_IRQHandler) for USART1_IRQHandler
    startup_stm32g431xx.o(.text) refers to system_stm32g4xx.o(i.SystemInit) for SystemInit
    startup_stm32g431xx.o(.text) refers to entry.o(.ARM.Collect$$$$00000000) for __main
    main.o(i.SystemClock_Config) refers to memseta.o(.text) for __aeabi_memclr4
    main.o(i.SystemClock_Config) refers to stm32g4xx_hal_pwr_ex.o(i.HAL_PWREx_ControlVoltageScaling) for HAL_PWREx_ControlVoltageScaling
    main.o(i.SystemClock_Config) refers to stm32g4xx_hal_rcc.o(i.HAL_RCC_OscConfig) for HAL_RCC_OscConfig
    main.o(i.SystemClock_Config) refers to main.o(i.Error_Handler) for Error_Handler
    main.o(i.SystemClock_Config) refers to stm32g4xx_hal_rcc.o(i.HAL_RCC_ClockConfig) for HAL_RCC_ClockConfig
    main.o(i.main) refers to stm32g4xx_hal.o(i.HAL_Init) for HAL_Init
    main.o(i.main) refers to main.o(i.SystemClock_Config) for SystemClock_Config
    main.o(i.main) refers to gpio.o(i.MX_GPIO_Init) for MX_GPIO_Init
    main.o(i.main) refers to dma.o(i.MX_DMA_Init) for MX_DMA_Init
    main.o(i.main) refers to usart.o(i.MX_USART1_UART_Init) for MX_USART1_UART_Init
    main.o(i.main) refers to adc.o(i.MX_ADC1_Init) for MX_ADC1_Init
    main.o(i.main) refers to adc.o(i.MX_ADC2_Init) for MX_ADC2_Init
    main.o(i.main) refers to akebi.o(i.akebi_init) for akebi_init
    main.o(i.main) refers to stm32g4xx_hal_adc_ex.o(i.HAL_ADCEx_Calibration_Start) for HAL_ADCEx_Calibration_Start
    main.o(i.main) refers to key_bsp.o(i.key_init) for key_init
    main.o(i.main) refers to stm32g4xx_hal_adc.o(i.HAL_ADC_Start_DMA) for HAL_ADC_Start_DMA
    main.o(i.main) refers to lcd.o(i.LCD_Init) for LCD_Init
    main.o(i.main) refers to lcd.o(i.LCD_Clear) for LCD_Clear
    main.o(i.main) refers to lcd.o(i.LCD_SetTextColor) for LCD_SetTextColor
    main.o(i.main) refers to lcd.o(i.LCD_SetBackColor) for LCD_SetBackColor
    main.o(i.main) refers to komichi.o(i.scheduler_init) for scheduler_init
    main.o(i.main) refers to ringbuffer.o(i.ringbuffer_init) for ringbuffer_init
    main.o(i.main) refers to komichi.o(i.scheduler_run) for scheduler_run
    main.o(i.main) refers to adc.o(.bss) for hadc1
    main.o(i.main) refers to adc_bsp.o(.bss) for dma_buff
    main.o(i.main) refers to usart_bsp.o(.bss) for usart_rb
    gpio.o(i.MX_GPIO_Init) refers to memseta.o(.text) for __aeabi_memclr4
    gpio.o(i.MX_GPIO_Init) refers to stm32g4xx_hal_gpio.o(i.HAL_GPIO_WritePin) for HAL_GPIO_WritePin
    gpio.o(i.MX_GPIO_Init) refers to stm32g4xx_hal_gpio.o(i.HAL_GPIO_Init) for HAL_GPIO_Init
    adc.o(i.HAL_ADC_MspDeInit) refers to stm32g4xx_hal_gpio.o(i.HAL_GPIO_DeInit) for HAL_GPIO_DeInit
    adc.o(i.HAL_ADC_MspDeInit) refers to stm32g4xx_hal_dma.o(i.HAL_DMA_DeInit) for HAL_DMA_DeInit
    adc.o(i.HAL_ADC_MspDeInit) refers to adc.o(.data) for HAL_RCC_ADC12_CLK_ENABLED
    adc.o(i.HAL_ADC_MspInit) refers to memseta.o(.text) for __aeabi_memclr4
    adc.o(i.HAL_ADC_MspInit) refers to stm32g4xx_hal_rcc_ex.o(i.HAL_RCCEx_PeriphCLKConfig) for HAL_RCCEx_PeriphCLKConfig
    adc.o(i.HAL_ADC_MspInit) refers to main.o(i.Error_Handler) for Error_Handler
    adc.o(i.HAL_ADC_MspInit) refers to stm32g4xx_hal_gpio.o(i.HAL_GPIO_Init) for HAL_GPIO_Init
[...]
    i.HAL_DMA_Abort_IT                       0x08001fb6   Section        0  stm32g4xx_hal_dma.o(i.HAL_DMA_Abort_IT)
    i.HAL_DMA_IRQHandler                     0x0800204a   Section        0  stm32g4xx_hal_dma.o(i.HAL_DMA_IRQHandler)
    i.HAL_DMA_Init                           0x08002148   Section        0  stm32g4xx_hal_dma.o(i.HAL_DMA_Init)
    i.HAL_DMA_Start_IT                       0x08002218   Section        0  stm32g4xx_hal_dma.o(i.HAL_DMA_Start_IT)
    i.HAL_Delay                              0x080022dc   Section        0  stm32g4xx_hal.o(i.HAL_Delay)
    i.HAL_GPIO_Init                          0x08002304   Section        0  stm32g4xx_hal_gpio.o(i.HAL_GPIO_Init)
    i.HAL_GPIO_ReadPin                       0x080024dc   Section        0  stm32g4xx_hal_gpio.o(i.HAL_GPIO_ReadPin)
    i.HAL_GPIO_WritePin                      0x080024ec   Section        0  stm32g4xx_hal_gpio.o(i.HAL_GPIO_WritePin)
    i.HAL_GetTick                            0x080024f8   Section        0  stm32g4xx_hal.o(i.HAL_GetTick)
    i.HAL_IncTick                            0x08002504   Section        0  stm32g4xx_hal.o(i.HAL_IncTick)
    i.HAL_Init                               0x0800251c   Section        0  stm32g4xx_hal.o(i.HAL_Init)
    i.HAL_InitTick                           0x0800253c   Section        0  stm32g4xx_hal.o(i.HAL_InitTick)
    i.HAL_MspInit                            0x08002594   Section        0  stm32g4xx_hal_msp.o(i.HAL_MspInit)
    i.HAL_NVIC_EnableIRQ                     0x080025d8   Section        0  stm32g4xx_hal_cortex.o(i.HAL_NVIC_EnableIRQ)
    i.HAL_NVIC_SetPriority                   0x08002600   Section        0  stm32g4xx_hal_cortex.o(i.HAL_NVIC_SetPriority)
    i.HAL_NVIC_SetPriorityGrouping           0x0800267c   Section        0  stm32g4xx_hal_cortex.o(i.HAL_NVIC_SetPriorityGrouping)
    i.HAL_PWREx_ControlVoltageScaling        0x080026a4   Section        0  stm32g4xx_hal_pwr_ex.o(i.HAL_PWREx_ControlVoltageScaling)
    i.HAL_PWREx_DisableUCPDDeadBattery       0x080027bc   Section        0  stm32g4xx_hal_pwr_ex.o(i.HAL_PWREx_DisableUCPDDeadBattery)
    i.HAL_RCCEx_PeriphCLKConfig              0x080027d0   Section        0  stm32g4xx_hal_rcc_ex.o(i.HAL_RCCEx_PeriphCLKConfig)
    i.HAL_RCC_ClockConfig                    0x08002b40   Section        0  stm32g4xx_hal_rcc.o(i.HAL_RCC_ClockConfig)
    i.HAL_RCC_GetHCLKFreq                    0x08002d64   Section        0  stm32g4xx_hal_rcc.o(i.HAL_RCC_GetHCLKFreq)
    i.HAL_RCC_GetPCLK1Freq                   0x08002d70   Section        0  stm32g4xx_hal_rcc.o(i.HAL_RCC_GetPCLK1Freq)
    i.HAL_RCC_GetPCLK2Freq                   0x08002d94   Section        0  stm32g4xx_hal_rcc.o(i.HAL_RCC_GetPCLK2Freq)
    i.HAL_RCC_GetSysClockFreq                0x08002db8   Section        0  stm32g4xx_hal_rcc.o(i.HAL_RCC_GetSysClockFreq)
    i.HAL_RCC_OscConfig                      0x08002e50   Section        0  stm32g4xx_hal_rcc.o(i.HAL_RCC_OscConfig)
    i.HAL_SYSTICK_Config                     0x080033b8   Section        0  stm32g4xx_hal_cortex.o(i.HAL_SYSTICK_Config)
    i.HAL_UARTEx_DisableFifoMode             0x080033ec   Section        0  stm32g4xx_hal_uart_ex.o(i.HAL_UARTEx_DisableFifoMode)
    i.HAL_UARTEx_ReceiveToIdle_DMA           0x0800343a   Section        0  stm32g4xx_hal_uart_ex.o(i.HAL_UARTEx_ReceiveToIdle_DMA)
    i.HAL_UARTEx_RxEventCallback             0x080034a0   Section        0  usart_bsp.o(i.HAL_UARTEx_RxEventCallback)
    i.HAL_UARTEx_RxFifoFullCallback          0x080034cc   Section        0  stm32g4xx_hal_uart_ex.o(i.HAL_UARTEx_RxFifoFullCallback)
    i.HAL_UARTEx_SetRxFifoThreshold          0x080034ce   Section        0  stm32g4xx_hal_uart_ex.o(i.HAL_UARTEx_SetRxFifoThreshold)
    i.HAL_UARTEx_SetTxFifoThreshold          0x0800352c   Section        0  stm32g4xx_hal_uart_ex.o(i.HAL_UARTEx_SetTxFifoThreshold)
    i.HAL_UARTEx_TxFifoEmptyCallback         0x0800358a   Section        0  stm32g4xx_hal_uart_ex.o(i.HAL_UARTEx_TxFifoEmptyCallback)
    i.HAL_UARTEx_WakeupCallback              0x0800358c   Section        0  stm32g4xx_hal_uart_ex.o(i.HAL_UARTEx_WakeupCallback)
    i.HAL_UART_ErrorCallback                 0x0800358e   Section        0  stm32g4xx_hal_uart.o(i.HAL_UART_ErrorCallback)
    i.HAL_UART_IRQHandler                    0x08003590   Section        0  stm32g4xx_hal_uart.o(i.HAL_UART_IRQHandler)
    i.HAL_UART_Init                          0x08003898   Section        0  stm32g4xx_hal_uart.o(i.HAL_UART_Init)
    i.HAL_UART_MspInit                       0x08003910   Section        0  usart.o(i.HAL_UART_MspInit)
    i.HAL_UART_Receive_IT                    0x080039f4   Section        0  stm32g4xx_hal_uart.o(i.HAL_UART_Receive_IT)
    i.HAL_UART_RxCpltCallback                0x08003a58   Section        0  stm32g4xx_hal_uart.o(i.HAL_UART_RxCpltCallback)
    i.HAL_UART_RxHalfCpltCallback            0x08003a5a   Section        0  stm32g4xx_hal_uart.o(i.HAL_UART_RxHalfCpltCallback)
    i.HAL_UART_Transmit                      0x08003a5c   Section        0  stm32g4xx_hal_uart.o(i.HAL_UART_Transmit)
    i.HAL_UART_TxCpltCallback                0x08003b32   Section        0  stm32g4xx_hal_uart.o(i.HAL_UART_TxCpltCallback)
    i.HardFault_Handler                      0x08003b34   Section        0  stm32g4xx_it.o(i.HardFault_Handler)
    i.LCD_BusIn                              0x08003b38   Section        0  lcd.o(i.LCD_BusIn)
    i.LCD_BusOut                             0x08003b68   Section        0  lcd.o(i.LCD_BusOut)
    i.LCD_Clear                              0x08003b98   Section        0  lcd.o(i.LCD_Clear)
    i.LCD_CtrlLinesConfig                    0x08003bc0   Section        0  lcd.o(i.LCD_CtrlLinesConfig)
    i.LCD_DisplayChar                        0x08003c84   Section        0  lcd.o(i.LCD_DisplayChar)
    i.LCD_DisplayStringLine                  0x08003cac   Section        0  lcd.o(i.LCD_DisplayStringLine)
    i.LCD_DrawChar                           0x08003cd8   Section        0  lcd.o(i.LCD_DrawChar)
    i.LCD_Init                               0x08003d44   Section        0  lcd.o(i.LCD_Init)
    i.LCD_ReadReg                            0x08003d7c   Section        0  lcd.o(i.LCD_ReadReg)
    i.LCD_SetBackColor                       0x08003e28   Section        0  lcd.o(i.LCD_SetBackColor)
    i.LCD_SetCursor                          0x08003e38   Section        0  lcd.o(i.LCD_SetCursor)
    i.LCD_SetTextColor                       0x08003e50   Section        0  lcd.o(i.LCD_SetTextColor)
    i.LCD_WriteRAM                           0x08003e60   Section        0  lcd.o(i.LCD_WriteRAM)
    i.LCD_WriteRAM_Prepare                   0x08003ed8   Section        0  lcd.o(i.LCD_WriteRAM_Prepare)
    i.LCD_WriteReg                           0x08003f50   Section        0  lcd.o(i.LCD_WriteReg)
    i.LL_ADC_Enable                          0x08003fe0   Section        0  stm32g4xx_hal_adc.o(i.LL_ADC_Enable)
    LL_ADC_Enable                            0x08003fe1   Thumb Code    12  stm32g4xx_hal_adc.o(i.LL_ADC_Enable)
    i.LL_ADC_GetMultimode                    0x08003ff0   Section        0  stm32g4xx_hal_adc.o(i.LL_ADC_GetMultimode)
    LL_ADC_GetMultimode                      0x08003ff1   Thumb Code    10  stm32g4xx_hal_adc.o(i.LL_ADC_GetMultimode)
    i.LL_ADC_GetOffsetChannel                0x08003ffa   Section        0  stm32g4xx_hal_adc.o(i.LL_ADC_GetOffsetChannel)
    LL_ADC_GetOffsetChannel                  0x08003ffb   Thumb Code    18  stm32g4xx_hal_adc.o(i.LL_ADC_GetOffsetChannel)
    i.LL_ADC_INJ_IsConversionOngoing         0x0800400c   Section        0  stm32g4xx_hal_adc.o(i.LL_ADC_INJ_IsConversionOngoing)
    LL_ADC_INJ_IsConversionOngoing           0x0800400d   Thumb Code    10  stm32g4xx_hal_adc.o(i.LL_ADC_INJ_IsConversionOngoing)
    i.LL_ADC_IsDisableOngoing                0x08004016   Section        0  stm32g4xx_hal_adc.o(i.LL_ADC_IsDisableOngoing)
    LL_ADC_IsDisableOngoing                  0x08004017   Thumb Code    10  stm32g4xx_hal_adc.o(i.LL_ADC_IsDisableOngoing)
    i.LL_ADC_IsEnabled                       0x08004020   Section        0  stm32g4xx_hal_adc.o(i.LL_ADC_IsEnabled)
    LL_ADC_IsEnabled                         0x08004021   Thumb Code    10  stm32g4xx_hal_adc.o(i.LL_ADC_IsEnabled)
    i.LL_ADC_IsEnabled                       0x0800402a   Section        0  stm32g4xx_hal_adc_ex.o(i.LL_ADC_IsEnabled)
    LL_ADC_IsEnabled                         0x0800402b   Thumb Code    10  stm32g4xx_hal_adc_ex.o(i.LL_ADC_IsEnabled)
    i.LL_ADC_IsInternalRegulatorEnabled      0x08004034   Section        0  stm32g4xx_hal_adc.o(i.LL_ADC_IsInternalRegulatorEnabled)
    LL_ADC_IsInternalRegulatorEnabled        0x08004035   Thumb Code    10  stm32g4xx_hal_adc.o(i.LL_ADC_IsInternalRegulatorEnabled)
    i.LL_ADC_REG_IsConversionOngoing         0x0800403e   Section        0  stm32g4xx_hal_adc.o(i.LL_ADC_REG_IsConversionOngoing)
    LL_ADC_REG_IsConversionOngoing           0x0800403f   Thumb Code    10  stm32g4xx_hal_adc.o(i.LL_ADC_REG_IsConversionOngoing)
    i.LL_ADC_REG_IsConversionOngoing         0x08004048   Section        0  stm32g4xx_hal_adc_ex.o(i.LL_ADC_REG_IsConversionOngoing)
    LL_ADC_REG_IsConversionOngoing           0x08004049   Thumb Code    10  stm32g4xx_hal_adc_ex.o(i.LL_ADC_REG_IsConversionOngoing)
    i.LL_ADC_REG_IsTriggerSourceSWStart      0x08004052   Section        0  stm32g4xx_hal_adc.o(i.LL_ADC_REG_IsTriggerSourceSWStart)
    LL_ADC_REG_IsTriggerSourceSWStart        0x08004053   Thumb Code    18  stm32g4xx_hal_adc.o(i.LL_ADC_REG_IsTriggerSourceSWStart)
    i.LL_ADC_REG_StartConversion             0x08004064   Section        0  stm32g4xx_hal_adc.o(i.LL_ADC_REG_StartConversion)
    LL_ADC_REG_StartConversion               0x08004065   Thumb Code    12  stm32g4xx_hal_adc.o(i.LL_ADC_REG_StartConversion)
    i.LL_ADC_SetChannelSamplingTime          0x08004074   Section        0  stm32g4xx_hal_adc.o(i.LL_ADC_SetChannelSamplingTime)
    LL_ADC_SetChannelSamplingTime            0x08004075   Thumb Code    40  stm32g4xx_hal_adc.o(i.LL_ADC_SetChannelSamplingTime)
    i.LL_ADC_SetCommonPathInternalCh         0x0800409c   Section        0  stm32g4xx_hal_adc.o(i.LL_ADC_SetCommonPathInternalCh)
    LL_ADC_SetCommonPathInternalCh           0x0800409d   Thumb Code    12  stm32g4xx_hal_adc.o(i.LL_ADC_SetCommonPathInternalCh)
    i.LL_ADC_SetOffsetState                  0x080040a8   Section        0  stm32g4xx_hal_adc.o(i.LL_ADC_SetOffsetState)
    LL_ADC_SetOffsetState                    0x080040a9   Thumb Code    22  stm32g4xx_hal_adc.o(i.LL_ADC_SetOffsetState)
    i.LL_ADC_SetSamplingTimeCommonConfig     0x080040be   Section        0  stm32g4xx_hal_adc.o(i.LL_ADC_SetSamplingTimeCommonConfig)
    LL_ADC_SetSamplingTimeCommonConfig       0x080040bf   Thumb Code    12  stm32g4xx_hal_adc.o(i.LL_ADC_SetSamplingTimeCommonConfig)
    i.LcdSprintf                             0x080040ca   Section        0  lcd_bsp.o(i.LcdSprintf)
    i.MX_ADC1_Init                           0x080040f4   Section        0  adc.o(i.MX_ADC1_Init)
    i.MX_ADC2_Init                           0x08004198   Section        0  adc.o(i.MX_ADC2_Init)
    i.MX_DMA_Init                            0x08004224   Section        0  dma.o(i.MX_DMA_Init)
    i.MX_GPIO_Init                           0x08004294   Section        0  gpio.o(i.MX_GPIO_Init)
    i.MX_USART1_UART_Init                    0x080043d4   Section        0  usart.o(i.MX_USART1_UART_Init)
    i.MemManage_Handler                      0x08004470   Section        0  stm32g4xx_it.o(i.MemManage_Handler)
    i.NMI_Handler                            0x08004474   Section        0  stm32g4xx_it.o(i.NMI_Handler)
    i.PendSV_Handler                         0x08004478   Section        0  stm32g4xx_it.o(i.PendSV_Handler)
    i.RCC_GetSysClockFreqFromPLLSource       0x0800447c   Section        0  stm32g4xx_hal_rcc.o(i.RCC_GetSysClockFreqFromPLLSource)
    RCC_GetSysClockFreqFromPLLSource         0x0800447d   Thumb Code    90  stm32g4xx_hal_rcc.o(i.RCC_GetSysClockFreqFromPLLSource)
    i.REG_8230_Init                          0x080044e4   Section        0  lcd.o(i.REG_8230_Init)
    i.REG_932X_Init                          0x08004604   Section        0  lcd.o(i.REG_932X_Init)
    i.SVC_Handler                            0x08004804   Section        0  stm32g4xx_it.o(i.SVC_Handler)
    i.SysTick_Handler                        0x08004806   Section        0  stm32g4xx_it.o(i.SysTick_Handler)
    i.SystemClock_Config                     0x0800480e   Section        0  main.o(i.SystemClock_Config)
    i.SystemInit                             0x08004878   Section        0  system_stm32g4xx.o(i.SystemInit)
    i.UARTEx_SetNbDataToProcess              0x0800488c   Section        0  stm32g4xx_hal_uart_ex.o(i.UARTEx_SetNbDataToProcess)
    UARTEx_SetNbDataToProcess                0x0800488d   Thumb Code    78  stm32g4xx_hal_uart_ex.o(i.UARTEx_SetNbDataToProcess)
    i.UART_AdvFeatureConfig                  0x080048e4   Section        0  stm32g4xx_hal_uart.o(i.UART_AdvFeatureConfig)
    i.UART_CheckIdleState                    0x080049dc   Section        0  stm32g4xx_hal_uart.o(i.UART_CheckIdleState)
    i.UART_DMAAbortOnError                   0x08004a52   Section        0  stm32g4xx_hal_uart.o(i.UART_DMAAbortOnError)
    UART_DMAAbortOnError                     0x08004a53   Thumb Code    24  stm32g4xx_hal_uart.o(i.UART_DMAAbortOnError)
    i.UART_DMAError                          0x08004a6a   Section        0  stm32g4xx_hal_uart.o(i.UART_DMAError)
    UART_DMAError                            0x08004a6b   Thumb Code    94  stm32g4xx_hal_uart.o(i.UART_DMAError)
    i.UART_DMAReceiveCplt                    0x08004ac8   Section        0  stm32g4xx_hal_uart.o(i.UART_DMAReceiveCplt)
    UART_DMAReceiveCplt                      0x08004ac9   Thumb Code   108  stm32g4xx_hal_uart.o(i.UART_DMAReceiveCplt)
    i.UART_DMARxHalfCplt                     0x08004b34   Section        0  stm32g4xx_hal_uart.o(i.UART_DMARxHalfCplt)
    UART_DMARxHalfCplt                       0x08004b35   Thumb Code    34  stm32g4xx_hal_uart.o(i.UART_DMARxHalfCplt)
    i.UART_EndRxTransfer                     0x08004b58   Section        0  stm32g4xx_hal_uart.o(i.UART_EndRxTransfer)
    UART_EndRxTransfer                       0x08004b59   Thumb Code    56  stm32g4xx_hal_uart.o(i.UART_EndRxTransfer)
    i.UART_EndTransmit_IT                    0x08004b94   Section        0  stm32g4xx_hal_uart.o(i.UART_EndTransmit_IT)
    UART_EndTransmit_IT                      0x08004b95   Thumb Code    34  stm32g4xx_hal_uart.o(i.UART_EndTransmit_IT)
    i.UART_EndTxTransfer                     0x08004bb6   Section        0  stm32g4xx_hal_uart.o(i.UART_EndTxTransfer)
    UART_EndTxTransfer                       0x08004bb7   Thumb Code    32  stm32g4xx_hal_uart.o(i.UART_EndTxTransfer)
    i.UART_RxISR_16BIT                       0x08004bd6   Section        0  stm32g4xx_hal_uart.o(i.UART_RxISR_16BIT)
    UART_RxISR_16BIT                         0x08004bd7   Thumb Code   146  stm32g4xx_hal_uart.o(i.UART_RxISR_16BIT)
    i.UART_RxISR_16BIT_FIFOEN                0x08004c68   Section        0  stm32g4xx_hal_uart.o(i.UART_RxISR_16BIT_FIFOEN)
    UART_RxISR_16BIT_FIFOEN                  0x08004c69   Thumb Code   348  stm32g4xx_hal_uart.o(i.UART_RxISR_16BIT_FIFOEN)
    i.UART_RxISR_8BIT                        0x08004dcc   Section        0  stm32g4xx_hal_uart.o(i.UART_RxISR_8BIT)
    UART_RxISR_8BIT                          0x08004dcd   Thumb Code   142  stm32g4xx_hal_uart.o(i.UART_RxISR_8BIT)
    i.UART_RxISR_8BIT_FIFOEN                 0x08004e5c   Section        0  stm32g4xx_hal_uart.o(i.UART_RxISR_8BIT_FIFOEN)
    UART_RxISR_8BIT_FIFOEN                   0x08004e5d   Thumb Code   346  stm32g4xx_hal_uart.o(i.UART_RxISR_8BIT_FIFOEN)
    i.UART_SetConfig                         0x08004fc0   Section        0  stm32g4xx_hal_uart.o(i.UART_SetConfig)
    i.UART_Start_Receive_DMA                 0x0800534c   Section        0  stm32g4xx_hal_uart.o(i.UART_Start_Receive_DMA)
    i.UART_Start_Receive_IT                  0x080053ec   Section        0  stm32g4xx_hal_uart.o(i.UART_Start_Receive_IT)
    i.UART_WaitOnFlagUntilTimeout            0x080054fc   Section        0  stm32g4xx_hal_uart.o(i.UART_WaitOnFlagUntilTimeout)
    i.USART1_IRQHandler                      0x080055bc   Section        0  stm32g4xx_it.o(i.USART1_IRQHandler)
    i.UsageFault_Handler                     0x080055ec   Section        0  stm32g4xx_it.o(i.UsageFault_Handler)
    i.__0printf                              0x080055f0   Section        0  printfa.o(i.__0printf)
    i.__0vsprintf                            0x08005610   Section        0  printfa.o(i.__0vsprintf)
    i.__NVIC_GetPriorityGrouping             0x08005634   Section        0  stm32g4xx_hal_cortex.o(i.__NVIC_GetPriorityGrouping)
    __NVIC_GetPriorityGrouping               0x08005635   Thumb Code    10  stm32g4xx_hal_cortex.o(i.__NVIC_GetPriorityGrouping)
    i.__NVIC_SetPriority                     0x08005644   Section        0  stm32g4xx_hal_cortex.o(i.__NVIC_SetPriority)
    __NVIC_SetPriority                       0x08005645   Thumb Code    32  stm32g4xx_hal_cortex.o(i.__NVIC_SetPriority)
    i.__scatterload_copy                     0x0800566c   Section       14  handlers.o(i.__scatterload_copy)
    i.__scatterload_null                     0x0800567a   Section        2  handlers.o(i.__scatterload_null)
    i.__scatterload_zeroinit                 0x0800567c   Section       14  handlers.o(i.__scatterload_zeroinit)
    i._fp_digits                             0x0800568c   Section        0  printfa.o(i._fp_digits)
    _fp_digits                               0x0800568d   Thumb Code   366  printfa.o(i._fp_digits)
    i._printf_core                           0x08005810   Section        0  printfa.o(i._printf_core)
    _printf_core                             0x08005811   Thumb Code  1744  printfa.o(i._printf_core)
    i._printf_post_padding                   0x08005eec   Section        0  printfa.o(i._printf_post_padding)
    _printf_post_padding                     0x08005eed   Thumb Code    36  printfa.o(i._printf_post_padding)
    i._printf_pre_padding                    0x08005f10   Section        0  printfa.o(i._printf_pre_padding)
    _printf_pre_padding                      0x08005f11   Thumb Code    46  printfa.o(i._printf_pre_padding)
    i._sputc                                 0x08005f3e   Section        0  printfa.o(i._sputc)
    _sputc                                   0x08005f3f   Thumb Code    10  printfa.o(i._sputc)
    i.adc_proc                               0x08005f48   Section        0  adc_bsp.o(i.adc_proc)
    i.akebi_init                             0x08006050   Section        0  akebi.o(i.akebi_init)
    i.cheak_adc_change                       0x0800608c   Section        0  adc_bsp.o(i.cheak_adc_change)
    i.fputc                                  0x08006188   Section        0  usart.o(i.fputc)
    i.key_init                               0x080061a0   Section        0  key_bsp.o(i.key_init)
    i.key_proc                               0x080061fc   Section        0  key_bsp.o(i.key_proc)
    i.key_read                               0x0800632c   Section        0  key_bsp.o(i.key_read)
    i.lcd_proc                               0x0800636c   Section        0  lcd_bsp.o(i.lcd_proc)
    i.led_disp                               0x080064c8   Section        0  led_bsp.o(i.led_disp)
    i.led_proc                               0x0800652c   Section        0  led_bsp.o(i.led_proc)
    i.main                                   0x0800657c   Section        0  main.o(i.main)
    i.ringbuffer_adc_init                    0x08006600   Section        0  adc_bsp.o(i.ringbuffer_adc_init)
    i.ringbuffer_init                        0x0800667c   Section        0  ringbuffer.o(i.ringbuffer_init)
    i.ringbuffer_is_empty                    0x08006696   Section        0  ringbuffer.o(i.ringbuffer_is_empty)
    i.ringbuffer_is_full                     0x080066a4   Section        0  ringbuffer.o(i.ringbuffer_is_full)
    i.ringbuffer_read                        0x080066b4   Section        0  ringbuffer.o(i.ringbuffer_read)
    i.ringbuffer_write                       0x080066f8   Section        0  ringbuffer.o(i.ringbuffer_write)
    i.scheduler_init                         0x0800673c   Section        0  komichi.o(i.scheduler_init)
    i.scheduler_run                          0x08006748   Section        0  komichi.o(i.scheduler_run)
    i.usart_proc                             0x080067a8   Section        0  usart_bsp.o(i.usart_proc)
    .constdata                               0x08006898   Section       24  stm32g4xx_hal_uart.o(.constdata)
    .constdata                               0x080068b0   Section       16  stm32g4xx_hal_uart_ex.o(.constdata)
    numerator                                0x080068b0   Data           8  stm32g4xx_hal_uart_ex.o(.constdata)
    denominator                              0x080068b8   Data           8  stm32g4xx_hal_uart_ex.o(.constdata)
    .constdata                               0x080068c0   Section       24  system_stm32g4xx.o(.constdata)
    .constdata                               0x080068d8   Section     4560  lcd.o(.constdata)
    .constdata                               0x08007aa8   Section       64  ctype_c.o(.constdata)
    .data                                    0x20000000   Section        4  adc.o(.data)
    HAL_RCC_ADC12_CLK_ENABLED                0x20000000   Data           4  adc.o(.data)
    .data                                    0x20000004   Section       12  stm32g4xx_hal.o(.data)
    .data                                    0x20000010   Section        4  system_stm32g4xx.o(.data)
    .data                                    0x20000014   Section       68  komichi.o(.data)
    scheduler_task                           0x2000001c   Data          60  komichi.o(.data)
    .data                                    0x20000058   Section        9  led_bsp.o(.data)
    temp_old                                 0x20000060   Data           1  led_bsp.o(.data)
    .data                                    0x20000064   Section       16  key_bsp.o(.data)
    .data                                    0x20000074   Section        6  lcd.o(.data)
    TextColor                                0x20000074   Data           2  lcd.o(.data)
    BackColor                                0x20000076   Data           2  lcd.o(.data)
    .data                                    0x2000007a   Section        9  lcd_bsp.o(.data)
    .data                                    0x20000084   Section       16  adc_bsp.o(.data)
    .data                                    0x20000094   Section        4  stdout.o(.data)
    .bss                                     0x20000098   Section      408  adc.o(.bss)
    .bss                                     0x20000230   Section      496  usart.o(.bss)
    .bss                                     0x20000420   Section       64  key_bsp.o(.bss)
    .bss                                     0x20000460   Section      108  usart_bsp.o(.bss)
    .bss                                     0x200004cc   Section      480  adc_bsp.o(.bss)
    STACK                                    0x200006b0   Section     1024  startup_stm32g431xx.o(STACK)

    Global Symbols

    Symbol Name                              Value     Ov Type        Size  Object(Section)

    BuildAttributes$$THM_ISAv4$E$P$D$K$B$S$7EM$VFPi3$EXTD16$VFPS$VFMA$PE$A:L22UL41UL21$X:L11$S22US41US21$IEEE1$IW$USESV6$~STKCKD$USESV7$~SHL$OSPACE$ROPI$EBA8$MICROLIB$REQ8$PRES8$EABIv2 0x00000000   Number         0  anon$$obj.o ABSOLUTE
    __ARM_use_no_argv                        0x00000000   Number         0  main.o ABSOLUTE
    _printf_a                                0x00000000   Number         0  stubs.o ABSOLUTE
    _printf_c                                0x00000000   Number         0  stubs.o ABSOLUTE
    _printf_charcount                        0x00000000   Number         0  stubs.o ABSOLUTE
    _printf_d                                0x00000000   Number         0  stubs.o ABSOLUTE
    _printf_e                                0x00000000   Number         0  stubs.o ABSOLUTE
    _printf_f                                0x00000000   Number         0  stubs.o ABSOLUTE
    _printf_flags                            0x00000000   Number         0  stubs.o ABSOLUTE
    _printf_fp_dec                           0x00000000   Number         0  stubs.o ABSOLUTE
    _printf_fp_hex                           0x00000000   Number         0  stubs.o ABSOLUTE
    _printf_g                                0x00000000   Number         0  stubs.o ABSOLUTE
    _printf_i                                0x00000000   Number         0  stubs.o ABSOLUTE
    _printf_int_dec                          0x00000000   Number         0  stubs.o ABSOLUTE
    _printf_l                                0x00000000   Number         0  stubs.o ABSOLUTE
    _printf_lc                               0x00000000   Number         0  stubs.o ABSOLUTE
    _printf_ll                               0x00000000   Number         0  stubs.o ABSOLUTE
    _printf_lld                              0x00000000   Number         0  stubs.o ABSOLUTE
    _printf_lli                              0x00000000   Number         0  stubs.o ABSOLUTE
    _printf_llo                              0x00000000   Number         0  stubs.o ABSOLUTE
    _printf_llu                              0x00000000   Number         0  stubs.o ABSOLUTE
    _printf_llx                              0x00000000   Number         0  stubs.o ABSOLUTE
    _printf_longlong_dec                     0x00000000   Number         0  stubs.o ABSOLUTE
    _printf_longlong_hex                     0x00000000   Number         0  stubs.o ABSOLUTE
    _printf_longlong_oct                     0x00000000   Number         0  stubs.o ABSOLUTE
    _printf_ls                               0x00000000   Number         0  stubs.o ABSOLUTE
    _printf_mbtowc                           0x00000000   Number         0  stubs.o ABSOLUTE
    _printf_n                                0x00000000   Number         0  stubs.o ABSOLUTE
    _printf_o                                0x00000000   Number         0  stubs.o ABSOLUTE
    _printf_p                                0x00000000   Number         0  stubs.o ABSOLUTE
    _printf_percent                          0x00000000   Number         0  stubs.o ABSOLUTE
    _printf_pre_padding                      0x00000000   Number         0  stubs.o ABSOLUTE
    _printf_return_value                     0x00000000   Number         0  stubs.o ABSOLUTE
    _printf_s                                0x00000000   Number         0  stubs.o ABSOLUTE
    _printf_sizespec                         0x00000000   Number         0  stubs.o ABSOLUTE
    _printf_str                              0x00000000   Number         0  stubs.o ABSOLUTE
    _printf_truncate_signed                  0x00000000   Number         0  stubs.o ABSOLUTE
    _printf_truncate_unsigned                0x00000000   Number         0  stubs.o ABSOLUTE
    _printf_u                                0x00000000   Number         0  stubs.o ABSOLUTE
    _printf_wc                               0x00000000   Number         0  stubs.o ABSOLUTE
    _printf_wctomb                           0x00000000   Number         0  stubs.o ABSOLUTE
    _printf_widthprec                        0x00000000   Number         0  stubs.o ABSOLUTE
    _printf_x                                0x00000000   Number         0  stubs.o ABSOLUTE
    __cpp_initialize__aeabi_                  - Undefined Weak Reference
    __cxa_finalize                            - Undefined Weak Reference
    __decompress                              - Undefined Weak Reference
    _clock_init                               - Undefined Weak Reference
    _microlib_exit                            - Undefined Weak Reference
    _scanf_longlong                           - Undefined Weak Reference
    _scanf_real                               - Undefined Weak Reference
    _scanf_string                             - Undefined Weak Reference
    __Vectors_Size                           0x000001d8   Number         0  startup_stm32g431xx.o ABSOLUTE
    __Vectors                                0x08000000   Data           4  startup_stm32g431xx.o(RESET)
    __Vectors_End                            0x080001d8   Data           0  startup_stm32g431xx.o(RESET)
    __main                                   0x080001d9   Thumb Code     0  entry.o(.ARM.Collect$$$$00000000)
    _main_stk                                0x080001d9   Thumb Code     0  entry2.o(.ARM.Collect$$$$00000001)
    _main_scatterload                        0x080001dd   Thumb Code     0  entry5.o(.ARM.Collect$$$$00000004)
    __main_after_scatterload                 0x080001e1   Thumb Code     0  entry5.o(.ARM.Collect$$$$00000004)
    _main_clock                              0x080001e1   Thumb Code     0  entry7b.o(.ARM.Collect$$$$00000008)
    _main_cpp_init                           0x080001e1   Thumb Code     0  entry8b.o(.ARM.Collect$$$$0000000A)
    _main_init                               0x080001e1   Thumb Code     0  entry9a.o(.ARM.Collect$$$$0000000B)
    __rt_final_cpp                           0x080001e9   Thumb Code     0  entry10a.o(.ARM.Collect$$$$0000000D)
    __rt_final_exit                          0x080001e9   Thumb Code     0  entry11a.o(.ARM.Collect$$$$0000000F)
    Reset_Handler                            0x080001ed   Thumb Code     8  startup_stm32g431xx.o(.text)
    COMP1_2_3_IRQHandler                     0x08000207   Thumb Code     0  startup_stm32g431xx.o(.text)
    COMP4_IRQHandler                         0x08000207   Thumb Code     0  startup_stm32g431xx.o(.text)
    CORDIC_IRQHandler                        0x08000207   Thumb Code     0  startup_stm32g431xx.o(.text)
    CRS_IRQHandler                           0x08000207   Thumb Code     0  startup_stm32g431xx.o(.text)
    DMA1_Channel4_IRQHandler                 0x08000207   Thumb Code     0  startup_stm32g431xx.o(.text)
    DMA1_Channel5_IRQHandler                 0x08000207   Thumb Code     0  startup_stm32g431xx.o(.text)
    DMA1_Channel6_IRQHandler                 0x08000207   Thumb Code     0  startup_stm32g431xx.o(.text)
    DMA2_Channel1_IRQHandler                 0x08000207   Thumb Code     0  startup_stm32g431xx.o(.text)
    DMA2_Channel2_IRQHandler                 0x08000207   Thumb Code     0  startup_stm32g431xx.o(.text)
    DMA2_Channel3_IRQHandler                 0x08000207   Thumb Code     0  startup_stm32g431xx.o(.text)
    DMA2_Channel4_IRQHandler                 0x08000207   Thumb Code     0  startup_stm32g431xx.o(.text)
    DMA2_Channel5_IRQHandler                 0x08000207   Thumb Code     0  startup_stm32g431xx.o(.text)
    DMA2_Channel6_IRQHandler                 0x08000207   Thumb Code     0  startup_stm32g431xx.o(.text)
    DMAMUX_OVR_IRQHandler                    0x08000207   Thumb Code     0  startup_stm32g431xx.o(.text)
    EXTI0_IRQHandler                         0x08000207   Thumb Code     0  startup_stm32g431xx.o(.text)
    EXTI15_10_IRQHandler                     0x08000207   Thumb Code     0  startup_stm32g431xx.o(.text)
    EXTI1_IRQHandler                         0x08000207   Thumb Code     0  startup_stm32g431xx.o(.text)
    EXTI2_IRQHandler                         0x08000207   Thumb Code     0  startup_stm32g431xx.o(.text)
    EXTI3_IRQHandler                         0x08000207   Thumb Code     0  startup_stm32g431xx.o(.text)
    EXTI4_IRQHandler                         0x08000207   Thumb Code     0  startup_stm32g431xx.o(.text)
    EXTI9_5_IRQHandler                       0x08000207   Thumb Code     0  startup_stm32g431xx.o(.text)
    FDCAN1_IT0_IRQHandler                    0x08000207   Thumb Code     0  startup_stm32g431xx.o(.text)
    FDCAN1_IT1_IRQHandler                    0x08000207   Thumb Code     0  startup_stm32g431xx.o(.text)
    FLASH_IRQHandler                         0x08000207   Thumb Code     0  startup_stm32g431xx.o(.text)
    FMAC_IRQHandler                          0x08000207   Thumb Code     0  startup_stm32g431xx.o(.text)
    FPU_IRQHandler                           0x08000207   Thumb Code     0  startup_stm32g431xx.o(.text)
    I2C1_ER_IRQHandler                       0x08000207   Thumb Code     0  startup_stm32g431xx.o(.text)
    I2C1_EV_IRQHandler                       0x08000207   Thumb Code     0  startup_stm32g431xx.o(.text)
    I2C2_ER_IRQHandler                       0x08000207   Thumb Code     0  startup_stm32g431xx.o(.text)
    I2C2_EV_IRQHandler                       0x08000207   Thumb Code     0  startup_stm32g431xx.o(.text)
    I2C3_ER_IRQHandler                       0x08000207   Thumb Code     0  startup_stm32g431xx.o(.text)
    I2C3_EV_IRQHandler                       0x08000207   Thumb Code     0  startup_stm32g431xx.o(.text)
    LPTIM1_IRQHandler                        0x08000207   Thumb Code     0  startup_stm32g431xx.o(.text)
    LPUART1_IRQHandler                       0x08000207   Thumb Code     0  startup_stm32g431xx.o(.text)
    PVD_PVM_IRQHandler                       0x08000207   Thumb Code     0  startup_stm32g431xx.o(.text)
    RCC_IRQHandler                           0x08000207   Thumb Code     0  startup_stm32g431xx.o(.text)
    RNG_IRQHandler                           0x08000207   Thumb Code     0  startup_stm32g431xx.o(.text)
    RTC_Alarm_IRQHandler                     0x08000207   Thumb Code     0  startup_stm32g431xx.o(.text)
    RTC_TAMP_LSECSS_IRQHandler               0x08000207   Thumb Code     0  startup_stm32g431xx.o(.text)
    RTC_WKUP_IRQHandler                      0x08000207   Thumb Code     0  startup_stm32g431xx.o(.text)
    SAI1_IRQHandler                          0x08000207   Thumb Code     0  startup_stm32g431xx.o(.text)
    SPI1_IRQHandler                          0x08000207   Thumb Code     0  startup_stm32g431xx.o(.text)
    SPI2_IRQHandler                          0x08000207   Thumb Code     0  startup_stm32g431xx.o(.text)
    SPI3_IRQHandler                          0x08000207   Thumb Code     0  startup_stm32g431xx.o(.text)
    TIM1_BRK_TIM15_IRQHandler                0x08000207   Thumb Code     0  startup_stm32g431xx.o(.text)
    TIM1_CC_IRQHandler                       0x08000207   Thumb Code     0  startup_stm32g431xx.o(.text)
    TIM1_TRG_COM_TIM17_IRQHandler            0x08000207   Thumb Code     0  startup_stm32g431xx.o(.text)
    TIM1_UP_TIM16_IRQHandler                 0x08000207   Thumb Code     0  startup_stm32g431xx.o(.text)
    TIM2_IRQHandler                          0x08000207   Thumb Code     0  startup_stm32g431xx.o(.text)
    TIM3_IRQHandler                          0x08000207   Thumb Code     0  startup_stm32g431xx.o(.text)
    TIM4_IRQHandler                          0x08000207   Thumb Code     0  startup_stm32g431xx.o(.text)
    TIM6_DAC_IRQHandler                      0x08000207   Thumb Code     0  startup_stm32g431xx.o(.text)
    TIM7_IRQHandler                          0x08000207   Thumb Code     0  startup_stm32g431xx.o(.text)
    TIM8_BRK_IRQHandler                      0x08000207   Thumb Code     0  startup_stm32g431xx.o(.text)
    TIM8_CC_IRQHandler                       0x08000207   Thumb Code     0  startup_stm32g431xx.o(.text)
    TIM8_TRG_COM_IRQHandler                  0x08000207   Thumb Code     0  startup_stm32g431xx.o(.text)
    TIM8_UP_IRQHandler                       0x08000207   Thumb Code     0  startup_stm32g431xx.o(.text)
    UART4_IRQHandler                         0x08000207   Thumb Code     0  startup_stm32g431xx.o(.text)
    UCPD1_IRQHandler                         0x08000207   Thumb Code     0  startup_stm32g431xx.o(.text)
    USART2_IRQHandler                        0x08000207   Thumb Code     0  startup_stm32g431xx.o(.text)
    USART3_IRQHandler                        0x08000207   Thumb Code     0  startup_stm32g431xx.o(.text)
    USBWakeUp_IRQHandler                     0x08000207   Thumb Code     0  startup_stm32g431xx.o(.text)
    USB_HP_IRQHandler                        0x08000207   Thumb Code     0  startup_stm32g431xx.o(.text)
    USB_LP_IRQHandler                        0x08000207   Thumb Code     0  startup_stm32g431xx.o(.text)
    WWDG_IRQHandler                          0x08000207   Thumb Code     0  startup_stm32g431xx.o(.text)
    __aeabi_uldivmod                         0x08000211   Thumb Code    98  uldiv.o(.text)
    __aeabi_memset                           0x08000273   Thumb Code    14  memseta.o(.text)
    __aeabi_memset4                          0x08000273   Thumb Code     0  memseta.o(.text)
    __aeabi_memset8                          0x08000273   Thumb Code     0  memseta.o(.text)
    __aeabi_memclr                           0x08000281   Thumb Code     4  memseta.o(.text)
    __aeabi_memclr4                          0x08000281   Thumb Code     0  memseta.o(.text)
    __aeabi_memclr8                          0x08000281   Thumb Code     0  memseta.o(.text)
    _memset$wrapper                          0x08000285   Thumb Code    18  memseta.o(.text)
    strcmp                                   0x08000297   Thumb Code    28  strcmp.o(.text)
    __0sscanf                                0x080002b5   Thumb Code    48  __0sscanf.o(.text)
    _scanf_int                               0x080002ed   Thumb Code   332  _scanf_int.o(.text)
    __aeabi_uidiv                            0x08000439   Thumb Code     0  uidiv.o(.text)
    __aeabi_uidivmod                         0x08000439   Thumb Code    44  uidiv.o(.text)
    __aeabi_llsl                             0x08000465   Thumb Code    30  llshl.o(.text)
    _ll_shift_l                              0x08000465   Thumb Code     0  llshl.o(.text)
    __aeabi_llsr                             0x08000483   Thumb Code    32  llushr.o(.text)
    _ll_ushift_r                             0x08000483   Thumb Code     0  llushr.o(.text)
    _chval                                   0x080004a3   Thumb Code    28  _chval.o(.text)
    __vfscanf_char                           0x080004cd   Thumb Code    20  scanf_char.o(.text)
    _sgetc                                   0x080004e9   Thumb Code    30  _sgetc.o(.text)
    _sbackspace                              0x08000507   Thumb Code    34  _sgetc.o(.text)
    __I$use$fp                               0x08000529   Thumb Code     0  iusefp.o(.text)
    __aeabi_dadd                             0x08000529   Thumb Code   322  dadd.o(.text)
    __aeabi_dsub                             0x0800066b   Thumb Code     6  dadd.o(.text)
    __aeabi_drsub                            0x08000671   Thumb Code     6  dadd.o(.text)
    __aeabi_dmul                             0x08000677   Thumb Code   228  dmul.o(.text)
    __aeabi_ddiv                             0x0800075b   Thumb Code   222  ddiv.o(.text)
    __aeabi_d2ulz                            0x08000839   Thumb Code    48  dfixul.o(.text)
    __aeabi_cdrcmple                         0x08000869   Thumb Code    48  cdrcmple.o(.text)
    __scatterload                            0x08000899   Thumb Code    28  init.o(.text)
    __scatterload_rt2                        0x08000899   Thumb Code     0  init.o(.text)
    __aeabi_lasr                             0x080008bd   Thumb Code    36  llsshr.o(.text)
    _ll_sshift_r                             0x080008bd   Thumb Code     0  llsshr.o(.text)
    isspace                                  0x080008e1   Thumb Code    10  isspace_c.o(.text)
    __vfscanf                                0x080008ed   Thumb Code   808  _scanf.o(.text)
    _double_round                            0x08000c19   Thumb Code    30  depilogue.o(.text)
    _double_epilogue                         0x08000c37   Thumb Code   156  depilogue.o(.text)
    __ctype_lookup                           0x08000cd5   Thumb Code    34  ctype_c.o(.text)
    ADC1_2_IRQHandler                        0x08000cfd   Thumb Code    16  stm32g4xx_it.o(i.ADC1_2_IRQHandler)
    ADC_DMAConvCplt                          0x08000d15   Thumb Code   146  stm32g4xx_hal_adc.o(i.ADC_DMAConvCplt)
    ADC_DMAError                             0x08000da7   Thumb Code    30  stm32g4xx_hal_adc.o(i.ADC_DMAError)
    ADC_DMAHalfConvCplt                      0x08000dc5   Thumb Code    14  stm32g4xx_hal_adc.o(i.ADC_DMAHalfConvCplt)
    ADC_Disable                              0x08000dd5   Thumb Code   142  stm32g4xx_hal_adc.o(i.ADC_Disable)
    ADC_Enable                               0x08000e69   Thumb Code   128  stm32g4xx_hal_adc.o(i.ADC_Enable)
    BusFault_Handler                         0x08000eed   Thumb Code     4  stm32g4xx_it.o(i.BusFault_Handler)
    DMA1_Channel1_IRQHandler                 0x08000ef1   Thumb Code    10  stm32g4xx_it.o(i.DMA1_Channel1_IRQHandler)
    DMA1_Channel2_IRQHandler                 0x08000f01   Thumb Code    10  stm32g4xx_it.o(i.DMA1_Channel2_IRQHandler)
    DMA1_Channel3_IRQHandler                 0x08000f11   Thumb Code    10  stm32g4xx_it.o(i.DMA1_Channel3_IRQHandler)
    DebugMon_Handler                         0x08000fc9   Thumb Code     2  stm32g4xx_it.o(i.DebugMon_Handler)
    Delay_LCD                                0x08000fcb   Thumb Code    30  lcd.o(i.Delay_LCD)
    Error_Handler                            0x08000fe9   Thumb Code     6  main.o(i.Error_Handler)
    HAL_ADCEx_Calibration_Start              0x08000ff1   Thumb Code   166  stm32g4xx_hal_adc_ex.o(i.HAL_ADCEx_Calibration_Start)
    HAL_ADCEx_EndOfSamplingCallback          0x080010a1   Thumb Code     2  stm32g4xx_hal_adc_ex.o(i.HAL_ADCEx_EndOfSamplingCallback)
    HAL_ADCEx_InjectedConvCpltCallback       0x080010a3   Thumb Code     2  stm32g4xx_hal_adc_ex.o(i.HAL_ADCEx_InjectedConvCpltCallback)
    HAL_ADCEx_InjectedQueueOverflowCallback  0x080010a5   Thumb Code     2  stm32g4xx_hal_adc_ex.o(i.HAL_ADCEx_InjectedQueueOverflowCallback)
    HAL_ADCEx_LevelOutOfWindow2Callback      0x080010a7   Thumb Code     2  stm32g4xx_hal_adc_ex.o(i.HAL_ADCEx_LevelOutOfWindow2Callback)
    HAL_ADCEx_LevelOutOfWindow3Callback      0x080010a9   Thumb Code     2  stm32g4xx_hal_adc_ex.o(i.HAL_ADCEx_LevelOutOfWindow3Callback)
    HAL_ADCEx_MultiModeConfigChannel         0x080010ad   Thumb Code   260  stm32g4xx_hal_adc_ex.o(i.HAL_ADCEx_MultiModeConfigChannel)
    HAL_ADC_ConfigChannel                    0x080011b9   Thumb Code  1252  stm32g4xx_hal_adc.o(i.HAL_ADC_ConfigChannel)
    HAL_ADC_ConvCpltCallback                 0x080016c1   Thumb Code     2  stm32g4xx_hal_adc.o(i.HAL_ADC_ConvCpltCallback)
    HAL_ADC_ConvHalfCpltCallback             0x080016c3   Thumb Code     2  stm32g4xx_hal_adc.o(i.HAL_ADC_ConvHalfCpltCallback)
    HAL_ADC_ErrorCallback                    0x080016c5   Thumb Code     2  stm32g4xx_hal_adc.o(i.HAL_ADC_ErrorCallback)
    HAL_ADC_IRQHandler                       0x080016c9   Thumb Code   808  stm32g4xx_hal_adc.o(i.HAL_ADC_IRQHandler)
    HAL_ADC_Init                             0x080019f9   Thumb Code   586  stm32g4xx_hal_adc.o(i.HAL_ADC_Init)
    HAL_ADC_LevelOutOfWindowCallback         0x08001c61   Thumb Code     2  stm32g4xx_hal_adc.o(i.HAL_ADC_LevelOutOfWindowCallback)
    HAL_ADC_MspInit                          0x08001c65   Thumb Code   426  adc.o(i.HAL_ADC_MspInit)
    HAL_ADC_Start_DMA                        0x08001e2d   Thumb Code   254  stm32g4xx_hal_adc.o(i.HAL_ADC_Start_DMA)
    HAL_DMA_Abort                            0x08001f41   Thumb Code   118  stm32g4xx_hal_dma.o(i.HAL_DMA_Abort)
    HAL_DMA_Abort_IT                         0x08001fb7   Thumb Code   148  stm32g4xx_hal_dma.o(i.HAL_DMA_Abort_IT)
    HAL_DMA_IRQHandler                       0x0800204b   Thumb Code   254  stm32g4xx_hal_dma.o(i.HAL_DMA_IRQHandler)
    HAL_DMA_Init                             0x08002149   Thumb Code   200  stm32g4xx_hal_dma.o(i.HAL_DMA_Init)
    HAL_DMA_Start_IT                         0x08002219   Thumb Code   194  stm32g4xx_hal_dma.o(i.HAL_DMA_Start_IT)
    HAL_Delay                                0x080022dd   Thumb Code    36  stm32g4xx_hal.o(i.HAL_Delay)
    HAL_GPIO_Init                            0x08002305   Thumb Code   438  stm32g4xx_hal_gpio.o(i.HAL_GPIO_Init)
    HAL_GPIO_ReadPin                         0x080024dd   Thumb Code    16  stm32g4xx_hal_gpio.o(i.HAL_GPIO_ReadPin)
    HAL_GPIO_WritePin                        0x080024ed   Thumb Code    10  stm32g4xx_hal_gpio.o(i.HAL_GPIO_WritePin)
    HAL_GetTick                              0x080024f9   Thumb Code     6  stm32g4xx_hal.o(i.HAL_GetTick)
    HAL_IncTick                              0x08002505   Thumb Code    16  stm32g4xx_hal.o(i.HAL_IncTick)
    HAL_Init                                 0x0800251d   Thumb Code    30  stm32g4xx_hal.o(i.HAL_Init)
    HAL_InitTick                             0x0800253d   Thumb Code    74  stm32g4xx_hal.o(i.HAL_InitTick)
    HAL_MspInit                              0x08002595   Thumb Code    62  stm32g4xx_hal_msp.o(i.HAL_MspInit)
    HAL_NVIC_EnableIRQ                       0x080025d9   Thumb Code    40  stm32g4xx_hal_cortex.o(i.HAL_NVIC_EnableIRQ)
    HAL_NVIC_SetPriority                     0x08002601   Thumb Code   122  stm32g4xx_hal_cortex.o(i.HAL_NVIC_SetPriority)
    HAL_NVIC_SetPriorityGrouping             0x0800267d   Thumb Code    32  stm32g4xx_hal_cortex.o(i.HAL_NVIC_SetPriorityGrouping)
    HAL_PWREx_ControlVoltageScaling          0x080026a5   Thumb Code   268  stm32g4xx_hal_pwr_ex.o(i.HAL_PWREx_ControlVoltageScaling)
    HAL_PWREx_DisableUCPDDeadBattery         0x080027bd   Thumb Code    14  stm32g4xx_hal_pwr_ex.o(i.HAL_PWREx_DisableUCPDDeadBattery)
    HAL_RCCEx_PeriphCLKConfig                0x080027d1   Thumb Code   872  stm32g4xx_hal_rcc_ex.o(i.HAL_RCCEx_PeriphCLKConfig)
    HAL_RCC_ClockConfig                      0x08002b41   Thumb Code   522  stm32g4xx_hal_rcc.o(i.HAL_RCC_ClockConfig)
    HAL_RCC_GetHCLKFreq                      0x08002d65   Thumb Code     6  stm32g4xx_hal_rcc.o(i.HAL_RCC_GetHCLKFreq)
    HAL_RCC_GetPCLK1Freq                     0x08002d71   Thumb Code    26  stm32g4xx_hal_rcc.o(i.HAL_RCC_GetPCLK1Freq)
    HAL_RCC_GetPCLK2Freq                     0x08002d95   Thumb Code    26  stm32g4xx_hal_rcc.o(i.HAL_RCC_GetPCLK2Freq)
    HAL_RCC_GetSysClockFreq                  0x08002db9   Thumb Code   138  stm32g4xx_hal_rcc.o(i.HAL_RCC_GetSysClockFreq)
    HAL_RCC_OscConfig                        0x08002e51   Thumb Code  1370  stm32g4xx_hal_rcc.o(i.HAL_RCC_OscConfig)
    HAL_SYSTICK_Config                       0x080033b9   Thumb Code    52  stm32g4xx_hal_cortex.o(i.HAL_SYSTICK_Config)
    HAL_UARTEx_DisableFifoMode               0x080033ed   Thumb Code    78  stm32g4xx_hal_uart_ex.o(i.HAL_UARTEx_DisableFifoMode)
    HAL_UARTEx_ReceiveToIdle_DMA             0x0800343b   Thumb Code   102  stm32g4xx_hal_uart_ex.o(i.HAL_UARTEx_ReceiveToIdle_DMA)
    HAL_UARTEx_RxEventCallback               0x080034a1   Thumb Code    34  usart_bsp.o(i.HAL_UARTEx_RxEventCallback)
    HAL_UARTEx_RxFifoFullCallback            0x080034cd   Thumb Code     2  stm32g4xx_hal_uart_ex.o(i.HAL_UARTEx_RxFifoFullCallback)
    HAL_UARTEx_SetRxFifoThreshold            0x080034cf   Thumb Code    94  stm32g4xx_hal_uart_ex.o(i.HAL_UARTEx_SetRxFifoThreshold)
    HAL_UARTEx_SetTxFifoThreshold            0x0800352d   Thumb Code    94  stm32g4xx_hal_uart_ex.o(i.HAL_UARTEx_SetTxFifoThreshold)
    HAL_UARTEx_TxFifoEmptyCallback           0x0800358b   Thumb Code     2  stm32g4xx_hal_uart_ex.o(i.HAL_UARTEx_TxFifoEmptyCallback)
    HAL_UARTEx_WakeupCallback                0x0800358d   Thumb Code     2  stm32g4xx_hal_uart_ex.o(i.HAL_UARTEx_WakeupCallback)
    HAL_UART_ErrorCallback                   0x0800358f   Thumb Code     2  stm32g4xx_hal_uart.o(i.HAL_UART_ErrorCallback)
    HAL_UART_IRQHandler                      0x08003591   Thumb Code   762  stm32g4xx_hal_uart.o(i.HAL_UART_IRQHandler)
    HAL_UART_Init                            0x08003899   Thumb Code   120  stm32g4xx_hal_uart.o(i.HAL_UART_Init)
    HAL_UART_MspInit                         0x08003911   Thumb Code   210  usart.o(i.HAL_UART_MspInit)
    HAL_UART_Receive_IT                      0x080039f5   Thumb Code    96  stm32g4xx_hal_uart.o(i.HAL_UART_Receive_IT)
    HAL_UART_RxCpltCallback                  0x08003a59   Thumb Code     2  stm32g4xx_hal_uart.o(i.HAL_UART_RxCpltCallback)
    HAL_UART_RxHalfCpltCallback              0x08003a5b   Thumb Code     2  stm32g4xx_hal_uart.o(i.HAL_UART_RxHalfCpltCallback)
    HAL_UART_Transmit                        0x08003a5d   Thumb Code   214  stm32g4xx_hal_uart.o(i.HAL_UART_Transmit)
    HAL_UART_TxCpltCallback                  0x08003b33   Thumb Code     2  stm32g4xx_hal_uart.o(i.HAL_UART_TxCpltCallback)
    HardFault_Handler                        0x08003b35   Thumb Code     4  stm32g4xx_it.o(i.HardFault_Handler)
    LCD_BusIn                                0x08003b39   Thumb Code    42  lcd.o(i.LCD_BusIn)
    LCD_BusOut                               0x08003b69   Thumb Code    42  lcd.o(i.LCD_BusOut)
    LCD_Clear                                0x08003b99   Thumb Code    38  lcd.o(i.LCD_Clear)
    LCD_CtrlLinesConfig                      0x08003bc1   Thumb Code   186  lcd.o(i.LCD_CtrlLinesConfig)
    LCD_DisplayChar                          0x08003c85   Thumb Code    34  lcd.o(i.LCD_DisplayChar)
    LCD_DisplayStringLine                    0x08003cad   Thumb Code    44  lcd.o(i.LCD_DisplayStringLine)
    LCD_DrawChar                             0x08003cd9   Thumb Code   100  lcd.o(i.LCD_DrawChar)
    LCD_Init                                 0x08003d45   Thumb Code    50  lcd.o(i.LCD_Init)
    LCD_ReadReg                              0x08003d7d   Thumb Code   164  lcd.o(i.LCD_ReadReg)
    LCD_SetBackColor                         0x08003e29   Thumb Code    12  lcd.o(i.LCD_SetBackColor)
    LCD_SetCursor                            0x08003e39   Thumb Code    24  lcd.o(i.LCD_SetCursor)
    LCD_SetTextColor                         0x08003e51   Thumb Code    12  lcd.o(i.LCD_SetTextColor)
    LCD_WriteRAM                             0x08003e61   Thumb Code   110  lcd.o(i.LCD_WriteRAM)
    LCD_WriteRAM_Prepare                     0x08003ed9   Thumb Code   112  lcd.o(i.LCD_WriteRAM_Prepare)
    LCD_WriteReg                             0x08003f51   Thumb Code   136  lcd.o(i.LCD_WriteReg)
    LcdSprintf                               0x080040cb   Thumb Code    42  lcd_bsp.o(i.LcdSprintf)
    MX_ADC1_Init                             0x080040f5   Thumb Code   154  adc.o(i.MX_ADC1_Init)
    MX_ADC2_Init                             0x08004199   Thumb Code   126  adc.o(i.MX_ADC2_Init)
    MX_DMA_Init                              0x08004225   Thumb Code   106  dma.o(i.MX_DMA_Init)
    MX_GPIO_Init                             0x08004295   Thumb Code   304  gpio.o(i.MX_GPIO_Init)
    MX_USART1_UART_Init                      0x080043d5   Thumb Code   134  usart.o(i.MX_USART1_UART_Init)
    MemManage_Handler                        0x08004471   Thumb Code     4  stm32g4xx_it.o(i.MemManage_Handler)
    NMI_Handler                              0x08004475   Thumb Code     4  stm32g4xx_it.o(i.NMI_Handler)
    PendSV_Handler                           0x08004479   Thumb Code     2  stm32g4xx_it.o(i.PendSV_Handler)
    REG_8230_Init                            0x080044e5   Thumb Code   288  lcd.o(i.REG_8230_Init)
    REG_932X_Init                            0x08004605   Thumb Code   512  lcd.o(i.REG_932X_Init)
    SVC_Handler                              0x08004805   Thumb Code     2  stm32g4xx_it.o(i.SVC_Handler)
    SysTick_Handler                          0x08004807   Thumb Code     8  stm32g4xx_it.o(i.SysTick_Handler)
    SystemClock_Config                       0x0800480f   Thumb Code   104  main.o(i.SystemClock_Config)
    SystemInit                               0x08004879   Thumb Code    14  system_stm32g4xx.o(i.SystemInit)
    UART_AdvFeatureConfig                    0x080048e5   Thumb Code   248  stm32g4xx_hal_uart.o(i.UART_AdvFeatureConfig)
    UART_CheckIdleState                      0x080049dd   Thumb Code   118  stm32g4xx_hal_uart.o(i.UART_CheckIdleState)
    UART_SetConfig                           0x08004fc1   Thumb Code   866  stm32g4xx_hal_uart.o(i.UART_SetConfig)
    UART_Start_Receive_DMA                   0x0800534d   Thumb Code   146  stm32g4xx_hal_uart.o(i.UART_Start_Receive_DMA)
    UART_Start_Receive_IT                    0x080053ed   Thumb Code   256  stm32g4xx_hal_uart.o(i.UART_Start_Receive_IT)
    UART_WaitOnFlagUntilTimeout              0x080054fd   Thumb Code   190  stm32g4xx_hal_uart.o(i.UART_WaitOnFlagUntilTimeout)
    USART1_IRQHandler                        0x080055bd   Thumb Code    36  stm32g4xx_it.o(i.USART1_IRQHandler)
    UsageFault_Handler                       0x080055ed   Thumb Code     4  stm32g4xx_it.o(i.UsageFault_Handler)
    __0printf                                0x080055f1   Thumb Code    22  printfa.o(i.__0printf)
    __1printf                                0x080055f1   Thumb Code     0  printfa.o(i.__0printf)
    __2printf                                0x080055f1   Thumb Code     0  printfa.o(i.__0printf)
    __c89printf                              0x080055f1   Thumb Code     0  printfa.o(i.__0printf)
    printf                                   0x080055f1   Thumb Code     0  printfa.o(i.__0printf)
    __0vsprintf                              0x08005611   Thumb Code    30  printfa.o(i.__0vsprintf)
    __1vsprintf                              0x08005611   Thumb Code     0  printfa.o(i.__0vsprintf)
    __2vsprintf                              0x08005611   Thumb Code     0  printfa.o(i.__0vsprintf)
    __c89vsprintf                            0x08005611   Thumb Code     0  printfa.o(i.__0vsprintf)
    vsprintf                                 0x08005611   Thumb Code     0  printfa.o(i.__0vsprintf)
    __scatterload_copy                       0x0800566d   Thumb Code    14  handlers.o(i.__scatterload_copy)
    __scatterload_null                       0x0800567b   Thumb Code     2  handlers.o(i.__scatterload_null)
    __scatterload_zeroinit                   0x0800567d   Thumb Code    14  handlers.o(i.__scatterload_zeroinit)
    adc_proc                                 0x08005f49   Thumb Code   240  adc_bsp.o(i.adc_proc)
    akebi_init                               0x08006051   Thumb Code    50  akebi.o(i.akebi_init)
    cheak_adc_change                         0x0800608d   Thumb Code   182  adc_bsp.o(i.cheak_adc_change)
    fputc                                    0x08006189   Thumb Code    20  usart.o(i.fputc)
    key_init                                 0x080061a1   Thumb Code    82  key_bsp.o(i.key_init)
    key_proc                                 0x080061fd   Thumb Code   254  key_bsp.o(i.key_proc)
    key_read                                 0x0800632d   Thumb Code    58  key_bsp.o(i.key_read)
    lcd_proc                                 0x0800636d   Thumb Code   156  lcd_bsp.o(i.lcd_proc)
    led_disp                                 0x080064c9   Thumb Code    88  led_bsp.o(i.led_disp)
    led_proc                                 0x0800652d   Thumb Code    64  led_bsp.o(i.led_proc)
    main                                     0x0800657d   Thumb Code   116  main.o(i.main)
    ringbuffer_adc_init                      0x08006601   Thumb Code   114  adc_bsp.o(i.ringbuffer_adc_init)
    ringbuffer_init                          0x0800667d   Thumb Code    26  ringbuffer.o(i.ringbuffer_init)
    ringbuffer_is_empty                      0x08006697   Thumb Code    14  ringbuffer.o(i.ringbuffer_is_empty)
    ringbuffer_is_full                       0x080066a5   Thumb Code    16  ringbuffer.o(i.ringbuffer_is_full)
    ringbuffer_read                          0x080066b5   Thumb Code    68  ringbuffer.o(i.ringbuffer_read)
    ringbuffer_write                         0x080066f9   Thumb Code    68  ringbuffer.o(i.ringbuffer_write)
    scheduler_init                           0x0800673d   Thumb Code     8  komichi.o(i.scheduler_init)
    scheduler_run                            0x08006749   Thumb Code    84  komichi.o(i.scheduler_run)
    usart_proc                               0x080067a9   Thumb Code   144  usart_bsp.o(i.usart_proc)
    UARTPrescTable                           0x08006898   Data          24  stm32g4xx_hal_uart.o(.constdata)
    AHBPrescTable                            0x080068c0   Data          16  system_stm32g4xx.o(.constdata)
    APBPrescTable                            0x080068d0   Data           8  system_stm32g4xx.o(.constdata)
    ASCII_Table                              0x080068d8   Data        4560  lcd.o(.constdata)
    __ctype_categories                       0x08007aa8   Data          64  ctype_c.o(.constdata)
    Region$$Table$$Base                      0x08007ae8   Number         0  anon$$obj.o(Region$$Table)
    Region$$Table$$Limit                     0x08007b08   Number         0  anon$$obj.o(Region$$Table)
    uwTick                                   0x20000004   Data           4  stm32g4xx_hal.o(.data)
    uwTickPrio                               0x20000008   Data           4  stm32g4xx_hal.o(.data)
    uwTickFreq                               0x2000000c   Data           4  stm32g4xx_hal.o(.data)
    SystemCoreClock                          0x20000010   Data           4  system_stm32g4xx.o(.data)
    now_time                                 0x20000014   Data           4  komichi.o(.data)
    task_num                                 0x20000018   Data           1  komichi.o(.data)
    ucled                                    0x20000058   Data           8  led_bsp.o(.data)
    key_adc_flag                             0x20000064   Data           1  key_bsp.o(.data)
    key_val                                  0x20000065   Data           1  key_bsp.o(.data)
    key_old                                  0x20000066   Data           1  key_bsp.o(.data)
    key_down                                 0x20000067   Data           1  key_bsp.o(.data)
    key_up                                   0x20000068   Data           1  key_bsp.o(.data)
    key_adc_point                            0x2000006c   Data           4  key_bsp.o(.data)
    record_time                              0x20000070   Data           4  key_bsp.o(.data)
    dummy                                    0x20000078   Data           2  lcd.o(.data)
    pd                                       0x2000007a   Data           2  lcd_bsp.o(.data)
    ph                                       0x2000007c   Data           2  lcd_bsp.o(.data)
    vh                                       0x2000007e   Data           2  lcd_bsp.o(.data)
    vd                                       0x20000080   Data           2  lcd_bsp.o(.data)
    Lcd_display_mode                         0x20000082   Data           1  lcd_bsp.o(.data)
    adc_value                                0x20000084   Data           8  adc_bsp.o(.data)
    flag_ph_vh                               0x2000008c   Data           1  adc_bsp.o(.data)
    head_point                               0x2000008d   Data           1  adc_bsp.o(.data)
    end_point                                0x2000008e   Data           1  adc_bsp.o(.data)
    flag_vd                                  0x2000008f   Data           1  adc_bsp.o(.data)
    diff                                     0x20000090   Data           4  adc_bsp.o(.data)
    __stdout                                 0x20000094   Data           4  stdout.o(.data)
    hadc1                                    0x20000098   Data         108  adc.o(.bss)
    hadc2                                    0x20000104   Data         108  adc.o(.bss)
    hdma_adc1                                0x20000170   Data          96  adc.o(.bss)
    hdma_adc2                                0x200001d0   Data          96  adc.o(.bss)
    uart_rx_buffer                           0x20000230   Data         128  usart.o(.bss)
    uart_rx_dma_buffer                       0x200002b0   Data         128  usart.o(.bss)
    huart1                                   0x20000330   Data         144  usart.o(.bss)
    hdma_usart1_rx                           0x200003c0   Data          96  usart.o(.bss)
    btns                                     0x20000420   Data          64  key_bsp.o(.bss)
    usart_rb                                 0x20000460   Data          44  usart_bsp.o(.bss)
    usart_read_buffer                        0x2000048c   Data          64  usart_bsp.o(.bss)
    dma_buff                                 0x200004cc   Data         240  adc_bsp.o(.bss)
    adc_buff                                 0x200005bc   Data         240  adc_bsp.o(.bss)
    __initial_sp                             0x20000ab0   Data           0  startup_stm32g431xx.o(STACK)



==============================================================================

Memory Map of the image

  Image Entry point : 0x080001d9

  Load Region LR_IROM1 (Base: 0x08000000, Size: 0x00007ba0, Max: 0x00020000, ABSOLUTE)

    Execution Region ER_IROM1 (Exec base: 0x08000000, Load base: 0x08000000, Size: 0x00007b08, Max: 0x00020000, ABSOLUTE)

    Exec Addr    Load Addr    Size         Type   Attr      Idx    E Section Name        Object

    0x08000000   0x08000000   0x000001d8   Data   RO            3    RESET               startup_stm32g431xx.o
    0x080001d8   0x080001d8   0x00000000   Code   RO         3723  * .ARM.Collect$$$$00000000  mc_w.l(entry.o)
    0x080001d8   0x080001d8   0x00000004   Code   RO         3997    .ARM.Collect$$$$00000001  mc_w.l(entry2.o)
    0x080001dc   0x080001dc   0x00000004   Code   RO         4000    .ARM.Collect$$$$00000004  mc_w.l(entry5.o)
    0x080001e0   0x080001e0   0x00000000   Code   RO         4002    .ARM.Collect$$$$00000008  mc_w.l(entry7b.o)
    0x080001e0   0x080001e0   0x00000000   Code   RO         4004    .ARM.Collect$$$$0000000A  mc_w.l(entry8b.o)
    0x080001e0   0x080001e0   0x00000008   Code   RO         4005    .ARM.Collect$$$$0000000B  mc_w.l(entry9a.o)
    0x080001e8   0x080001e8   0x00000000   Code   RO         4007    .ARM.Collect$$$$0000000D  mc_w.l(entry10a.o)
    0x080001e8   0x080001e8   0x00000000   Code   RO         4009    .ARM.Collect$$$$0000000F  mc_w.l(entry11a.o)
    0x080001e8   0x080001e8   0x00000004   Code   RO         3998    .ARM.Collect$$$$00002712  mc_w.l(entry2.o)
    0x080001ec   0x080001ec   0x00000024   Code   RO            4    .text               startup_stm32g431xx.o
    0x08000210   0x08000210   0x00000062   Code   RO         3726    .text               mc_w.l(uldiv.o)
    0x08000272   0x08000272   0x00000024   Code   RO         3728    .text               mc_w.l(memseta.o)
    0x08000296   0x08000296   0x0000001c   Code   RO         3730    .text               mc_w.l(strcmp.o)
    0x080002b2   0x080002b2   0x00000002   PAD
    0x080002b4   0x080002b4   0x00000038   Code   RO         3993    .text               mc_w.l(__0sscanf.o)
    0x080002ec   0x080002ec   0x0000014c   Code   RO         3995    .text               mc_w.l(_scanf_int.o)
    0x08000438   0x08000438   0x0000002c   Code   RO         4012    .text               mc_w.l(uidiv.o)
    0x08000464   0x08000464   0x0000001e   Code   RO         4014    .text               mc_w.l(llshl.o)
    0x08000482   0x08000482   0x00000020   Code   RO         4016    .text               mc_w.l(llushr.o)
    0x080004a2   0x080004a2   0x0000001c   Code   RO         4018    .text               mc_w.l(_chval.o)
    0x080004be   0x080004be   0x00000002   PAD
    0x080004c0   0x080004c0   0x00000028   Code   RO         4020    .text               mc_w.l(scanf_char.o)
    0x080004e8   0x080004e8   0x00000040   Code   RO         4022    .text               mc_w.l(_sgetc.o)
    0x08000528   0x08000528   0x00000000   Code   RO         4024    .text               mc_w.l(iusefp.o)
    0x08000528   0x08000528   0x0000014e   Code   RO         4025    .text               mf_w.l(dadd.o)
    0x08000676   0x08000676   0x000000e4   Code   RO         4027    .text               mf_w.l(dmul.o)
    0x0800075a   0x0800075a   0x000000de   Code   RO         4029    .text               mf_w.l(ddiv.o)
    0x08000838   0x08000838   0x00000030   Code   RO         4031    .text               mf_w.l(dfixul.o)
    0x08000868   0x08000868   0x00000030   Code   RO         4033    .text               mf_w.l(cdrcmple.o)
    0x08000898   0x08000898   0x00000024   Code   RO         4035    .text               mc_w.l(init.o)
    0x080008bc   0x080008bc   0x00000024   Code   RO         4037    .text               mc_w.l(llsshr.o)
    0x080008e0   0x080008e0   0x0000000a   Code   RO         4039    .text               mc_w.l(isspace_c.o)
    0x080008ea   0x080008ea   0x00000002   PAD
    0x080008ec   0x080008ec   0x0000032c   Code   RO         4041    .text               mc_w.l(_scanf.o)
    0x08000c18   0x08000c18   0x000000ba   Code   RO         4043    .text               mf_w.l(depilogue.o)
    0x08000cd2   0x08000cd2   0x00000002   PAD
    0x08000cd4   0x08000cd4   0x00000028   Code   RO         4045    .text               mc_w.l(ctype_c.o)
    0x08000cfc   0x08000cfc   0x00000018   Code   RO          364    i.ADC1_2_IRQHandler  stm32g4xx_it.o
    0x08000d14   0x08000d14   0x00000092   Code   RO          495    i.ADC_DMAConvCplt   stm32g4xx_hal_adc.o
    0x08000da6   0x08000da6   0x0000001e   Code   RO          496    i.ADC_DMAError      stm32g4xx_hal_adc.o
    0x08000dc4   0x08000dc4   0x0000000e   Code   RO          497    i.ADC_DMAHalfConvCplt  stm32g4xx_hal_adc.o
    0x08000dd2   0x08000dd2   0x00000002   PAD
    0x08000dd4   0x08000dd4   0x00000094   Code   RO          498    i.ADC_Disable       stm32g4xx_hal_adc.o
    0x08000e68   0x08000e68   0x00000084   Code   RO          499    i.ADC_Enable        stm32g4xx_hal_adc.o
    0x08000eec   0x08000eec   0x00000004   Code   RO          365    i.BusFault_Handler  stm32g4xx_it.o
    0x08000ef0   0x08000ef0   0x00000010   Code   RO          366    i.DMA1_Channel1_IRQHandler  stm32g4xx_it.o
    0x08000f00   0x08000f00   0x00000010   Code   RO          367    i.DMA1_Channel2_IRQHandler  stm32g4xx_it.o
    0x08000f10   0x08000f10   0x00000010   Code   RO          368    i.DMA1_Channel3_IRQHandler  stm32g4xx_it.o
    0x08000f20   0x08000f20   0x00000044   Code   RO         1899    i.DMA_CalcDMAMUXChannelBaseAndMask  stm32g4xx_hal_dma.o
    0x08000f64   0x08000f64   0x00000024   Code   RO         1900    i.DMA_CalcDMAMUXRequestGenBaseAndMask  stm32g4xx_hal_dma.o
    0x08000f88   0x08000f88   0x00000040   Code   RO         1901    i.DMA_SetConfig     stm32g4xx_hal_dma.o
    0x08000fc8   0x08000fc8   0x00000002   Code   RO          369    i.DebugMon_Handler  stm32g4xx_it.o
    0x08000fca   0x08000fca   0x0000001e   Code   RO         3343    i.Delay_LCD         lcd.o
    0x08000fe8   0x08000fe8   0x00000006   Code   RO           13    i.Error_Handler     main.o
    0x08000fee   0x08000fee   0x00000002   PAD
    0x08000ff0   0x08000ff0   0x000000b0   Code   RO          772    i.HAL_ADCEx_Calibration_Start  stm32g4xx_hal_adc_ex.o
    0x080010a0   0x080010a0   0x00000002   Code   RO          776    i.HAL_ADCEx_EndOfSamplingCallback  stm32g4xx_hal_adc_ex.o
    0x080010a2   0x080010a2   0x00000002   Code   RO          779    i.HAL_ADCEx_InjectedConvCpltCallback  stm32g4xx_hal_adc_ex.o
    0x080010a4   0x080010a4   0x00000002   Code   RO          782    i.HAL_ADCEx_InjectedQueueOverflowCallback  stm32g4xx_hal_adc_ex.o
    0x080010a6   0x080010a6   0x00000002   Code   RO          787    i.HAL_ADCEx_LevelOutOfWindow2Callback  stm32g4xx_hal_adc_ex.o
    0x080010a8   0x080010a8   0x00000002   Code   RO          788    i.HAL_ADCEx_LevelOutOfWindow3Callback  stm32g4xx_hal_adc_ex.o
    0x080010aa   0x080010aa   0x00000002   PAD
    0x080010ac   0x080010ac   0x0000010c   Code   RO          789    i.HAL_ADCEx_MultiModeConfigChannel  stm32g4xx_hal_adc_ex.o
    0x080011b8   0x080011b8   0x00000508   Code   RO          501    i.HAL_ADC_ConfigChannel  stm32g4xx_hal_adc.o
    0x080016c0   0x080016c0   0x00000002   Code   RO          502    i.HAL_ADC_ConvCpltCallback  stm32g4xx_hal_adc.o
    0x080016c2   0x080016c2   0x00000002   Code   RO          503    i.HAL_ADC_ConvHalfCpltCallback  stm32g4xx_hal_adc.o
    0x080016c4   0x080016c4   0x00000002   Code   RO          505    i.HAL_ADC_ErrorCallback  stm32g4xx_hal_adc.o
    0x080016c6   0x080016c6   0x00000002   PAD
    0x080016c8   0x080016c8   0x00000330   Code   RO          509    i.HAL_ADC_IRQHandler  stm32g4xx_hal_adc.o
    0x080019f8   0x080019f8   0x00000268   Code   RO          510    i.HAL_ADC_Init      stm32g4xx_hal_adc.o
    0x08001c60   0x08001c60   0x00000002   Code   RO          511    i.HAL_ADC_LevelOutOfWindowCallback  stm32g4xx_hal_adc.o
    0x08001c62   0x08001c62   0x00000002   PAD
    0x08001c64   0x08001c64   0x000001c8   Code   RO          239    i.HAL_ADC_MspInit   adc.o
    0x08001e2c   0x08001e2c   0x00000114   Code   RO          518    i.HAL_ADC_Start_DMA  stm32g4xx_hal_adc.o
    0x08001f40   0x08001f40   0x00000076   Code   RO         1902    i.HAL_DMA_Abort     stm32g4xx_hal_dma.o
    0x08001fb6   0x08001fb6   0x00000094   Code   RO         1903    i.HAL_DMA_Abort_IT  stm32g4xx_hal_dma.o
    0x0800204a   0x0800204a   0x000000fe   Code   RO         1907    i.HAL_DMA_IRQHandler  stm32g4xx_hal_dma.o
    0x08002148   0x08002148   0x000000d0   Code   RO         1908    i.HAL_DMA_Init      stm32g4xx_hal_dma.o
    0x08002218   0x08002218   0x000000c2   Code   RO         1912    i.HAL_DMA_Start_IT  stm32g4xx_hal_dma.o
    0x080022da   0x080022da   0x00000002   PAD
    0x080022dc   0x080022dc   0x00000028   Code   RO         1013    i.HAL_Delay         stm32g4xx_hal.o
    0x08002304   0x08002304   0x000001d8   Code   RO         1764    i.HAL_GPIO_Init     stm32g4xx_hal_gpio.o
    0x080024dc   0x080024dc   0x00000010   Code   RO         1766    i.HAL_GPIO_ReadPin  stm32g4xx_hal_gpio.o
    0x080024ec   0x080024ec   0x0000000a   Code   RO         1768    i.HAL_GPIO_WritePin  stm32g4xx_hal_gpio.o
    0x080024f6   0x080024f6   0x00000002   PAD
    0x080024f8   0x080024f8   0x0000000c   Code   RO         1017    i.HAL_GetTick       stm32g4xx_hal.o
    0x08002504   0x08002504   0x00000018   Code   RO         1020    i.HAL_IncTick       stm32g4xx_hal.o
    0x0800251c   0x0800251c   0x0000001e   Code   RO         1021    i.HAL_Init          stm32g4xx_hal.o
    0x0800253a   0x0800253a   0x00000002   PAD
    0x0800253c   0x0800253c   0x00000058   Code   RO         1022    i.HAL_InitTick      stm32g4xx_hal.o
    0x08002594   0x08002594   0x00000044   Code   RO          470    i.HAL_MspInit       stm32g4xx_hal_msp.o
    0x080025d8   0x080025d8   0x00000028   Code   RO         2411    i.HAL_NVIC_EnableIRQ  stm32g4xx_hal_cortex.o
    0x08002600   0x08002600   0x0000007a   Code   RO         2417    i.HAL_NVIC_SetPriority  stm32g4xx_hal_cortex.o
    0x0800267a   0x0800267a   0x00000002   PAD
    0x0800267c   0x0800267c   0x00000028   Code   RO         2418    i.HAL_NVIC_SetPriorityGrouping  stm32g4xx_hal_cortex.o
    0x080026a4   0x080026a4   0x00000118   Code   RO         2167    i.HAL_PWREx_ControlVoltageScaling  stm32g4xx_hal_pwr_ex.o
    0x080027bc   0x080027bc   0x00000014   Code   RO         2179    i.HAL_PWREx_DisableUCPDDeadBattery  stm32g4xx_hal_pwr_ex.o
    0x080027d0   0x080027d0   0x00000370   Code   RO         1371    i.HAL_RCCEx_PeriphCLKConfig  stm32g4xx_hal_rcc_ex.o
    0x08002b40   0x08002b40   0x00000224   Code   RO         1241    i.HAL_RCC_ClockConfig  stm32g4xx_hal_rcc.o
    0x08002d64   0x08002d64   0x0000000c   Code   RO         1247    i.HAL_RCC_GetHCLKFreq  stm32g4xx_hal_rcc.o
    0x08002d70   0x08002d70   0x00000024   Code   RO         1249    i.HAL_RCC_GetPCLK1Freq  stm32g4xx_hal_rcc.o
    0x08002d94   0x08002d94   0x00000024   Code   RO         1250    i.HAL_RCC_GetPCLK2Freq  stm32g4xx_hal_rcc.o
    0x08002db8   0x08002db8   0x00000098   Code   RO         1251    i.HAL_RCC_GetSysClockFreq  stm32g4xx_hal_rcc.o
    0x08002e50   0x08002e50   0x00000568   Code   RO         1254    i.HAL_RCC_OscConfig  stm32g4xx_hal_rcc.o
    0x080033b8   0x080033b8   0x00000034   Code   RO         2422    i.HAL_SYSTICK_Config  stm32g4xx_hal_cortex.o
    0x080033ec   0x080033ec   0x0000004e   Code   RO         3007    i.HAL_UARTEx_DisableFifoMode  stm32g4xx_hal_uart_ex.o
    0x0800343a   0x0800343a   0x00000066   Code   RO         3012    i.HAL_UARTEx_ReceiveToIdle_DMA  stm32g4xx_hal_uart_ex.o
    0x080034a0   0x080034a0   0x0000002c   Code   RO         3598    i.HAL_UARTEx_RxEventCallback  usart_bsp.o
    0x080034cc   0x080034cc   0x00000002   Code   RO         3014    i.HAL_UARTEx_RxFifoFullCallback  stm32g4xx_hal_uart_ex.o
    0x080034ce   0x080034ce   0x0000005e   Code   RO         3015    i.HAL_UARTEx_SetRxFifoThreshold  stm32g4xx_hal_uart_ex.o
    0x0800352c   0x0800352c   0x0000005e   Code   RO         3016    i.HAL_UARTEx_SetTxFifoThreshold  stm32g4xx_hal_uart_ex.o
    0x0800358a   0x0800358a   0x00000002   Code   RO         3018    i.HAL_UARTEx_TxFifoEmptyCallback  stm32g4xx_hal_uart_ex.o
    0x0800358c   0x0800358c   0x00000002   Code   RO         3019    i.HAL_UARTEx_WakeupCallback  stm32g4xx_hal_uart_ex.o
    0x0800358e   0x0800358e   0x00000002   Code   RO         2607    i.HAL_UART_ErrorCallback  stm32g4xx_hal_uart.o
    0x08003590   0x08003590   0x00000308   Code   RO         2610    i.HAL_UART_IRQHandler  stm32g4xx_hal_uart.o
    0x08003898   0x08003898   0x00000078   Code   RO         2611    i.HAL_UART_Init     stm32g4xx_hal_uart.o
    0x08003910   0x08003910   0x000000e4   Code   RO          312    i.HAL_UART_MspInit  usart.o
    0x080039f4   0x080039f4   0x00000064   Code   RO         2616    i.HAL_UART_Receive_IT  stm32g4xx_hal_uart.o
    0x08003a58   0x08003a58   0x00000002   Code   RO         2618    i.HAL_UART_RxCpltCallback  stm32g4xx_hal_uart.o
    0x08003a5a   0x08003a5a   0x00000002   Code   RO         2619    i.HAL_UART_RxHalfCpltCallback  stm32g4xx_hal_uart.o
    0x08003a5c   0x08003a5c   0x000000d6   Code   RO         2620    i.HAL_UART_Transmit  stm32g4xx_hal_uart.o
    0x08003b32   0x08003b32   0x00000002   Code   RO         2623    i.HAL_UART_TxCpltCallback  stm32g4xx_hal_uart.o
    0x08003b34   0x08003b34   0x00000004   Code   RO          370    i.HardFault_Handler  stm32g4xx_it.o
    0x08003b38   0x08003b38   0x00000030   Code   RO         3344    i.LCD_BusIn         lcd.o
    0x08003b68   0x08003b68   0x00000030   Code   RO         3345    i.LCD_BusOut        lcd.o
    0x08003b98   0x08003b98   0x00000026   Code   RO         3346    i.LCD_Clear         lcd.o
    0x08003bbe   0x08003bbe   0x00000002   PAD
    0x08003bc0   0x08003bc0   0x000000c4   Code   RO         3348    i.LCD_CtrlLinesConfig  lcd.o
    0x08003c84   0x08003c84   0x00000028   Code   RO         3349    i.LCD_DisplayChar   lcd.o
    0x08003cac   0x08003cac   0x0000002c   Code   RO         3352    i.LCD_DisplayStringLine  lcd.o
    0x08003cd8   0x08003cd8   0x0000006c   Code   RO         3353    i.LCD_DrawChar      lcd.o
    0x08003d44   0x08003d44   0x00000038   Code   RO         3359    i.LCD_Init          lcd.o
    0x08003d7c   0x08003d7c   0x000000ac   Code   RO         3362    i.LCD_ReadReg       lcd.o
    0x08003e28   0x08003e28   0x00000010   Code   RO         3363    i.LCD_SetBackColor  lcd.o
    0x08003e38   0x08003e38   0x00000018   Code   RO         3364    i.LCD_SetCursor     lcd.o
    0x08003e50   0x08003e50   0x00000010   Code   RO         3366    i.LCD_SetTextColor  lcd.o
    0x08003e60   0x08003e60   0x00000078   Code   RO         3369    i.LCD_WriteRAM      lcd.o
    0x08003ed8   0x08003ed8   0x00000078   Code   RO         3370    i.LCD_WriteRAM_Prepare  lcd.o
    0x08003f50   0x08003f50   0x00000090   Code   RO         3371    i.LCD_WriteReg      lcd.o
    0x08003fe0   0x08003fe0   0x00000010   Code   RO          524    i.LL_ADC_Enable     stm32g4xx_hal_adc.o
    0x08003ff0   0x08003ff0   0x0000000a   Code   RO          525    i.LL_ADC_GetMultimode  stm32g4xx_hal_adc.o
    0x08003ffa   0x08003ffa   0x00000012   Code   RO          526    i.LL_ADC_GetOffsetChannel  stm32g4xx_hal_adc.o
    0x0800400c   0x0800400c   0x0000000a   Code   RO          527    i.LL_ADC_INJ_IsConversionOngoing  stm32g4xx_hal_adc.o
    0x08004016   0x08004016   0x0000000a   Code   RO          528    i.LL_ADC_IsDisableOngoing  stm32g4xx_hal_adc.o
    0x08004020   0x08004020   0x0000000a   Code   RO          529    i.LL_ADC_IsEnabled  stm32g4xx_hal_adc.o
    0x0800402a   0x0800402a   0x0000000a   Code   RO          801    i.LL_ADC_IsEnabled  stm32g4xx_hal_adc_ex.o
    0x08004034   0x08004034   0x0000000a   Code   RO          530    i.LL_ADC_IsInternalRegulatorEnabled  stm32g4xx_hal_adc.o
    0x0800403e   0x0800403e   0x0000000a   Code   RO          531    i.LL_ADC_REG_IsConversionOngoing  stm32g4xx_hal_adc.o
    0x08004048   0x08004048   0x0000000a   Code   RO          802    i.LL_ADC_REG_IsConversionOngoing  stm32g4xx_hal_adc_ex.o
    0x08004052   0x08004052   0x00000012   Code   RO          532    i.LL_ADC_REG_IsTriggerSourceSWStart  stm32g4xx_hal_adc.o
    0x08004064   0x08004064   0x00000010   Code   RO          533    i.LL_ADC_REG_StartConversion  stm32g4xx_hal_adc.o
    0x08004074   0x08004074   0x00000028   Code   RO          535    i.LL_ADC_SetChannelSamplingTime  stm32g4xx_hal_adc.o
    0x0800409c   0x0800409c   0x0000000c   Code   RO          536    i.LL_ADC_SetCommonPathInternalCh  stm32g4xx_hal_adc.o
    0x080040a8   0x080040a8   0x00000016   Code   RO          537    i.LL_ADC_SetOffsetState  stm32g4xx_hal_adc.o
    0x080040be   0x080040be   0x0000000c   Code   RO          538    i.LL_ADC_SetSamplingTimeCommonConfig  stm32g4xx_hal_adc.o
    0x080040ca   0x080040ca   0x0000002a   Code   RO         3554    i.LcdSprintf        lcd_bsp.o
    0x080040f4   0x080040f4   0x000000a4   Code   RO          240    i.MX_ADC1_Init      adc.o
    0x08004198   0x08004198   0x0000008c   Code   RO          241    i.MX_ADC2_Init      adc.o
    0x08004224   0x08004224   0x00000070   Code   RO          287    i.MX_DMA_Init       dma.o
    0x08004294   0x08004294   0x00000140   Code   RO          214    i.MX_GPIO_Init      gpio.o
    0x080043d4   0x080043d4   0x0000009c   Code   RO          313    i.MX_USART1_UART_Init  usart.o
    0x08004470   0x08004470   0x00000004   Code   RO          371    i.MemManage_Handler  stm32g4xx_it.o
    0x08004474   0x08004474   0x00000004   Code   RO          372    i.NMI_Handler       stm32g4xx_it.o
    0x08004478   0x08004478   0x00000002   Code   RO          373    i.PendSV_Handler    stm32g4xx_it.o
    0x0800447a   0x0800447a   0x00000002   PAD
    0x0800447c   0x0800447c   0x00000068   Code   RO         1255    i.RCC_GetSysClockFreqFromPLLSource  stm32g4xx_hal_rcc.o
    0x080044e4   0x080044e4   0x00000120   Code   RO         3372    i.REG_8230_Init     lcd.o
    0x08004604   0x08004604   0x00000200   Code   RO         3373    i.REG_932X_Init     lcd.o
    0x08004804   0x08004804   0x00000002   Code   RO          374    i.SVC_Handler       stm32g4xx_it.o
    0x08004806   0x08004806   0x00000008   Code   RO          375    i.SysTick_Handler   stm32g4xx_it.o
    0x0800480e   0x0800480e   0x00000068   Code   RO           14    i.SystemClock_Config  main.o
    0x08004876   0x08004876   0x00000002   PAD
    0x08004878   0x08004878   0x00000014   Code   RO         3125    i.SystemInit        system_stm32g4xx.o
    0x0800488c   0x0800488c   0x00000058   Code   RO         3020    i.UARTEx_SetNbDataToProcess  stm32g4xx_hal_uart_ex.o
    0x080048e4   0x080048e4   0x000000f8   Code   RO         2625    i.UART_AdvFeatureConfig  stm32g4xx_hal_uart.o
    0x080049dc   0x080049dc   0x00000076   Code   RO         2626    i.UART_CheckIdleState  stm32g4xx_hal_uart.o
    0x08004a52   0x08004a52   0x00000018   Code   RO         2627    i.UART_DMAAbortOnError  stm32g4xx_hal_uart.o
    0x08004a6a   0x08004a6a   0x0000005e   Code   RO         2628    i.UART_DMAError     stm32g4xx_hal_uart.o
    0x08004ac8   0x08004ac8   0x0000006c   Code   RO         2629    i.UART_DMAReceiveCplt  stm32g4xx_hal_uart.o
    0x08004b34   0x08004b34   0x00000022   Code   RO         2631    i.UART_DMARxHalfCplt  stm32g4xx_hal_uart.o
    0x08004b56   0x08004b56   0x00000002   PAD
    0x08004b58   0x08004b58   0x0000003c   Code   RO         2637    i.UART_EndRxTransfer  stm32g4xx_hal_uart.o
    0x08004b94   0x08004b94   0x00000022   Code   RO         2638    i.UART_EndTransmit_IT  stm32g4xx_hal_uart.o
    0x08004bb6   0x08004bb6   0x00000020   Code   RO         2639    i.UART_EndTxTransfer  stm32g4xx_hal_uart.o
    0x08004bd6   0x08004bd6   0x00000092   Code   RO         2640    i.UART_RxISR_16BIT  stm32g4xx_hal_uart.o
    0x08004c68   0x08004c68   0x00000164   Code   RO         2641    i.UART_RxISR_16BIT_FIFOEN  stm32g4xx_hal_uart.o
    0x08004dcc   0x08004dcc   0x0000008e   Code   RO         2642    i.UART_RxISR_8BIT   stm32g4xx_hal_uart.o
    0x08004e5a   0x08004e5a   0x00000002   PAD
    0x08004e5c   0x08004e5c   0x00000164   Code   RO         2643    i.UART_RxISR_8BIT_FIFOEN  stm32g4xx_hal_uart.o
    0x08004fc0   0x08004fc0   0x0000038c   Code   RO         2644    i.UART_SetConfig    stm32g4xx_hal_uart.o
    0x0800534c   0x0800534c   0x000000a0   Code   RO         2645    i.UART_Start_Receive_DMA  stm32g4xx_hal_uart.o
    0x080053ec   0x080053ec   0x00000110   Code   RO         2646    i.UART_Start_Receive_IT  stm32g4xx_hal_uart.o
    0x080054fc   0x080054fc   0x000000be   Code   RO         2651    i.UART_WaitOnFlagUntilTimeout  stm32g4xx_hal_uart.o
    0x080055ba   0x080055ba   0x00000002   PAD
    0x080055bc   0x080055bc   0x00000030   Code   RO          376    i.USART1_IRQHandler  stm32g4xx_it.o
    0x080055ec   0x080055ec   0x00000004   Code   RO          377    i.UsageFault_Handler  stm32g4xx_it.o
    0x080055f0   0x080055f0   0x00000020   Code   RO         3965    i.__0printf         mc_w.l(printfa.o)
    0x08005610   0x08005610   0x00000024   Code   RO         3971    i.__0vsprintf       mc_w.l(printfa.o)
    0x08005634   0x08005634   0x00000010   Code   RO         2424    i.__NVIC_GetPriorityGrouping  stm32g4xx_hal_cortex.o
    0x08005644   0x08005644   0x00000028   Code   RO         2425    i.__NVIC_SetPriority  stm32g4xx_hal_cortex.o
    0x0800566c   0x0800566c   0x0000000e   Code   RO         4050    i.__scatterload_copy  mc_w.l(handlers.o)
    0x0800567a   0x0800567a   0x00000002   Code   RO         4051    i.__scatterload_null  mc_w.l(handlers.o)
    0x0800567c   0x0800567c   0x0000000e   Code   RO         4052    i.__scatterload_zeroinit  mc_w.l(handlers.o)
    0x0800568a   0x0800568a   0x00000002   PAD
    0x0800568c   0x0800568c   0x00000184   Code   RO         3972    i._fp_digits        mc_w.l(printfa.o)
    0x08005810   0x08005810   0x000006dc   Code   RO         3973    i._printf_core      mc_w.l(printfa.o)
    0x08005eec   0x08005eec   0x00000024   Code   RO         3974    i._printf_post_padding  mc_w.l(printfa.o)
    0x08005f10   0x08005f10   0x0000002e   Code   RO         3975    i._printf_pre_padding  mc_w.l(printfa.o)
    0x08005f3e   0x08005f3e   0x0000000a   Code   RO         3977    i._sputc            mc_w.l(printfa.o)
    0x08005f48   0x08005f48   0x00000108   Code   RO         3682    i.adc_proc          adc_bsp.o
    0x08006050   0x08006050   0x0000003c   Code   RO         3161    i.akebi_init        akebi.o
    0x0800608c   0x0800608c   0x000000fc   Code   RO         3683    i.cheak_adc_change  adc_bsp.o
    0x08006188   0x08006188   0x00000018   Code   RO          314    i.fputc             usart.o
    0x080061a0   0x080061a0   0x0000005c   Code   RO         3291    i.key_init          key_bsp.o
    0x080061fc   0x080061fc   0x00000130   Code   RO         3292    i.key_proc          key_bsp.o
    0x0800632c   0x0800632c   0x00000040   Code   RO         3293    i.key_read          key_bsp.o
    0x0800636c   0x0800636c   0x0000015c   Code   RO         3555    i.lcd_proc          lcd_bsp.o
    0x080064c8   0x080064c8   0x00000064   Code   RO         3254    i.led_disp          led_bsp.o
    0x0800652c   0x0800652c   0x00000050   Code   RO         3255    i.led_proc          led_bsp.o
    0x0800657c   0x0800657c   0x00000084   Code   RO           15    i.main              main.o
    0x08006600   0x08006600   0x0000007c   Code   RO         3684    i.ringbuffer_adc_init  adc_bsp.o
    0x0800667c   0x0800667c   0x0000001a   Code   RO         3634    i.ringbuffer_init   ringbuffer.o
    0x08006696   0x08006696   0x0000000e   Code   RO         3635    i.ringbuffer_is_empty  ringbuffer.o
    0x080066a4   0x080066a4   0x00000010   Code   RO         3636    i.ringbuffer_is_full  ringbuffer.o
    0x080066b4   0x080066b4   0x00000044   Code   RO         3637    i.ringbuffer_read   ringbuffer.o
    0x080066f8   0x080066f8   0x00000044   Code   RO         3638    i.ringbuffer_write  ringbuffer.o
    0x0800673c   0x0800673c   0x0000000c   Code   RO         3218    i.scheduler_init    komichi.o
    0x08006748   0x08006748   0x00000060   Code   RO         3219    i.scheduler_run     komichi.o
    0x080067a8   0x080067a8   0x000000f0   Code   RO         3599    i.usart_proc        usart_bsp.o
    0x08006898   0x08006898   0x00000018   Data   RO         2652    .constdata          stm32g4xx_hal_uart.o
    0x080068b0   0x080068b0   0x00000010   Data   RO         3022    .constdata          stm32g4xx_hal_uart_ex.o
    0x080068c0   0x080068c0   0x00000018   Data   RO         3126    .constdata          system_stm32g4xx.o
    0x080068d8   0x080068d8   0x000011d0   Data   RO         3374    .constdata          lcd.o
    0x08007aa8   0x08007aa8   0x00000040   Data   RO         4046    .constdata          mc_w.l(ctype_c.o)
    0x08007ae8   0x08007ae8   0x00000020   Data   RO         4048    Region$$Table       anon$$obj.o


    Execution Region RW_IRAM1 (Exec base: 0x20000000, Load base: 0x08007b08, Size: 0x00000ab0, Max: 0x00008000, ABSOLUTE)

    Exec Addr    Load Addr    Size         Type   Attr      Idx    E Section Name        Object

    0x20000000   0x08007b08   0x00000004   Data   RW          243    .data               adc.o
    0x20000004   0x08007b0c   0x0000000c   Data   RW         1041    .data               stm32g4xx_hal.o
    0x20000010   0x08007b18   0x00000004   Data   RW         3127    .data               system_stm32g4xx.o
    0x20000014   0x08007b1c   0x00000044   Data   RW         3220    .data               komichi.o
    0x20000058   0x08007b60   0x00000009   Data   RW         3256    .data               led_bsp.o
    0x20000061   0x08007b69   0x00000003   PAD
    0x20000064   0x08007b6c   0x00000010   Data   RW         3297    .data               key_bsp.o
    0x20000074   0x08007b7c   0x00000006   Data   RW         3375    .data               lcd.o
    0x2000007a   0x08007b82   0x00000009   Data   RW         3556    .data               lcd_bsp.o
    0x20000083   0x08007b8b   0x00000001   PAD
    0x20000084   0x08007b8c   0x00000010   Data   RW         3686    .data               adc_bsp.o
    0x20000094   0x08007b9c   0x00000004   Data   RW         4011    .data               mc_w.l(stdout.o)
    0x20000098        -       0x00000198   Zero   RW          242    .bss                adc.o
    0x20000230        -       0x000001f0   Zero   RW          315    .bss                usart.o
    0x20000420        -       0x00000040   Zero   RW         3296    .bss                key_bsp.o
    0x20000460        -       0x0000006c   Zero   RW         3600    .bss                usart_bsp.o
    0x200004cc        -       0x000001e0   Zero   RW         3685    .bss                adc_bsp.o
    0x200006ac   0x08007ba0   0x00000004   PAD
    0x200006b0        -       0x00000400   Zero   RW            1    STACK               startup_stm32g431xx.o


==============================================================================

Image component sizes


      Code (inc. data)   RO Data    RW Data    ZI Data      Debug   Object Name

       760         54          0          4        408       2898   adc.o
       640        104          0         16        480       2879   adc_bsp.o
        60         10          0          0          0       2900   akebi.o
       112          6          0          0          0        822   dma.o
       320         16          0          0          0       1075   gpio.o
       460         66          0         16         64       2519   key_bsp.o
       108         16          0         68          0       1657   komichi.o
      2020         84       4560          6          0      11332   lcd.o
       390        192          0          9          0       2055   lcd_bsp.o
       180         28          0          9          0       1606   led_bsp.o
       242         16          0          0          0     611905   main.o
       192          0          0          0          0       3362   ringbuffer.o
        36          8        472          0       1024        840   startup_stm32g431xx.o
       194         32          0         12          0       4357   stm32g4xx_hal.o
      3688        128          0          0          0      86367   stm32g4xx_hal_adc.o
       474         18          0          0          0      72018   stm32g4xx_hal_adc_ex.o
       310         22          0          0          0      34383   stm32g4xx_hal_cortex.o
      1090         22          0          0          0       6350   stm32g4xx_hal_dma.o
       498         34          0          0          0       2959   stm32g4xx_hal_gpio.o
        68          6          0          0          0        862   stm32g4xx_hal_msp.o
       300         18          0          0          0       1421   stm32g4xx_hal_pwr_ex.o
      2272        108          0          0          0       6996   stm32g4xx_hal_rcc.o
       880          8          0          0          0       1888   stm32g4xx_hal_rcc_ex.o
      4500        132         24          0          0      39494   stm32g4xx_hal_uart.o
       462         10         16          0          0       6357   stm32g4xx_hal_uart_ex.o
       154         38          0          0          0       6835   stm32g4xx_it.o
        20          6         24          4          0       1147   system_stm32g4xx.o
       408         44          0          0        496       2771   usart.o
       284        106          0          0        108       2199   usart_bsp.o

    ----------------------------------------------------------------------
     21152       1332       5128        148       2584     922254   Object Totals
         0          0         32          0          0          0   (incl. Generated)
        30          0          0          4          4          0   (incl. Padding)

    ----------------------------------------------------------------------

      Code (inc. data)   RO Data    RW Data    ZI Data      Debug   Library Member Name

        56          8          0          0          0         84   __0sscanf.o
        28          0          0          0          0         68   _chval.o
       812          4          0          0          0        112   _scanf.o
       332          0          0          0          0         96   _scanf_int.o
        64          0          0          0          0         84   _sgetc.o
        40          6         64          0          0         68   ctype_c.o
         0          0          0          0          0          0   entry.o
         0          0          0          0          0          0   entry10a.o
         0          0          0          0          0          0   entry11a.o
         8          4          0          0          0          0   entry2.o
         4          0          0          0          0          0   entry5.o
         0          0          0          0          0          0   entry7b.o
         0          0          0          0          0          0   entry8b.o
         8          4          0          0          0          0   entry9a.o
        30          0          0          0          0          0   handlers.o
        36          8          0          0          0         68   init.o
        10          0          0          0          0         68   isspace_c.o
         0          0          0          0          0          0   iusefp.o
        30          0          0          0          0         68   llshl.o
        36          0          0          0          0         68   llsshr.o
        32          0          0          0          0         68   llushr.o
        36          0          0          0          0        108   memseta.o
      2304         96          0          0          0        600   printfa.o
        40          8          0          0          0         84   scanf_char.o
         0          0          0          4          0          0   stdout.o
        28          0          0          0          0         76   strcmp.o
        44          0          0          0          0         80   uidiv.o
        98          0          0          0          0         92   uldiv.o
        48          0          0          0          0         68   cdrcmple.o
       334          0          0          0          0        148   dadd.o
       222          0          0          0          0        100   ddiv.o
       186          0          0          0          0        176   depilogue.o
        48          0          0          0          0         68   dfixul.o
       228          0          0          0          0         96   dmul.o

    ----------------------------------------------------------------------
      5152        138         64          4          0       2548   Library Totals
        10          0          0          0          0          0   (incl. Padding)

    ----------------------------------------------------------------------

      Code (inc. data)   RO Data    RW Data    ZI Data      Debug   Library Name

      4076        138         64          4          0       1892   mc_w.l
      1066          0          0          0          0        656   mf_w.l

    ----------------------------------------------------------------------
      5152        138         64          4          0       2548   Library Totals

    ----------------------------------------------------------------------

==============================================================================


      Code (inc. data)   RO Data    RW Data    ZI Data      Debug   

     26304       1470       5192        152       2584     907854   Grand Totals
     26304       1470       5192        152       2584     907854   ELF Image Totals
     26304       1470       5192        152          0          0   ROM Totals

==============================================================================

    Total RO  Size (Code + RO Data)                31496 (  30.76kB)
    Total RW  Size (RW Data + ZI Data)              2736 (   2.67kB)
    Total ROM Size (Code + RO Data + RW Data)      31648 (  30.91kB)

==============================================================================

